Archive member included to satisfy reference by file (symbol)

/usr/lib/gcc/arm-none-eabi/13.2.1/thumb/v7e-m/nofp/libgcc.a(_aeabi_uldivmod.o)
                              cmake/stm32cubemx/CMakeFiles/STM32_Drivers.dir/__/__/Drivers/STM32L4xx_HAL_Driver/Src/stm32l4xx_hal_uart.c.o (__aeabi_uldivmod)
/usr/lib/gcc/arm-none-eabi/13.2.1/thumb/v7e-m/nofp/libgcc.a(_udivmoddi4.o)
                              /usr/lib/gcc/arm-none-eabi/13.2.1/thumb/v7e-m/nofp/libgcc.a(_aeabi_uldivmod.o) (__udivmoddi4)
/usr/lib/gcc/arm-none-eabi/13.2.1/thumb/v7e-m/nofp/libgcc.a(_dvmd_tls.o)
                              /usr/lib/gcc/arm-none-eabi/13.2.1/thumb/v7e-m/nofp/libgcc.a(_aeabi_uldivmod.o) (__aeabi_ldiv0)
/usr/lib/gcc/arm-none-eabi/13.2.1/../../../arm-none-eabi/lib/thumb/v7e-m/nofp/libg.a(libc_a-memset.o)
                              /usr/lib/gcc/arm-none-eabi/13.2.1/../../../arm-none-eabi/lib/thumb/v7e-m/nofp/crt0.o (memset)
/usr/lib/gcc/arm-none-eabi/13.2.1/../../../arm-none-eabi/lib/thumb/v7e-m/nofp/libg.a(libc_a-fflush.o)
                              CMakeFiles/ThreatProxy.dir/Core/Src/main.c.o (fflush)
/usr/lib/gcc/arm-none-eabi/13.2.1/../../../arm-none-eabi/lib/thumb/v7e-m/nofp/libg.a(libc_a-errno.o)
                              CMakeFiles/ThreatProxy.dir/Core/Src/sysmem.c.o (__errno)
/usr/lib/gcc/arm-none-eabi/13.2.1/../../../arm-none-eabi/lib/thumb/v7e-m/nofp/libg.a(libc_a-impure.o)
                              CMakeFiles/ThreatProxy.dir/Core/Src/main.c.o (_impure_ptr)
/usr/lib/gcc/arm-none-eabi/13.2.1/../../../arm-none-eabi/lib/thumb/v7e-m/nofp/libg.a(libc_a-putchar.o)
                              CMakeFiles/ThreatProxy.dir/Core/Src/main.c.o (putchar)
/usr/lib/gcc/arm-none-eabi/13.2.1/../../../arm-none-eabi/lib/thumb/v7e-m/nofp/libg.a(libc_a-freer.o)
                              /usr/lib/gcc/arm-none-eabi/13.2.1/../../../arm-none-eabi/lib/thumb/v7e-m/nofp/libg.a(libc_a-fflush.o) (_free_r)
/usr/lib/gcc/arm-none-eabi/13.2.1/../../../arm-none-eabi/lib/thumb/v7e-m/nofp/libg.a(libc_a-putc.o)
                              /usr/lib/gcc/arm-none-eabi/13.2.1/../../../arm-none-eabi/lib/thumb/v7e-m/nofp/libg.a(libc_a-putchar.o) (_putc_r)
/usr/lib/gcc/arm-none-eabi/13.2.1/../../../arm-none-eabi/lib/thumb/v7e-m/nofp/libg.a(libc_a-sysconf.o)
                              /usr/lib/gcc/arm-none-eabi/13.2.1/../../../arm-none-eabi/lib/thumb/v7e-m/nofp/libg.a(libc_a-freer.o) (sysconf)
/usr/lib/gcc/arm-none-eabi/13.2.1/../../../arm-none-eabi/lib/thumb/v7e-m/nofp/libg.a(libc_a-init.o)
                              /usr/lib/gcc/arm-none-eabi/13.2.1/../../../arm-none-eabi/lib/thumb/v7e-m/nofp/crt0.o (__libc_init_array)
/usr/lib/gcc/arm-none-eabi/13.2.1/../../../arm-none-eabi/lib/thumb/v7e-m/nofp/libg.a(libc_a-wbuf.o)
                              /usr/lib/gcc/arm-none-eabi/13.2.1/../../../arm-none-eabi/lib/thumb/v7e-m/nofp/libg.a(libc_a-putc.o) (__swbuf_r)
/usr/lib/gcc/arm-none-eabi/13.2.1/../../../arm-none-eabi/lib/thumb/v7e-m/nofp/libg.a(libc_a-mlock.o)
                              /usr/lib/gcc/arm-none-eabi/13.2.1/../../../arm-none-eabi/lib/thumb/v7e-m/nofp/libg.a(libc_a-freer.o) (__malloc_lock)
/usr/lib/gcc/arm-none-eabi/13.2.1/../../../arm-none-eabi/lib/thumb/v7e-m/nofp/libg.a(libc_a-findfp.o)
                              /usr/lib/gcc/arm-none-eabi/13.2.1/../../../arm-none-eabi/lib/thumb/v7e-m/nofp/libg.a(libc_a-fflush.o) (__sinit)
/usr/lib/gcc/arm-none-eabi/13.2.1/../../../arm-none-eabi/lib/thumb/v7e-m/nofp/libg.a(libc_a-puts.o)
                              CMakeFiles/ThreatProxy.dir/Core/Src/main.c.o (puts)
/usr/lib/gcc/arm-none-eabi/13.2.1/../../../arm-none-eabi/lib/thumb/v7e-m/nofp/libg.a(libc_a-fvwrite.o)
                              /usr/lib/gcc/arm-none-eabi/13.2.1/../../../arm-none-eabi/lib/thumb/v7e-m/nofp/libg.a(libc_a-puts.o) (__sfvwrite_r)
/usr/lib/gcc/arm-none-eabi/13.2.1/../../../arm-none-eabi/lib/thumb/v7e-m/nofp/libg.a(libc_a-exit.o)
                              /usr/lib/gcc/arm-none-eabi/13.2.1/../../../arm-none-eabi/lib/thumb/v7e-m/nofp/crt0.o (exit)
/usr/lib/gcc/arm-none-eabi/13.2.1/../../../arm-none-eabi/lib/thumb/v7e-m/nofp/libg.a(libc_a-atexit.o)
                              /usr/lib/gcc/arm-none-eabi/13.2.1/../../../arm-none-eabi/lib/thumb/v7e-m/nofp/crt0.o (atexit)
/usr/lib/gcc/arm-none-eabi/13.2.1/../../../arm-none-eabi/lib/thumb/v7e-m/nofp/libg.a(libc_a-printf.o)
                              CMakeFiles/ThreatProxy.dir/Core/Src/main.c.o (printf)
/usr/lib/gcc/arm-none-eabi/13.2.1/../../../arm-none-eabi/lib/thumb/v7e-m/nofp/libg.a(libc_a-sbrkr.o)
                              /usr/lib/gcc/arm-none-eabi/13.2.1/../../../arm-none-eabi/lib/thumb/v7e-m/nofp/libg.a(libc_a-freer.o) (_sbrk_r)
/usr/lib/gcc/arm-none-eabi/13.2.1/../../../arm-none-eabi/lib/thumb/v7e-m/nofp/libg.a(libc_a-fini.o)
                              /usr/lib/gcc/arm-none-eabi/13.2.1/../../../arm-none-eabi/lib/thumb/v7e-m/nofp/crt0.o (__libc_fini_array)
[...]
Memory Configuration

Name             Origin             Length             Attributes
RAM              0x20000000         0x00018000         xrw
RAM2             0x10000000         0x00008000         xrw
FLASH            0x08000000         0x00100000         xr
*default*        0x00000000         0xffffffff

Linker script and memory map

LOAD /usr/lib/gcc/arm-none-eabi/13.2.1/thumb/v7e-m/nofp/crti.o
LOAD /usr/lib/gcc/arm-none-eabi/13.2.1/thumb/v7e-m/nofp/crtbegin.o
LOAD /usr/lib/gcc/arm-none-eabi/13.2.1/../../../arm-none-eabi/lib/thumb/v7e-m/nofp/crt0.o
LOAD CMakeFiles/ThreatProxy.dir/Core/Src/main.c.o
LOAD CMakeFiles/ThreatProxy.dir/Core/Src/stm32l4xx_it.c.o
LOAD CMakeFiles/ThreatProxy.dir/Core/Src/stm32l4xx_hal_msp.c.o
LOAD CMakeFiles/ThreatProxy.dir/Core/Src/sysmem.c.o
LOAD CMakeFiles/ThreatProxy.dir/Core/Src/syscalls.c.o
LOAD CMakeFiles/ThreatProxy.dir/startup_stm32l475xx.s.o
LOAD cmake/stm32cubemx/CMakeFiles/STM32_Drivers.dir/__/__/Core/Src/system_stm32l4xx.c.o
LOAD cmake/stm32cubemx/CMakeFiles/STM32_Drivers.dir/__/__/Drivers/STM32L4xx_HAL_Driver/Src/stm32l4xx_hal_dfsdm.c.o
LOAD cmake/stm32cubemx/CMakeFiles/STM32_Drivers.dir/__/__/Drivers/STM32L4xx_HAL_Driver/Src/stm32l4xx_hal.c.o
LOAD cmake/stm32cubemx/CMakeFiles/STM32_Drivers.dir/__/__/Drivers/STM32L4xx_HAL_Driver/Src/stm32l4xx_hal_rcc.c.o
LOAD cmake/stm32cubemx/CMakeFiles/STM32_Drivers.dir/__/__/Drivers/STM32L4xx_HAL_Driver/Src/stm32l4xx_hal_rcc_ex.c.o
LOAD cmake/stm32cubemx/CMakeFiles/STM32_Drivers.dir/__/__/Drivers/STM32L4xx_HAL_Driver/Src/stm32l4xx_hal_flash.c.o
LOAD cmake/stm32cubemx/CMakeFiles/STM32_Drivers.dir/__/__/Drivers/STM32L4xx_HAL_Driver/Src/stm32l4xx_hal_flash_ex.c.o
LOAD cmake/stm32cubemx/CMakeFiles/STM32_Drivers.dir/__/__/Drivers/STM32L4xx_HAL_Driver/Src/stm32l4xx_hal_flash_ramfunc.c.o
LOAD cmake/stm32cubemx/CMakeFiles/STM32_Drivers.dir/__/__/Drivers/STM32L4xx_HAL_Driver/Src/stm32l4xx_hal_gpio.c.o
LOAD cmake/stm32cubemx/CMakeFiles/STM32_Drivers.dir/__/__/Drivers/STM32L4xx_HAL_Driver/Src/stm32l4xx_hal_i2c.c.o
LOAD cmake/stm32cubemx/CMakeFiles/STM32_Drivers.dir/__/__/Drivers/STM32L4xx_HAL_Driver/Src/stm32l4xx_hal_i2c_ex.c.o
LOAD cmake/stm32cubemx/CMakeFiles/STM32_Drivers.dir/__/__/Drivers/STM32L4xx_HAL_Driver/Src/stm32l4xx_hal_dma.c.o
LOAD cmake/stm32cubemx/CMakeFiles/STM32_Drivers.dir/__/__/Drivers/STM32L4xx_HAL_Driver/Src/stm32l4xx_hal_dma_ex.c.o
LOAD cmake/stm32cubemx/CMakeFiles/STM32_Drivers.dir/__/__/Drivers/STM32L4xx_HAL_Driver/Src/stm32l4xx_hal_pwr.c.o
LOAD cmake/stm32cubemx/CMakeFiles/STM32_Drivers.dir/__/__/Drivers/STM32L4xx_HAL_Driver/Src/stm32l4xx_hal_pwr_ex.c.o
LOAD cmake/stm32cubemx/CMakeFiles/STM32_Drivers.dir/__/__/Drivers/STM32L4xx_HAL_Driver/Src/stm32l4xx_hal_cortex.c.o
LOAD cmake/stm32cubemx/CMakeFiles/STM32_Drivers.dir/__/__/Drivers/STM32L4xx_HAL_Driver/Src/stm32l4xx_hal_exti.c.o
LOAD cmake/stm32cubemx/CMakeFiles/STM32_Drivers.dir/__/__/Drivers/STM32L4xx_HAL_Driver/Src/stm32l4xx_hal_qspi.c.o
LOAD cmake/stm32cubemx/CMakeFiles/STM32_Drivers.dir/__/__/Drivers/STM32L4xx_HAL_Driver/Src/stm32l4xx_hal_spi.c.o
LOAD cmake/stm32cubemx/CMakeFiles/STM32_Drivers.dir/__/__/Drivers/STM32L4xx_HAL_Driver/Src/stm32l4xx_hal_spi_ex.c.o
LOAD cmake/stm32cubemx/CMakeFiles/STM32_Drivers.dir/__/__/Drivers/STM32L4xx_HAL_Driver/Src/stm32l4xx_hal_uart.c.o
LOAD cmake/stm32cubemx/CMakeFiles/STM32_Drivers.dir/__/__/Drivers/STM32L4xx_HAL_Driver/Src/stm32l4xx_hal_uart_ex.c.o
LOAD cmake/stm32cubemx/CMakeFiles/STM32_Drivers.dir/__/__/Drivers/STM32L4xx_HAL_Driver/Src/stm32l4xx_hal_pcd.c.o
LOAD cmake/stm32cubemx/CMakeFiles/STM32_Drivers.dir/__/__/Drivers/STM32L4xx_HAL_Driver/Src/stm32l4xx_hal_pcd_ex.c.o
LOAD cmake/stm32cubemx/CMakeFiles/STM32_Drivers.dir/__/__/Drivers/STM32L4xx_HAL_Driver/Src/stm32l4xx_ll_usb.c.o
START GROUP
LOAD /usr/lib/gcc/arm-none-eabi/13.2.1/thumb/v7e-m/nofp/libgcc.a
LOAD /usr/lib/gcc/arm-none-eabi/13.2.1/../../../arm-none-eabi/lib/thumb/v7e-m/nofp/libg.a
LOAD /usr/lib/gcc/arm-none-eabi/13.2.1/../../../arm-none-eabi/lib/thumb/v7e-m/nofp/libc.a
END GROUP
LOAD /usr/lib/gcc/arm-none-eabi/13.2.1/thumb/v7e-m/nofp/crtend.o
LOAD /usr/lib/gcc/arm-none-eabi/13.2.1/thumb/v7e-m/nofp/crtn.o
                0x20018000                        _estack = (ORIGIN (RAM) + LENGTH (RAM))
                0x00000200                        _Min_Heap_Size = 0x200
                0x00000400                        _Min_Stack_Size = 0x400

.isr_vector     0x08000000      0x188
                0x08000000                        . = ALIGN (0x8)
 *(.isr_vector)
 .isr_vector    0x08000000      0x188 CMakeFiles/ThreatProxy.dir/startup_stm32l475xx.s.o
                0x08000000                g_pfnVectors
                0x08000188                        . = ALIGN (0x8)

.text           0x080001c0    0x205d0
                0x080001c0                        . = ALIGN (0x8)
 *(.text)
 .text          0x080001c0       0x88 /usr/lib/gcc/arm-none-eabi/13.2.1/thumb/v7e-m/nofp/crtbegin.o
 .text          0x08000248      0xa30 CMakeFiles/ThreatProxy.dir/Core/Src/main.c.o
                0x08000248                _write
                0x08000274                main
                0x0800053c                SystemClock_Config
                0x08000c6c                Error_Handler
 .text          0x08000c78       0xa0 CMakeFiles/ThreatProxy.dir/Core/Src/stm32l4xx_it.c.o
                0x08000c78                NMI_Handler
                0x08000c7e                HardFault_Handler
                0x08000c84                MemManage_Handler
                0x08000c8a                BusFault_Handler
                0x08000c90                UsageFault_Handler
                0x08000c96                SVC_Handler
                0x08000ca2                DebugMon_Handler
                0x08000cae                PendSV_Handler
                0x08000cba                SysTick_Handler
                0x08000cc6                EXTI9_5_IRQHandler
                0x08000ce8                EXTI15_10_IRQHandler
 .text          0x08000d18      0x780 CMakeFiles/ThreatProxy.dir/Core/Src/stm32l4xx_hal_msp.c.o
                0x08000d18                HAL_MspInit
                0x08000d5c                HAL_DFSDM_ChannelMspInit
                0x08000e24                HAL_DFSDM_ChannelMspDeInit
                0x08000e68                HAL_I2C_MspInit
                0x08000f24                HAL_I2C_MspDeInit
                0x08000f6c                HAL_QSPI_MspInit
                0x08000ff4                HAL_QSPI_MspDeInit
                0x08001030                HAL_SPI_MspInit
                0x08001108                HAL_SPI_MspDeInit
                0x08001144                HAL_UART_MspInit
                0x0800128c                HAL_UART_MspDeInit
                0x080012f0                HAL_PCD_MspInit
                0x08001428                HAL_PCD_MspDeInit
 .text          0x08001498       0x6c CMakeFiles/ThreatProxy.dir/Core/Src/sysmem.c.o
                0x08001498                _sbrk
 .text          0x08001504      0x202 CMakeFiles/ThreatProxy.dir/Core/Src/syscalls.c.o
                0x08001504                initialise_monitor_handles
                0x08001510                _getpid
                0x0800151e                _kill
                0x0800153e                _exit
                0x08001552                _read
                0x080015c4                _close
                0x080015da                _fstat
                0x080015f8                _isatty
                0x0800160c                _lseek
                0x08001624                _open
                0x0800163e                _wait
                0x0800165c                _unlink
                0x0800167a                _times
                0x08001690                _stat
                0x080016ae                _link
                0x080016ce                _fork
                0x080016e4                _execve
 *fill*         0x08001706        0x2 
 .text          0x08001708      0x168 cmake/stm32cubemx/CMakeFiles/STM32_Drivers.dir/__/__/Core/Src/system_stm32l4xx.c.o
                0x08001708                SystemInit
                0x08001714                SystemCoreClockUpdate
 .text          0x08001870     0x1cb0 cmake/stm32cubemx/CMakeFiles/STM32_Drivers.dir/__/__/Drivers/STM32L4xx_HAL_Driver/Src/stm32l4xx_hal_dfsdm.c.o
                0x08001870                HAL_DFSDM_ChannelInit
                0x080019f0                HAL_DFSDM_ChannelDeInit
                0x08001aa8                HAL_DFSDM_ChannelCkabStart
                0x08001b3c                HAL_DFSDM_ChannelPollForCkab
                0x08001bc0                HAL_DFSDM_ChannelCkabStop
                0x08001c14                HAL_DFSDM_ChannelCkabStart_IT
                0x08001cb4                HAL_DFSDM_ChannelCkabCallback
                0x08001cc6                HAL_DFSDM_ChannelCkabStop_IT
                0x08001d28                HAL_DFSDM_ChannelScdStart
                0x08001d8e                HAL_DFSDM_ChannelPollForScd
                0x08001e0c                HAL_DFSDM_ChannelScdStop
                0x08001e60                HAL_DFSDM_ChannelScdStart_IT
                0x08001ed8                HAL_DFSDM_ChannelScdCallback
                0x08001eea                HAL_DFSDM_ChannelScdStop_IT
                0x08001f4c                HAL_DFSDM_ChannelGetAwdValue
                0x08001f66                HAL_DFSDM_ChannelModifyOffset
                0x08001fb0                HAL_DFSDM_ChannelGetState
                0x08001fc8                HAL_DFSDM_FilterInit
                0x0800217c                HAL_DFSDM_FilterDeInit
                0x080021b6                HAL_DFSDM_FilterMspInit
                0x080021c8                HAL_DFSDM_FilterMspDeInit
                0x080021da                HAL_DFSDM_FilterConfigRegChannel
                0x08002262                HAL_DFSDM_FilterConfigInjChannel
                0x080022c0                HAL_DFSDM_FilterRegularStart
                0x080022f6                HAL_DFSDM_FilterPollForRegConversion
                0x080023a2                HAL_DFSDM_FilterRegularStop
                0x080023d8                HAL_DFSDM_FilterRegularStart_IT
                0x0800241e                HAL_DFSDM_FilterRegularStop_IT
                0x08002464                HAL_DFSDM_FilterRegularStart_DMA
                0x08002568                HAL_DFSDM_FilterRegularMsbStart_DMA
                0x0800266c                HAL_DFSDM_FilterRegularStop_DMA
                0x080026ac                HAL_DFSDM_FilterGetRegularValue
                0x080026e8                HAL_DFSDM_FilterInjectedStart
                0x0800271e                HAL_DFSDM_FilterPollForInjConversion
                0x080027ea                HAL_DFSDM_FilterInjectedStop
                0x08002820                HAL_DFSDM_FilterInjectedStart_IT
                0x08002866                HAL_DFSDM_FilterInjectedStop_IT
                0x080028ac                HAL_DFSDM_FilterInjectedStart_DMA
                0x080029a0                HAL_DFSDM_FilterInjectedMsbStart_DMA
                0x08002a94                HAL_DFSDM_FilterInjectedStop_DMA
                0x08002ad4                HAL_DFSDM_FilterGetInjectedValue
                0x08002b10                HAL_DFSDM_FilterAwdStart_IT
                0x08002be2                HAL_DFSDM_FilterAwdStop_IT
                0x08002c62                HAL_DFSDM_FilterExdStart
                0x08002cc0                HAL_DFSDM_FilterExdStop
                0x08002d16                HAL_DFSDM_FilterGetExdMaxValue
                0x08002d52                HAL_DFSDM_FilterGetExdMinValue
                0x08002d8e                HAL_DFSDM_FilterGetConvTimeValue
                0x08002db0                HAL_DFSDM_IRQHandler
                0x08003078                HAL_DFSDM_FilterRegConvCpltCallback
                0x0800308a                HAL_DFSDM_FilterRegConvHalfCpltCallback
                0x0800309c                HAL_DFSDM_FilterInjConvCpltCallback
                0x080030ae                HAL_DFSDM_FilterInjConvHalfCpltCallback
                0x080030c0                HAL_DFSDM_FilterAwdCallback
                0x080030d6                HAL_DFSDM_FilterErrorCallback
                0x080030e8                HAL_DFSDM_FilterGetState
                0x08003100                HAL_DFSDM_FilterGetError
 .text          0x08003520      0x4ec cmake/stm32cubemx/CMakeFiles/STM32_Drivers.dir/__/__/Drivers/STM32L4xx_HAL_Driver/Src/stm32l4xx_hal.c.o
                0x08003520                HAL_Init
                0x08003550                HAL_DeInit
                0x080035c4                HAL_MspDeInit
                0x080035d0                HAL_InitTick
                0x08003648                HAL_IncTick
                0x0800366c                HAL_GetTick
                0x08003680                HAL_GetTickPrio
                0x08003694                HAL_SetTickFreq
                0x080036e4                HAL_GetTickFreq
                0x080036f8                HAL_Delay
                0x08003740                HAL_SuspendTick
                0x0800375c                HAL_ResumeTick
                0x08003778                HAL_GetHalVersion
                0x0800378c                HAL_GetREVID
                0x080037a4                HAL_GetDEVID
                0x080037bc                HAL_GetUIDw0
                0x080037d0                HAL_GetUIDw1
                0x080037e4                HAL_GetUIDw2
                0x080037f8                HAL_DBGMCU_EnableDBGSleepMode
                0x08003814                HAL_DBGMCU_DisableDBGSleepMode
                0x08003830                HAL_DBGMCU_EnableDBGStopMode
                0x0800384c                HAL_DBGMCU_DisableDBGStopMode
                0x08003868                HAL_DBGMCU_EnableDBGStandbyMode
                0x08003884                HAL_DBGMCU_DisableDBGStandbyMode
                0x080038a0                HAL_SYSCFG_SRAM2Erase
                0x080038c8                HAL_SYSCFG_EnableMemorySwappingBank
                0x080038e0                HAL_SYSCFG_DisableMemorySwappingBank
                0x080038f8                HAL_SYSCFG_VREFBUF_VoltageScalingConfig
                0x08003920                HAL_SYSCFG_VREFBUF_HighImpedanceConfig
                0x08003948                HAL_SYSCFG_VREFBUF_TrimmingConfig
                0x08003970                HAL_SYSCFG_EnableVREFBUF
                0x080039b8                HAL_SYSCFG_DisableVREFBUF
                0x080039d4                HAL_SYSCFG_EnableIOAnalogSwitchBooster
                0x080039f0                HAL_SYSCFG_DisableIOAnalogSwitchBooster
 .text          0x08003a0c     0x1010 cmake/stm32cubemx/CMakeFiles/STM32_Drivers.dir/__/__/Drivers/STM32L4xx_HAL_Driver/Src/stm32l4xx_hal_rcc.c.o
                0x08003a0c                HAL_RCC_DeInit
                0x08003b50                HAL_RCC_OscConfig
                0x08004308                HAL_RCC_ClockConfig
                0x08004508                HAL_RCC_MCOConfig
                0x08004570                HAL_RCC_GetSysClockFreq
                0x08004684                HAL_RCC_GetHCLKFreq
                0x08004698                HAL_RCC_GetPCLK1Freq
                0x080046c4                HAL_RCC_GetPCLK2Freq
                0x080046f0                HAL_RCC_GetOscConfig
                0x08004878                HAL_RCC_GetClockConfig
                0x080048d8                HAL_RCC_EnableCSS
                0x080048f4                HAL_RCC_NMI_IRQHandler
                0x0800491c                HAL_RCC_CSSCallback
                0x08004928                HAL_RCC_GetResetSource
 .text          0x08004a1c     0x1d4c cmake/stm32cubemx/CMakeFiles/STM32_Drivers.dir/__/__/Drivers/STM32L4xx_HAL_Driver/Src/stm32l4xx_hal_rcc_ex.c.o
                0x08004a1c                HAL_RCCEx_PeriphCLKConfig
                0x08004ff0                HAL_RCCEx_GetPeriphCLKConfig
                0x080051d0                HAL_RCCEx_GetPeriphCLKFreq
                0x08005cac                HAL_RCCEx_EnablePLLSAI1
                0x08005d7c                HAL_RCCEx_DisablePLLSAI1
                0x08005df0                HAL_RCCEx_EnablePLLSAI2
                0x08005eb4                HAL_RCCEx_DisablePLLSAI2
                0x08005f28                HAL_RCCEx_WakeUpStopCLKConfig
                0x08005f50                HAL_RCCEx_StandbyMSIRangeConfig
                0x08005f7c                HAL_RCCEx_EnableLSECSS
                0x08005f9c                HAL_RCCEx_DisableLSECSS
                0x08005fc8                HAL_RCCEx_EnableLSECSS_IT
                0x08006010                HAL_RCCEx_LSECSS_IRQHandler
                0x08006038                HAL_RCCEx_LSECSS_Callback
                0x08006044                HAL_RCCEx_EnableLSCO
                0x08006128                HAL_RCCEx_DisableLSCO
                0x080061b0                HAL_RCCEx_EnableMSIPLLMode
                0x080061cc                HAL_RCCEx_DisableMSIPLLMode
 .text          0x08006768      0x658 cmake/stm32cubemx/CMakeFiles/STM32_Drivers.dir/__/__/Drivers/STM32L4xx_HAL_Driver/Src/stm32l4xx_hal_gpio.c.o
                0x08006768                HAL_GPIO_Init
                0x08006ab8                HAL_GPIO_DeInit
                0x08006ca0                HAL_GPIO_ReadPin
                0x08006cce                HAL_GPIO_WritePin
                0x08006cfc                HAL_GPIO_TogglePin
                0x08006d2e                HAL_GPIO_LockPin
                0x08006d7c                HAL_GPIO_EXTI_IRQHandler
                0x08006dac                HAL_GPIO_EXTI_Callback
 .text          0x08006dc0     0x557c cmake/stm32cubemx/CMakeFiles/STM32_Drivers.dir/__/__/Drivers/STM32L4xx_HAL_Driver/Src/stm32l4xx_hal_i2c.c.o
                0x08006dc0                HAL_I2C_Init
                0x08006ef6                HAL_I2C_DeInit
                0x08006f78                HAL_I2C_Master_Transmit
                0x080071a8                HAL_I2C_Master_Receive
                0x08007394                HAL_I2C_Slave_Transmit
                0x0800762e                HAL_I2C_Slave_Receive
                0x0800784e                HAL_I2C_Master_Transmit_IT
                0x08007980                HAL_I2C_Master_Receive_IT
                0x08007a60                HAL_I2C_Slave_Transmit_IT
                0x08007b3c                HAL_I2C_Slave_Receive_IT
                0x08007bdc                HAL_I2C_Master_Transmit_DMA
                0x08007e04                HAL_I2C_Master_Receive_DMA
                0x08007fe4                HAL_I2C_Slave_Transmit_DMA
                0x080081bc                HAL_I2C_Slave_Receive_DMA
                0x08008328                HAL_I2C_Mem_Write
                0x08008550                HAL_I2C_Mem_Read
                0x08008784                HAL_I2C_Mem_Write_IT
                0x08008898                HAL_I2C_Mem_Read_IT
                0x080089a4                HAL_I2C_Mem_Write_DMA
                0x08008b70                HAL_I2C_Mem_Read_DMA
                0x08008d3c                HAL_I2C_IsDeviceReady
                0x08008f24                HAL_I2C_Master_Seq_Transmit_IT
                0x080090a0                HAL_I2C_Master_Seq_Transmit_DMA
                0x0800933e                HAL_I2C_Master_Seq_Receive_IT
                0x08009444                HAL_I2C_Master_Seq_Receive_DMA
                0x0800964c                HAL_I2C_Slave_Seq_Transmit_IT
                0x080097b0                HAL_I2C_Slave_Seq_Transmit_DMA
                0x08009a3c                HAL_I2C_Slave_Seq_Receive_IT
                0x08009ba0                HAL_I2C_Slave_Seq_Receive_DMA
                0x08009e2c                HAL_I2C_EnableListen_IT
                0x08009e6c                HAL_I2C_DisableListen_IT
                0x08009ece                HAL_I2C_Master_Abort_IT
                0x08009f78                HAL_I2C_EV_IRQHandler
                0x08009fac                HAL_I2C_ER_IRQHandler
                0x0800a06e                HAL_I2C_MasterTxCpltCallback
                0x0800a080                HAL_I2C_MasterRxCpltCallback
                0x0800a092                HAL_I2C_SlaveTxCpltCallback
                0x0800a0a4                HAL_I2C_SlaveRxCpltCallback
                0x0800a0b6                HAL_I2C_AddrCallback
                0x0800a0d0                HAL_I2C_ListenCpltCallback
                0x0800a0e2                HAL_I2C_MemTxCpltCallback
                0x0800a0f4                HAL_I2C_MemRxCpltCallback
                0x0800a106                HAL_I2C_ErrorCallback
                0x0800a118                HAL_I2C_AbortCpltCallback
                0x0800a12a                HAL_I2C_GetState
                0x0800a144                HAL_I2C_GetMode
                0x0800a15e                HAL_I2C_GetError
 .text          0x0800c33c      0x2ac cmake/stm32cubemx/CMakeFiles/STM32_Drivers.dir/__/__/Drivers/STM32L4xx_HAL_Driver/Src/stm32l4xx_hal_i2c_ex.c.o
                0x0800c33c                HAL_I2CEx_ConfigAnalogFilter
                0x0800c3d0                HAL_I2CEx_ConfigDigitalFilter
                0x0800c466                HAL_I2CEx_EnableWakeUp
                0x0800c4e8                HAL_I2CEx_DisableWakeUp
                0x0800c56a                HAL_I2CEx_EnableFastModePlus
                0x0800c5a8                HAL_I2CEx_DisableFastModePlus
 .text          0x0800c5e8      0x988 cmake/stm32cubemx/CMakeFiles/STM32_Drivers.dir/__/__/Drivers/STM32L4xx_HAL_Driver/Src/stm32l4xx_hal_dma.c.o
                0x0800c5e8                HAL_DMA_Init
                0x0800c758                HAL_DMA_DeInit
                0x0800c87c                HAL_DMA_Start
                0x0800c908                HAL_DMA_Start_IT
                0x0800c9ce                HAL_DMA_Abort
                0x0800ca4e                HAL_DMA_Abort_IT
                0x0800cad0                HAL_DMA_PollForTransfer
                0x0800cc1e                HAL_DMA_IRQHandler
                0x0800cda8                HAL_DMA_RegisterCallback
                0x0800ce36                HAL_DMA_UnRegisterCallback
                0x0800cee0                HAL_DMA_GetState
                0x0800cefa                HAL_DMA_GetError
 .text          0x0800cf70      0x304 cmake/stm32cubemx/CMakeFiles/STM32_Drivers.dir/__/__/Drivers/STM32L4xx_HAL_Driver/Src/stm32l4xx_hal_pwr.c.o
                0x0800cf70                HAL_PWR_DeInit
                0x0800cf98                HAL_PWR_EnableBkUpAccess
                0x0800cfb4                HAL_PWR_DisableBkUpAccess
                0x0800cfd0                HAL_PWR_ConfigPVD
                0x0800d090                HAL_PWR_EnablePVD
                0x0800d0ac                HAL_PWR_DisablePVD
                0x0800d0c8                HAL_PWR_EnableWakeUpPin
                0x0800d108                HAL_PWR_DisableWakeUpPin
                0x0800d130                HAL_PWR_EnterSLEEPMode
                0x0800d198                HAL_PWR_EnterSTOPMode
                0x0800d1c6                HAL_PWR_EnterSTANDBYMode
                0x0800d1f8                HAL_PWR_EnableSleepOnExit
                0x0800d214                HAL_PWR_DisableSleepOnExit
                0x0800d230                HAL_PWR_EnableSEVOnPend
                0x0800d24c                HAL_PWR_DisableSEVOnPend
                0x0800d268                HAL_PWR_PVDCallback
 .text          0x0800d274      0xc88 cmake/stm32cubemx/CMakeFiles/STM32_Drivers.dir/__/__/Drivers/STM32L4xx_HAL_Driver/Src/stm32l4xx_hal_pwr_ex.c.o
                0x0800d274                HAL_PWREx_GetVoltageRange
                0x0800d28c                HAL_PWREx_ControlVoltageScaling
                0x0800d334                HAL_PWREx_EnableBatteryCharging
                0x0800d368                HAL_PWREx_DisableBatteryCharging
                0x0800d384                HAL_PWREx_EnableVddUSB
                0x0800d3a0                HAL_PWREx_DisableVddUSB
                0x0800d3bc                HAL_PWREx_EnableVddIO2
                0x0800d3d8                HAL_PWREx_DisableVddIO2
                0x0800d3f4                HAL_PWREx_EnableInternalWakeUpLine
                0x0800d410                HAL_PWREx_DisableInternalWakeUpLine
                0x0800d42c                HAL_PWREx_EnableGPIOPullUp
                0x0800d574                HAL_PWREx_DisableGPIOPullUp
                0x0800d650                HAL_PWREx_EnableGPIOPullDown
                0x0800d798                HAL_PWREx_DisableGPIOPullDown
                0x0800d878                HAL_PWREx_EnablePullUpPullDownConfig
                0x0800d894                HAL_PWREx_DisablePullUpPullDownConfig
                0x0800d8b0                HAL_PWREx_EnableSRAM2ContentRetention
                0x0800d8c0                HAL_PWREx_DisableSRAM2ContentRetention
                0x0800d8ce                HAL_PWREx_SetSRAM2ContentRetention
                0x0800d914                HAL_PWREx_EnablePVM1
                0x0800d930                HAL_PWREx_DisablePVM1
                0x0800d94c                HAL_PWREx_EnablePVM2
                0x0800d968                HAL_PWREx_DisablePVM2
                0x0800d984                HAL_PWREx_EnablePVM3
                0x0800d9a0                HAL_PWREx_DisablePVM3
                0x0800d9bc                HAL_PWREx_EnablePVM4
                0x0800d9d8                HAL_PWREx_DisablePVM4
                0x0800d9f4                HAL_PWREx_ConfigPVM
                0x0800dc96                HAL_PWREx_EnableLowPowerRunMode
                0x0800dcb4                HAL_PWREx_DisableLowPowerRunMode
                0x0800dd24                HAL_PWREx_EnterSTOP0Mode
                0x0800dd74                HAL_PWREx_EnterSTOP1Mode
                0x0800ddc8                HAL_PWREx_EnterSTOP2Mode
                0x0800de1c                HAL_PWREx_EnterSHUTDOWNMode
                0x0800de50                HAL_PWREx_PVD_PVM_IRQHandler
                0x0800decc                HAL_PWREx_PVM1Callback
                0x0800ded8                HAL_PWREx_PVM2Callback
                0x0800dee4                HAL_PWREx_PVM3Callback
                0x0800def0                HAL_PWREx_PVM4Callback
 .text          0x0800defc      0x674 cmake/stm32cubemx/CMakeFiles/STM32_Drivers.dir/__/__/Drivers/STM32L4xx_HAL_Driver/Src/stm32l4xx_hal_cortex.c.o
                0x0800e2b8                HAL_NVIC_SetPriorityGrouping
                0x0800e2ce                HAL_NVIC_SetPriority
                0x0800e306                HAL_NVIC_EnableIRQ
                0x0800e322                HAL_NVIC_DisableIRQ
                0x0800e33e                HAL_NVIC_SystemReset
                0x0800e346                HAL_SYSTICK_Config
                0x0800e35e                HAL_NVIC_GetPriorityGrouping
                0x0800e36c                HAL_NVIC_GetPriority
                0x0800e398                HAL_NVIC_SetPendingIRQ
                0x0800e3b4                HAL_NVIC_GetPendingIRQ
                0x0800e3d2                HAL_NVIC_ClearPendingIRQ
                0x0800e3ee                HAL_NVIC_GetActive
                0x0800e40c                HAL_SYSTICK_CLKSourceConfig
                0x0800e444                HAL_SYSTICK_IRQHandler
                0x0800e450                HAL_SYSTICK_Callback
                0x0800e45c                HAL_MPU_Enable
                0x0800e488                HAL_MPU_Disable
                0x0800e4a4                HAL_MPU_EnableRegion
                0x0800e4cc                HAL_MPU_DisableRegion
                0x0800e4f4                HAL_MPU_ConfigRegion
 .text          0x0800e570     0x1980 cmake/stm32cubemx/CMakeFiles/STM32_Drivers.dir/__/__/Drivers/STM32L4xx_HAL_Driver/Src/stm32l4xx_hal_qspi.c.o
                0x0800e570                HAL_QSPI_Init
                0x0800e65c                HAL_QSPI_DeInit
                0x0800e6c8                HAL_QSPI_IRQHandler
                0x0800ea48                HAL_QSPI_Command
                0x0800eb04                HAL_QSPI_Command_IT
                0x0800ebd0                HAL_QSPI_Transmit
                0x0800ecfe                HAL_QSPI_Receive
                0x0800ee42                HAL_QSPI_Transmit_IT
                0x0800ef0a                HAL_QSPI_Receive_IT
                0x0800efe6                HAL_QSPI_Transmit_DMA
                0x0800f1fc                HAL_QSPI_Receive_DMA
                0x0800f428                HAL_QSPI_AutoPolling
                0x0800f516                HAL_QSPI_AutoPolling_IT
                0x0800f606                HAL_QSPI_MemoryMapped
                0x0800f6ca                HAL_QSPI_ErrorCallback
                0x0800f6dc                HAL_QSPI_AbortCpltCallback
                0x0800f6ee                HAL_QSPI_CmdCpltCallback
                0x0800f700                HAL_QSPI_RxCpltCallback
                0x0800f712                HAL_QSPI_TxCpltCallback
                0x0800f724                HAL_QSPI_RxHalfCpltCallback
                0x0800f736                HAL_QSPI_TxHalfCpltCallback
                0x0800f748                HAL_QSPI_FifoThresholdCallback
                0x0800f75a                HAL_QSPI_StatusMatchCallback
                0x0800f76c                HAL_QSPI_TimeOutCallback
                0x0800f77e                HAL_QSPI_GetState
                0x0800f798                HAL_QSPI_GetError
                0x0800f7ae                HAL_QSPI_Abort
                0x0800f8a0                HAL_QSPI_Abort_IT
                0x0800f970                HAL_QSPI_SetTimeout
                0x0800f98a                HAL_QSPI_SetFifoThreshold
                0x0800f9f6                HAL_QSPI_GetFifoThreshold
 .text          0x0800fef0     0x2c98 cmake/stm32cubemx/CMakeFiles/STM32_Drivers.dir/__/__/Drivers/STM32L4xx_HAL_Driver/Src/stm32l4xx_hal_spi.c.o
                0x0800fef0                HAL_SPI_Init
                0x08010036                HAL_SPI_DeInit
                0x080100aa                HAL_SPI_Transmit
                0x08010396                HAL_SPI_Receive
                0x08010606                HAL_SPI_TransmitReceive
                0x08010a44                HAL_SPI_Transmit_IT
                0x08010b50                HAL_SPI_Receive_IT
                0x08010ca4                HAL_SPI_TransmitReceive_IT
                0x08010df8                HAL_SPI_Transmit_DMA
                0x08010fd4                HAL_SPI_Receive_DMA
                0x08011214                HAL_SPI_TransmitReceive_DMA
                0x08011520                HAL_SPI_Abort
                0x08011760                HAL_SPI_Abort_IT
                0x08011954                HAL_SPI_DMAPause
                0x08011996                HAL_SPI_DMAResume
                0x080119d8                HAL_SPI_DMAStop
                0x08011a56                HAL_SPI_IRQHandler
                0x08011c54                HAL_SPI_TxCpltCallback
                0x08011c66                HAL_SPI_RxCpltCallback
                0x08011c78                HAL_SPI_TxRxCpltCallback
                0x08011c8a                HAL_SPI_TxHalfCpltCallback
                0x08011c9c                HAL_SPI_RxHalfCpltCallback
                0x08011cae                HAL_SPI_TxRxHalfCpltCallback
                0x08011cc0                HAL_SPI_ErrorCallback
                0x08011cd2                HAL_SPI_AbortCpltCallback
                0x08011ce4                HAL_SPI_GetState
                0x08011cfe                HAL_SPI_GetError
 .text          0x08012b88     0x35b8 cmake/stm32cubemx/CMakeFiles/STM32_Drivers.dir/__/__/Drivers/STM32L4xx_HAL_Driver/Src/stm32l4xx_hal_uart.c.o
                0x08012b88                HAL_UART_Init
                0x08012c24                HAL_HalfDuplex_Init
                0x08012cd0                HAL_LIN_Init
                0x08012dac                HAL_MultiProcessor_Init
                0x08012e80                HAL_UART_DeInit
                0x08012f1e                HAL_UART_Transmit
                0x08013044                HAL_UART_Receive
                0x080131e4                HAL_UART_Transmit_IT
                0x080132a0                HAL_UART_Receive_IT
                0x08013338                HAL_UART_Transmit_DMA
                0x08013430                HAL_UART_Receive_DMA
                0x080134c8                HAL_UART_DMAPause
                0x080135e0                HAL_UART_DMAResume
                0x080136e4                HAL_UART_DMAStop
                0x08013808                HAL_UART_Abort
                0x080139ea                HAL_UART_AbortTransmit
                0x08013ab2                HAL_UART_AbortReceive
                0x08013c08                HAL_UART_Abort_IT
                0x08013e44                HAL_UART_AbortTransmit_IT
                0x08013f24                HAL_UART_AbortReceive_IT
                0x080140a4                HAL_UART_IRQHandler
                0x080146ae                HAL_UART_TxCpltCallback
                0x080146c0                HAL_UART_TxHalfCpltCallback
                0x080146d2                HAL_UART_RxCpltCallback
                0x080146e4                HAL_UART_RxHalfCpltCallback
                0x080146f6                HAL_UART_ErrorCallback
                0x08014708                HAL_UART_AbortCpltCallback
                0x0801471a                HAL_UART_AbortTransmitCpltCallback
                0x0801472c                HAL_UART_AbortReceiveCpltCallback
                0x0801473e                HAL_UARTEx_RxEventCallback
                0x08014754                HAL_UART_ReceiverTimeout_Config
                0x0801478c                HAL_UART_EnableReceiverTimeout
                0x080147f8                HAL_UART_DisableReceiverTimeout
                0x08014864                HAL_MultiProcessor_EnableMuteMode
                0x080148d0                HAL_MultiProcessor_DisableMuteMode
                0x0801493c                HAL_MultiProcessor_EnterMuteMode
                0x0801495e                HAL_HalfDuplex_EnableTransmitter
                0x08014a00                HAL_HalfDuplex_EnableReceiver
                0x08014aa2                HAL_LIN_SendBreak
                0x08014af0                HAL_UART_GetState
                0x08014b16                HAL_UART_GetError
                0x08014b2e                UART_SetConfig
                0x0801509c                UART_AdvFeatureConfig
                0x080151de                UART_CheckIdleState
                0x0801532e                UART_WaitOnFlagUntilTimeout
                0x08015408                UART_Start_Receive_IT
                0x08015594                UART_Start_Receive_DMA
 .text          0x08016140      0x72a cmake/stm32cubemx/CMakeFiles/STM32_Drivers.dir/__/__/Drivers/STM32L4xx_HAL_Driver/Src/stm32l4xx_hal_uart_ex.c.o
                0x08016140                HAL_RS485Ex_Init
                0x0801620e                HAL_UARTEx_WakeupCallback
                0x08016220                HAL_UARTEx_EnableClockStopMode
                0x08016286                HAL_UARTEx_DisableClockStopMode
                0x080162ec                HAL_MultiProcessorEx_AddressLength_Set
                0x0801634a                HAL_UARTEx_StopModeWakeUpSourceConfig
                0x080163fc                HAL_UARTEx_EnableStopMode
                0x08016460                HAL_UARTEx_DisableStopMode
                0x080164c4                HAL_UARTEx_ReceiveToIdle
                0x080166c8                HAL_UARTEx_ReceiveToIdle_IT
                0x08016768                HAL_UARTEx_ReceiveToIdle_DMA
                0x08016810                HAL_UARTEx_GetRxEventType
 *fill*         0x0801686a        0x2 
 .text          0x0801686c     0x1564 cmake/stm32cubemx/CMakeFiles/STM32_Drivers.dir/__/__/Drivers/STM32L4xx_HAL_Driver/Src/stm32l4xx_hal_pcd.c.o
                0x0801686c                HAL_PCD_Init
                0x08016a8a                HAL_PCD_DeInit
                0x08016af4                HAL_PCD_Start
                0x08016b52                HAL_PCD_Stop
                0x08016bbc                HAL_PCD_IRQHandler
                0x0801751c                HAL_PCD_DataOutStageCallback
                0x08017532                HAL_PCD_DataInStageCallback
                0x08017548                HAL_PCD_SetupStageCallback
                0x0801755a                HAL_PCD_SOFCallback
                0x0801756c                HAL_PCD_ResetCallback
                0x0801757e                HAL_PCD_SuspendCallback
                0x08017590                HAL_PCD_ResumeCallback
                0x080175a2                HAL_PCD_ISOOUTIncompleteCallback
                0x080175b8                HAL_PCD_ISOINIncompleteCallback
                0x080175ce                HAL_PCD_ConnectCallback
                0x080175e0                HAL_PCD_DisconnectCallback
                0x080175f2                HAL_PCD_DevConnect
                0x08017646                HAL_PCD_DevDisconnect
                0x0801769a                HAL_PCD_SetAddress
                0x080176e2                HAL_PCD_EP_Open
                0x080177b6                HAL_PCD_EP_Close
                0x0801784a                HAL_PCD_EP_Receive
                0x080178ae                HAL_PCD_EP_GetRxCount
                0x080178dc                HAL_PCD_EP_Transmit
                0x0801793e                HAL_PCD_EP_SetStall
                0x08017a02                HAL_PCD_EP_ClrStall
                0x08017aae                HAL_PCD_EP_Abort
                0x08017b10                HAL_PCD_EP_Flush
                0x08017b6a                HAL_PCD_ActivateRemoteWakeup
                0x08017b86                HAL_PCD_DeActivateRemoteWakeup
                0x08017ba2                HAL_PCD_GetState
 .text          0x08017dd0      0x2dc cmake/stm32cubemx/CMakeFiles/STM32_Drivers.dir/__/__/Drivers/STM32L4xx_HAL_Driver/Src/stm32l4xx_hal_pcd_ex.c.o
                0x08017dd0                HAL_PCDEx_SetTxFiFo
                0x08017e5c                HAL_PCDEx_SetRxFiFo
                0x08017e7c                HAL_PCDEx_ActivateLPM
                0x08017ec2                HAL_PCDEx_DeActivateLPM
                0x08017f00                HAL_PCDEx_BCD_VBUSDetect
                0x08017fe8                HAL_PCDEx_ActivateBCD
                0x0801803a                HAL_PCDEx_DeActivateBCD
                0x08018080                HAL_PCDEx_LPM_Callback
                0x08018096                HAL_PCDEx_BCD_Callback
 .text          0x080180ac     0x1d4c cmake/stm32cubemx/CMakeFiles/STM32_Drivers.dir/__/__/Drivers/STM32L4xx_HAL_Driver/Src/stm32l4xx_ll_usb.c.o
                0x080180ac                USB_CoreInit
                0x08018106                USB_SetTurnaroundTime
                0x0801823c                USB_EnableGlobalInt
                0x0801825c                USB_DisableGlobalInt
                0x0801827c                USB_SetCurrentMode
                0x08018314                USB_DevInit
                0x080185a4                USB_FlushTxFifo
                0x08018606                USB_FlushRxFifo
                0x08018660                USB_SetDevSpeed
                0x08018690                USB_GetDevSpeed
                0x080186cc                USB_ActivateEndpoint
                0x080187d8                USB_ActivateDedicatedEndpoint
                0x080188e6                USB_DeactivateEndpoint
                0x08018a9c                USB_DeactivateDedicatedEndpoint
                0x08018bfe                USB_EPStartXfer
                0x0801906c                USB_EPStopXfer
                0x08019264                USB_EPSetStall
                0x0801933e                USB_EPClearStall
                0x08019408                USB_WritePacket
                0x0801947a                USB_ReadPacket
                0x08019528                USB_StopDevice
                0x080195c6                USB_SetDevAddress
                0x08019610                USB_DevConnect
                0x08019650                USB_DevDisconnect
                0x08019690                USB_ReadInterrupts
                0x080196b4                USB_ReadChInterrupts
                0x080196f4                USB_ReadDevAllOutEpInterrupt
                0x08019726                USB_ReadDevAllInEpInterrupt
                0x08019758                USB_ReadDevOutEPInterrupt
                0x08019792                USB_ReadDevInEPInterrupt
                0x080197ec                USB_ClearInterrupts
                0x0801980c                USB_GetMode
                0x08019826                USB_ActivateSetup
                0x0801986a                USB_EP0_OutStart
                0x08019966                USB_HostInit
                0x08019a70                USB_InitFSLSPClkSel
                0x08019ae8                USB_ResetPort
                0x08019b3c                USB_DriveVbus
                0x08019bac                USB_GetHostSpeed
                0x08019bd8                USB_GetCurrentFrame
                0x08019bf8                USB_DoPing
                0x08019c6c                USB_StopHost
                0x08019d90                USB_ActivateRemoteWakeup
                0x08019dcc                USB_DeActivateRemoteWakeup
 .text          0x08019df8       0x30 /usr/lib/gcc/arm-none-eabi/13.2.1/thumb/v7e-m/nofp/libgcc.a(_aeabi_uldivmod.o)
                0x08019df8                __aeabi_uldivmod
 .text          0x08019e28      0x2bc /usr/lib/gcc/arm-none-eabi/13.2.1/thumb/v7e-m/nofp/libgcc.a(_udivmoddi4.o)
                0x08019e28                __udivmoddi4
 .text          0x0801a0e4        0x4 /usr/lib/gcc/arm-none-eabi/13.2.1/thumb/v7e-m/nofp/libgcc.a(_dvmd_tls.o)
                0x0801a0e4                __aeabi_ldiv0
                0x0801a0e4                __aeabi_idiv0
 .text          0x0801a0e8       0xa4 /usr/lib/gcc/arm-none-eabi/13.2.1/../../../arm-none-eabi/lib/thumb/v7e-m/nofp/libg.a(libc_a-memset.o)
                0x0801a0e8                memset
 .text          0x0801a18c      0x19c /usr/lib/gcc/arm-none-eabi/13.2.1/../../../arm-none-eabi/lib/thumb/v7e-m/nofp/libg.a(libc_a-fflush.o)
                0x0801a18c                __sflush_r
                0x0801a2b4                _fflush_r
                0x0801a2e0                fflush
 .text          0x0801a328        0xc /usr/lib/gcc/arm-none-eabi/13.2.1/../../../arm-none-eabi/lib/thumb/v7e-m/nofp/libg.a(libc_a-errno.o)
                0x0801a328                __errno
 .text          0x0801a334       0x18 /usr/lib/gcc/arm-none-eabi/13.2.1/../../../arm-none-eabi/lib/thumb/v7e-m/nofp/libg.a(libc_a-putchar.o)
                0x0801a334                _putchar_r
                0x0801a33c                putchar
 .text          0x0801a34c      0x2b0 /usr/lib/gcc/arm-none-eabi/13.2.1/../../../arm-none-eabi/lib/thumb/v7e-m/nofp/libg.a(libc_a-freer.o)
                0x0801a34c                _malloc_trim_r
                0x0801a404                _free_r
 .text          0x0801a5fc       0xa4 /usr/lib/gcc/arm-none-eabi/13.2.1/../../../arm-none-eabi/lib/thumb/v7e-m/nofp/libg.a(libc_a-putc.o)
                0x0801a5fc                _putc_r
                0x0801a648                putc
 .text          0x0801a6a0       0x1c /usr/lib/gcc/arm-none-eabi/13.2.1/../../../arm-none-eabi/lib/thumb/v7e-m/nofp/libg.a(libc_a-sysconf.o)
                0x0801a6a0                sysconf
 .text          0x0801a6bc       0x50 /usr/lib/gcc/arm-none-eabi/13.2.1/../../../arm-none-eabi/lib/thumb/v7e-m/nofp/libg.a(libc_a-init.o)
                0x0801a6bc                __libc_init_array
 .text          0x0801a70c       0xc4 /usr/lib/gcc/arm-none-eabi/13.2.1/../../../arm-none-eabi/lib/thumb/v7e-m/nofp/libg.a(libc_a-wbuf.o)
                0x0801a70c                __swbuf_r
                0x0801a7b8                __swbuf
 .text          0x0801a7d0        0x8 /usr/lib/gcc/arm-none-eabi/13.2.1/../../../arm-none-eabi/lib/thumb/v7e-m/nofp/libg.a(libc_a-mlock.o)
                0x0801a7d0                __malloc_lock
                0x0801a7d4                __malloc_unlock
 .text          0x0801a7d8      0x224 /usr/lib/gcc/arm-none-eabi/13.2.1/../../../arm-none-eabi/lib/thumb/v7e-m/nofp/libg.a(libc_a-findfp.o)
                0x0801a908                __sfp
                0x0801a9ac                __sinit
                0x0801a9cc                __sfp_lock_acquire
                0x0801a9d0                __sfp_lock_release
                0x0801a9d4                __fp_lock_all
                0x0801a9e8                __fp_unlock_all
 .text          0x0801a9fc       0x7c /usr/lib/gcc/arm-none-eabi/13.2.1/../../../arm-none-eabi/lib/thumb/v7e-m/nofp/libg.a(libc_a-puts.o)
                0x0801a9fc                _puts_r
                0x0801aa68                puts
 .text          0x0801aa78      0x2f8 /usr/lib/gcc/arm-none-eabi/13.2.1/../../../arm-none-eabi/lib/thumb/v7e-m/nofp/libg.a(libc_a-fvwrite.o)
                0x0801aa78                __sfvwrite_r
 .text          0x0801ad70        0xc /usr/lib/gcc/arm-none-eabi/13.2.1/../../../arm-none-eabi/lib/thumb/v7e-m/nofp/libg.a(libc_a-atexit.o)
                0x0801ad70                atexit
 .text          0x0801ad7c       0x48 /usr/lib/gcc/arm-none-eabi/13.2.1/../../../arm-none-eabi/lib/thumb/v7e-m/nofp/libg.a(libc_a-printf.o)
                0x0801ad7c                _printf_r
                0x0801ad9c                printf
 .text          0x0801adc4       0x24 /usr/lib/gcc/arm-none-eabi/13.2.1/../../../arm-none-eabi/lib/thumb/v7e-m/nofp/libg.a(libc_a-sbrkr.o)
                0x0801adc4                _sbrk_r
 .text          0x0801ade8       0x28 /usr/lib/gcc/arm-none-eabi/13.2.1/../../../arm-none-eabi/lib/thumb/v7e-m/nofp/libg.a(libc_a-fini.o)
                0x0801ade8                __libc_fini_array
 *fill*         0x0801ae10       0x30 
 .text          0x0801ae40       0xd8 /usr/lib/gcc/arm-none-eabi/13.2.1/../../../arm-none-eabi/lib/thumb/v7e-m/nofp/libg.a(libc_a-strlen.o)
                0x0801ae40                strlen
 .text          0x0801af18       0x44 /usr/lib/gcc/arm-none-eabi/13.2.1/../../../arm-none-eabi/lib/thumb/v7e-m/nofp/libg.a(libc_a-fwalk.o)
                0x0801af18                _fwalk_sglue
 .text          0x0801af5c     0x14b4 /usr/lib/gcc/arm-none-eabi/13.2.1/../../../arm-none-eabi/lib/thumb/v7e-m/nofp/libg.a(libc_a-vfprintf.o)
                0x0801af5c                _vfprintf_r
                0x0801c38c                vfprintf
 .text          0x0801c410       0xa0 /usr/lib/gcc/arm-none-eabi/13.2.1/../../../arm-none-eabi/lib/thumb/v7e-m/nofp/libg.a(libc_a-memchr.o)
                0x0801c410                memchr
 .text          0x0801c4b0      0x100 /usr/lib/gcc/arm-none-eabi/13.2.1/../../../arm-none-eabi/lib/thumb/v7e-m/nofp/libg.a(libc_a-memmove.o)
                0x0801c4b0                memmove
 .text          0x0801c5b0      0x55c /usr/lib/gcc/arm-none-eabi/13.2.1/../../../arm-none-eabi/lib/thumb/v7e-m/nofp/libg.a(libc_a-mallocr.o)
                0x0801c5b0                _malloc_r
 *fill*         0x0801cb0c        0x4 
 .text          0x0801cb10      0xfb0 /usr/lib/gcc/arm-none-eabi/13.2.1/../../../arm-none-eabi/lib/thumb/v7e-m/nofp/libg.a(libc_a-dtoa.o)
                0x0801cc3c                _dtoa_r
 .text          0x0801dac0       0xc4 /usr/lib/gcc/arm-none-eabi/13.2.1/../../../arm-none-eabi/lib/thumb/v7e-m/nofp/libg.a(libc_a-wsetup.o)
                0x0801dac0                __swsetup_r
 .text          0x0801db84       0x90 /usr/lib/gcc/arm-none-eabi/13.2.1/../../../arm-none-eabi/lib/thumb/v7e-m/nofp/libg.a(libc_a-fclose.o)
                0x0801db84                _fclose_r
                0x0801dc04                fclose
 .text          0x0801dc14      0x134 /usr/lib/gcc/arm-none-eabi/13.2.1/../../../arm-none-eabi/lib/thumb/v7e-m/nofp/libg.a(libc_a-memcpy.o)
                0x0801dc14                memcpy
 .text          0x0801dd48       0x94 /usr/lib/gcc/arm-none-eabi/13.2.1/../../../arm-none-eabi/lib/thumb/v7e-m/nofp/libg.a(libc_a-stdio.o)
                0x0801dd48                __sread
                0x0801dd6c                __seofread
                0x0801dd70                __swrite
                0x0801ddb0                __sseek
                0x0801ddd4                __sclose
 .text          0x0801dddc       0x64 /usr/lib/gcc/arm-none-eabi/13.2.1/../../../arm-none-eabi/lib/thumb/v7e-m/nofp/libg.a(libc_a-__atexit.o)
                0x0801dddc                __register_exitproc
 .text          0x0801de40      0x344 /usr/lib/gcc/arm-none-eabi/13.2.1/../../../arm-none-eabi/lib/thumb/v7e-m/nofp/libg.a(libc_a-reallocr.o)
                0x0801de40                _realloc_r
 .text          0x0801e184       0x2c /usr/lib/gcc/arm-none-eabi/13.2.1/../../../arm-none-eabi/lib/thumb/v7e-m/nofp/libg.a(libc_a-writer.o)
                0x0801e184                _write_r
 .text          0x0801e1b0       0x24 /usr/lib/gcc/arm-none-eabi/13.2.1/../../../arm-none-eabi/lib/thumb/v7e-m/nofp/libg.a(libc_a-closer.o)
                0x0801e1b0                _close_r
 .text          0x0801e1d4       0x20 /usr/lib/gcc/arm-none-eabi/13.2.1/../../../arm-none-eabi/lib/thumb/v7e-m/nofp/libg.a(libc_a-sprint_r.o)
                0x0801e1d4                __sprint_r
 .text          0x0801e1f4       0x4c /usr/lib/gcc/arm-none-eabi/13.2.1/../../../arm-none-eabi/lib/thumb/v7e-m/nofp/libg.a(libc_a-assert.o)
                0x0801e1f4                __assert_func
                0x0801e234                __assert
 .text          0x0801e240      0xa8c /usr/lib/gcc/arm-none-eabi/13.2.1/../../../arm-none-eabi/lib/thumb/v7e-m/nofp/libg.a(libc_a-mprec.o)
                0x0801e240                _Balloc
                0x0801e28c                _Bfree
                0x0801e2a0                __multadd
                0x0801e340                __s2b
                0x0801e3f4                __hi0bits
                0x0801e438                __lo0bits
                0x0801e498                __i2b
                0x0801e4f4                __multiply
                0x0801e660                __pow5mult
                0x0801e714                __lshift
                0x0801e804                __mcmp
                0x0801e844                __mdiff
                0x0801e9bc                __ulp
                0x0801ea08                __b2d
                0x0801eac8                __d2b
                0x0801eb84                __ratio
                0x0801ebe0                _mprec_log10
                0x0801ec18                __copybits
                0x0801ec74                __any_on
 .text          0x0801eccc       0x14 /usr/lib/gcc/arm-none-eabi/13.2.1/../../../arm-none-eabi/lib/thumb/v7e-m/nofp/libg.a(libc_a-localeconv.o)
                0x0801eccc                __localeconv_l
                0x0801ecd0                _localeconv_r
                0x0801ecd8                localeconv
 .text          0x0801ece0      0x13c /usr/lib/gcc/arm-none-eabi/13.2.1/../../../arm-none-eabi/lib/thumb/v7e-m/nofp/libg.a(libc_a-makebuf.o)
                0x0801ece0                __smakebuf_r
                0x0801edbc                __swhatbuf_r
 .text          0x0801ee1c       0x40 /usr/lib/gcc/arm-none-eabi/13.2.1/../../../arm-none-eabi/lib/thumb/v7e-m/nofp/libg.a(libc_a-mbtowc_r.o)
                0x0801ee1c                _mbtowc_r
                0x0801ee30                __ascii_mbtowc
 .text          0x0801ee5c       0x10 /usr/lib/gcc/arm-none-eabi/13.2.1/../../../arm-none-eabi/lib/thumb/v7e-m/nofp/libg.a(libc_a-abort.o)
                0x0801ee5c                abort
 .text          0x0801ee6c       0x6c /usr/lib/gcc/arm-none-eabi/13.2.1/../../../arm-none-eabi/lib/thumb/v7e-m/nofp/libg.a(libc_a-callocr.o)
                0x0801ee6c                _calloc_r
 .text          0x0801eed8       0x2c /usr/lib/gcc/arm-none-eabi/13.2.1/../../../arm-none-eabi/lib/thumb/v7e-m/nofp/libg.a(libc_a-readr.o)
                0x0801eed8                _read_r
 .text          0x0801ef04       0x44 /usr/lib/gcc/arm-none-eabi/13.2.1/../../../arm-none-eabi/lib/thumb/v7e-m/nofp/libg.a(libc_a-fiprintf.o)
                0x0801ef04                _fiprintf_r
                0x0801ef20                fiprintf
 .text          0x0801ef48       0x30 /usr/lib/gcc/arm-none-eabi/13.2.1/../../../arm-none-eabi/lib/thumb/v7e-m/nofp/libg.a(libc_a-wctomb_r.o)
                0x0801ef48                _wctomb_r
                0x0801ef5c                __ascii_wctomb
 .text          0x0801ef78       0x2c /usr/lib/gcc/arm-none-eabi/13.2.1/../../../arm-none-eabi/lib/thumb/v7e-m/nofp/libg.a(libc_a-lseekr.o)
                0x0801ef78                _lseek_r
 .text          0x0801efa4       0x2c /usr/lib/gcc/arm-none-eabi/13.2.1/../../../arm-none-eabi/lib/thumb/v7e-m/nofp/libg.a(libc_a-fstatr.o)
                0x0801efa4                _fstat_r
 .text          0x0801efd0       0x24 /usr/lib/gcc/arm-none-eabi/13.2.1/../../../arm-none-eabi/lib/thumb/v7e-m/nofp/libg.a(libc_a-isattyr.o)
                0x0801efd0                _isatty_r
 .text          0x0801eff4      0x280 /usr/lib/gcc/arm-none-eabi/13.2.1/../../../arm-none-eabi/lib/thumb/v7e-m/nofp/libg.a(libc_a-signal.o)
                0x0801eff4                _init_signal_r
                0x0801f024                _signal_r
                0x0801f074                _raise_r
                0x0801f0c8                __sigtramp_r
                0x0801f12c                raise
                0x0801f184                signal
                0x0801f1d4                _init_signal
                0x0801f20c                __sigtramp
 .text          0x0801f274       0x30 /usr/lib/gcc/arm-none-eabi/13.2.1/../../../arm-none-eabi/lib/thumb/v7e-m/nofp/libg.a(libc_a-signalr.o)
                0x0801f274                _kill_r
                0x0801f2a0                _getpid_r
 .text          0x0801f2a4      0xb40 /usr/lib/gcc/arm-none-eabi/13.2.1/../../../arm-none-eabi/lib/thumb/v7e-m/nofp/libg.a(libc_a-vfiprintf.o)
                0x0801f2a4                _vfiprintf_r
                0x0801fd60                vfiprintf
 .text          0x0801fde4      0x378 /usr/lib/gcc/arm-none-eabi/13.2.1/thumb/v7e-m/nofp/libgcc.a(_arm_addsubdf3.o)
                0x0801fde4                __aeabi_drsub
                0x0801fdec                __aeabi_dsub
                0x0801fdec                __subdf3
                0x0801fdf0                __adddf3
                0x0801fdf0                __aeabi_dadd
                0x08020068                __aeabi_ui2d
                0x08020068                __floatunsidf
                0x08020088                __floatsidf
                0x08020088                __aeabi_i2d
                0x080200ac                __extendsfdf2
                0x080200ac                __aeabi_f2d
                0x080200f0                __aeabi_ul2d
                0x080200f0                __floatundidf
                0x08020100                __floatdidf
                0x08020100                __aeabi_l2d
 .text          0x0802015c      0x424 /usr/lib/gcc/arm-none-eabi/13.2.1/thumb/v7e-m/nofp/libgcc.a(_arm_muldivdf3.o)
                0x0802015c                __aeabi_dmul
                0x0802015c                __muldf3
                0x080203b0                __aeabi_ddiv
                0x080203b0                __divdf3
 .text          0x08020580      0x110 /usr/lib/gcc/arm-none-eabi/13.2.1/thumb/v7e-m/nofp/libgcc.a(_arm_cmpdf2.o)
                0x08020580                __gtdf2
                0x08020580                __gedf2
                0x08020588                __ltdf2
                0x08020588                __ledf2
                0x08020590                __cmpdf2
                0x08020590                __eqdf2
                0x08020590                __nedf2
                0x0802060c                __aeabi_cdrcmple
                0x0802061c                __aeabi_cdcmple
                0x0802061c                __aeabi_cdcmpeq
                0x0802062c                __aeabi_dcmpeq
                0x08020640                __aeabi_dcmplt
                0x08020654                __aeabi_dcmple
                0x08020668                __aeabi_dcmpge
                0x0802067c                __aeabi_dcmpgt
 .text          0x08020690       0x2c /usr/lib/gcc/arm-none-eabi/13.2.1/thumb/v7e-m/nofp/libgcc.a(_arm_unorddf2.o)
                0x08020690                __aeabi_dcmpun
                0x08020690                __unorddf2
 .text          0x080206bc       0x50 /usr/lib/gcc/arm-none-eabi/13.2.1/thumb/v7e-m/nofp/libgcc.a(_arm_fixdfsi.o)
                0x080206bc                __fixdfsi
                0x080206bc                __aeabi_d2iz
 *(.text*)
 .text.Reset_Handler
                0x0802070c       0x50 CMakeFiles/ThreatProxy.dir/startup_stm32l475xx.s.o
                0x0802070c                Reset_Handler
 .text.Default_Handler
                0x0802075c        0x2 CMakeFiles/ThreatProxy.dir/startup_stm32l475xx.s.o
                0x0802075c                RTC_Alarm_IRQHandler
                0x0802075c                EXTI2_IRQHandler
                0x0802075c                TIM8_TRG_COM_IRQHandler
                0x0802075c                TIM8_CC_IRQHandler
                0x0802075c                TIM1_CC_IRQHandler
                0x0802075c                TSC_IRQHandler
                0x0802075c                TAMP_STAMP_IRQHandler
                0x0802075c                EXTI3_IRQHandler
                0x0802075c                LPTIM2_IRQHandler
                0x0802075c                DFSDM1_FLT1_IRQHandler
                0x0802075c                I2C3_ER_IRQHandler
                0x0802075c                DFSDM1_FLT2_IRQHandler
                0x0802075c                EXTI0_IRQHandler
                0x0802075c                I2C2_EV_IRQHandler
                0x0802075c                CAN1_RX0_IRQHandler
                0x0802075c                FPU_IRQHandler
                0x0802075c                TIM1_UP_TIM16_IRQHandler
                0x0802075c                ADC1_2_IRQHandler
                0x0802075c                SPI1_IRQHandler
                0x0802075c                TIM6_DAC_IRQHandler
                0x0802075c                TIM8_UP_IRQHandler
                0x0802075c                DMA2_Channel2_IRQHandler
                0x0802075c                DMA1_Channel4_IRQHandler
                0x0802075c                SAI2_IRQHandler
                0x0802075c                DFSDM1_FLT3_IRQHandler
                0x0802075c                USART3_IRQHandler
                0x0802075c                DMA1_Channel7_IRQHandler
                0x0802075c                CAN1_RX1_IRQHandler
                0x0802075c                UART5_IRQHandler
                0x0802075c                ADC3_IRQHandler
                0x0802075c                TIM4_IRQHandler
                0x0802075c                DMA2_Channel1_IRQHandler
                0x0802075c                QUADSPI_IRQHandler
                0x0802075c                I2C1_EV_IRQHandler
                0x0802075c                DMA1_Channel6_IRQHandler
                0x0802075c                UART4_IRQHandler
                0x0802075c                DMA2_Channel4_IRQHandler
                0x0802075c                TIM3_IRQHandler
                0x0802075c                RCC_IRQHandler
                0x0802075c                DMA1_Channel1_IRQHandler
                0x0802075c                Default_Handler
                0x0802075c                DMA2_Channel7_IRQHandler
                0x0802075c                TIM7_IRQHandler
                0x0802075c                SDMMC1_IRQHandler
                0x0802075c                TIM5_IRQHandler
                0x0802075c                I2C3_EV_IRQHandler
                0x0802075c                RTC_WKUP_IRQHandler
                0x0802075c                PVD_PVM_IRQHandler
                0x0802075c                SPI2_IRQHandler
                0x0802075c                CAN1_TX_IRQHandler
                0x0802075c                DMA2_Channel5_IRQHandler
                0x0802075c                DMA1_Channel5_IRQHandler
                0x0802075c                EXTI4_IRQHandler
                0x0802075c                RNG_IRQHandler
                0x0802075c                TIM1_TRG_COM_TIM17_IRQHandler
                0x0802075c                DMA1_Channel3_IRQHandler
                0x0802075c                COMP_IRQHandler
                0x0802075c                WWDG_IRQHandler
                0x0802075c                LPUART1_IRQHandler
                0x0802075c                DMA2_Channel6_IRQHandler
                0x0802075c                TIM2_IRQHandler
                0x0802075c                EXTI1_IRQHandler
                0x0802075c                USART2_IRQHandler
                0x0802075c                DFSDM1_FLT0_IRQHandler
                0x0802075c                I2C2_ER_IRQHandler
                0x0802075c                DMA1_Channel2_IRQHandler
                0x0802075c                TIM8_BRK_IRQHandler
                0x0802075c                CAN1_SCE_IRQHandler
                0x0802075c                FLASH_IRQHandler
                0x0802075c                USART1_IRQHandler
                0x0802075c                OTG_FS_IRQHandler
                0x0802075c                SPI3_IRQHandler
                0x0802075c                I2C1_ER_IRQHandler
                0x0802075c                FMC_IRQHandler
                0x0802075c                SWPMI1_IRQHandler
                0x0802075c                LPTIM1_IRQHandler
                0x0802075c                SAI1_IRQHandler
                0x0802075c                DMA2_Channel3_IRQHandler
                0x0802075c                TIM1_BRK_TIM15_IRQHandler
 *fill*         0x0802075e        0x2 
 .text.startup  0x08020760       0x14 /usr/lib/gcc/arm-none-eabi/13.2.1/../../../arm-none-eabi/lib/thumb/v7e-m/nofp/libg.a(libc_a-__call_atexit.o)
 *(.glue_7)
 .glue_7        0x08020774        0x0 linker stubs
 *(.glue_7t)
 .glue_7t       0x08020774        0x0 linker stubs
 *(.eh_frame)
 .eh_frame      0x08020774        0x0 /usr/lib/gcc/arm-none-eabi/13.2.1/thumb/v7e-m/nofp/crtbegin.o
 *(.init)
 .init          0x08020774        0x4 /usr/lib/gcc/arm-none-eabi/13.2.1/thumb/v7e-m/nofp/crti.o
                0x08020774                _init
 .init          0x08020778        0x8 /usr/lib/gcc/arm-none-eabi/13.2.1/thumb/v7e-m/nofp/crtn.o
 *(.fini)
 .fini          0x08020780        0x4 /usr/lib/gcc/arm-none-eabi/13.2.1/thumb/v7e-m/nofp/crti.o
                0x08020780                _fini
 .fini          0x08020784        0x8 /usr/lib/gcc/arm-none-eabi/13.2.1/thumb/v7e-m/nofp/crtn.o
                0x08020790                        . = ALIGN (0x8)
 *fill*         0x0802078c        0x4 
                0x08020790                        _etext = .

.vfp11_veneer   0x08020790        0x0
 .vfp11_veneer  0x08020790        0x0 linker stubs

.v4_bx          0x08020790        0x0
 .v4_bx         0x08020790        0x0 linker stubs

.iplt           0x08020790        0x0
 .iplt          0x08020790        0x0 /usr/lib/gcc/arm-none-eabi/13.2.1/thumb/v7e-m/nofp/crtbegin.o

.rodata         0x08020790      0x608
                0x08020790                        . = ALIGN (0x8)
 *(.rodata)
 .rodata        0x08020790      0x22f CMakeFiles/ThreatProxy.dir/Core/Src/main.c.o
 *fill*         0x080209bf        0x1 
 .rodata        0x080209c0       0x50 cmake/stm32cubemx/CMakeFiles/STM32_Drivers.dir/__/__/Core/Src/system_stm32l4xx.c.o
                0x080209c8                AHBPrescTable
                0x080209d8                APBPrescTable
                0x080209e0                MSIRangeTable
 .rodata        0x08020a10       0x20 /usr/lib/gcc/arm-none-eabi/13.2.1/../../../arm-none-eabi/lib/thumb/v7e-m/nofp/libg.a(libc_a-vfprintf.o)
 .rodata        0x08020a30      0x128 /usr/lib/gcc/arm-none-eabi/13.2.1/../../../arm-none-eabi/lib/thumb/v7e-m/nofp/libg.a(libc_a-mprec.o)
                0x08020a40                __mprec_tens
                0x08020b08                __mprec_tinytens
                0x08020b30                __mprec_bigtens
 .rodata        0x08020b58      0x101 /usr/lib/gcc/arm-none-eabi/13.2.1/../../../arm-none-eabi/lib/thumb/v7e-m/nofp/libg.a(libc_a-ctype_.o)
                0x08020b58                _ctype_
 *fill*         0x08020c59        0x3 
 .rodata        0x08020c5c       0x20 /usr/lib/gcc/arm-none-eabi/13.2.1/../../../arm-none-eabi/lib/thumb/v7e-m/nofp/libg.a(libc_a-vfiprintf.o)
 *(.rodata*)
 .rodata.str1.4
                0x08020c7c      0x116 /usr/lib/gcc/arm-none-eabi/13.2.1/../../../arm-none-eabi/lib/thumb/v7e-m/nofp/libg.a(libc_a-puts.o)
                                  0x2 (size before relaxing)
 .rodata.str1.4
                0x08020d92       0x42 /usr/lib/gcc/arm-none-eabi/13.2.1/../../../arm-none-eabi/lib/thumb/v7e-m/nofp/libg.a(libc_a-vfprintf.o)
 .rodata.str1.4
                0x08020d92       0x54 /usr/lib/gcc/arm-none-eabi/13.2.1/../../../arm-none-eabi/lib/thumb/v7e-m/nofp/libg.a(libc_a-dtoa.o)
 .rodata.str1.4
                0x08020d92       0x43 /usr/lib/gcc/arm-none-eabi/13.2.1/../../../arm-none-eabi/lib/thumb/v7e-m/nofp/libg.a(libc_a-assert.o)
 .rodata.str1.4
                0x08020d92       0x41 /usr/lib/gcc/arm-none-eabi/13.2.1/../../../arm-none-eabi/lib/thumb/v7e-m/nofp/libg.a(libc_a-mprec.o)
 .rodata.str1.4
                0x08020d92       0x12 /usr/lib/gcc/arm-none-eabi/13.2.1/../../../arm-none-eabi/lib/thumb/v7e-m/nofp/libg.a(libc_a-locale.o)
 .rodata.str1.4
                0x08020d92       0x2f /usr/lib/gcc/arm-none-eabi/13.2.1/../../../arm-none-eabi/lib/thumb/v7e-m/nofp/libg.a(libc_a-vfiprintf.o)
                0x08020de8                        . = ALIGN (0x8)
 *fill*         0x08020d92        0x6 

.ARM.extab      0x08020d98        0x0
                0x08020d98                        . = ALIGN (0x8)
 *(.ARM.extab* .gnu.linkonce.armextab.*)
                0x08020d98                        . = ALIGN (0x8)

.ARM            0x08020d98        0x8
                0x08020d98                        . = ALIGN (0x8)
                0x08020d98                        __exidx_start = .
 *(.ARM.exidx*)
 .ARM.exidx     0x08020d98        0x8 /usr/lib/gcc/arm-none-eabi/13.2.1/thumb/v7e-m/nofp/libgcc.a(_udivmoddi4.o)
 .ARM.exidx     0x08020da0        0x0 /usr/lib/gcc/arm-none-eabi/13.2.1/../../../arm-none-eabi/lib/thumb/v7e-m/nofp/libg.a(libc_a-strlen.o)
                                  0x8 (size before relaxing)
 .ARM.exidx     0x08020da0        0x0 /usr/lib/gcc/arm-none-eabi/13.2.1/../../../arm-none-eabi/lib/thumb/v7e-m/nofp/libg.a(libc_a-memchr.o)
                                  0x8 (size before relaxing)
 .ARM.exidx     0x08020da0        0x0 /usr/lib/gcc/arm-none-eabi/13.2.1/../../../arm-none-eabi/lib/thumb/v7e-m/nofp/libg.a(libc_a-memcpy.o)
                                  0x8 (size before relaxing)
                0x08020da0                        __exidx_end = .
                0x08020da0                        . = ALIGN (0x8)

.preinit_array  0x08020da0        0x0
                0x08020da0                        . = ALIGN (0x8)
                0x08020da0                        PROVIDE (__preinit_array_start = .)
 *(.preinit_array*)
                0x08020da0                        PROVIDE (__preinit_array_end = .)
                0x08020da0                        . = ALIGN (0x8)

.init_array     0x08020da0        0x8
                0x08020da0                        . = ALIGN (0x8)
                0x08020da0                        PROVIDE (__init_array_start = .)
 *(SORT_BY_NAME(.init_array.*))
 .init_array.00000
                0x08020da0        0x4 /usr/lib/gcc/arm-none-eabi/13.2.1/../../../arm-none-eabi/lib/thumb/v7e-m/nofp/libg.a(libc_a-__call_atexit.o)
 *(.init_array*)
 .init_array    0x08020da4        0x4 /usr/lib/gcc/arm-none-eabi/13.2.1/thumb/v7e-m/nofp/crtbegin.o
                0x08020da8                        PROVIDE (__init_array_end = .)
                0x08020da8                        . = ALIGN (0x8)

.fini_array     0x08020da8        0x8
                0x08020da8                        . = ALIGN (0x8)
                0x08020da8                        PROVIDE (__fini_array_start = .)
 *(SORT_BY_NAME(.fini_array.*))
 *(.fini_array*)
 .fini_array    0x08020da8        0x4 /usr/lib/gcc/arm-none-eabi/13.2.1/thumb/v7e-m/nofp/crtbegin.o
                0x08020dac                        PROVIDE (__fini_array_end = .)
                0x08020db0                        . = ALIGN (0x8)
 *fill*         0x08020dac        0x4 
                0x08020db0                        _sidata = LOADADDR (.data)

.rel.dyn        0x08020db0        0x0
 .rel.iplt      0x08020db0        0x0 /usr/lib/gcc/arm-none-eabi/13.2.1/thumb/v7e-m/nofp/crtbegin.o

.data           0x20000000      0x6c8 load address 0x08020db0
                0x20000000                        . = ALIGN (0x8)
                0x20000000                        _sdata = .
 *(.data)
 .data          0x20000000        0x4 cmake/stm32cubemx/CMakeFiles/STM32_Drivers.dir/__/__/Core/Src/system_stm32l4xx.c.o
                0x20000000                SystemCoreClock
 .data          0x20000004        0x5 cmake/stm32cubemx/CMakeFiles/STM32_Drivers.dir/__/__/Drivers/STM32L4xx_HAL_Driver/Src/stm32l4xx_hal.c.o
                0x20000004                uwTickPrio
                0x20000008                uwTickFreq
 *fill*         0x20000009        0x7 
 .data          0x20000010      0x128 /usr/lib/gcc/arm-none-eabi/13.2.1/../../../arm-none-eabi/lib/thumb/v7e-m/nofp/libg.a(libc_a-impure.o)
                0x20000010                _impure_ptr
                0x20000018                _impure_data
 .data          0x20000138        0xc /usr/lib/gcc/arm-none-eabi/13.2.1/../../../arm-none-eabi/lib/thumb/v7e-m/nofp/libg.a(libc_a-findfp.o)
                0x20000138                __sglue
 *fill*         0x20000144        0x4 
 .data          0x20000148      0x410 /usr/lib/gcc/arm-none-eabi/13.2.1/../../../arm-none-eabi/lib/thumb/v7e-m/nofp/libg.a(libc_a-mallocr.o)
                0x20000148                __malloc_av_
                0x20000550                __malloc_sbrk_base
                0x20000554                __malloc_trim_threshold
 .data          0x20000558      0x16c /usr/lib/gcc/arm-none-eabi/13.2.1/../../../arm-none-eabi/lib/thumb/v7e-m/nofp/libg.a(libc_a-locale.o)
                0x20000558                __global_locale
 *(.data*)
 *(.RamFunc)
 *(.RamFunc*)
                0x200006c8                        . = ALIGN (0x8)
 *fill*         0x200006c4        0x4 

.tm_clone_table
                0x200006c8        0x0 load address 0x08021478
 .tm_clone_table
                0x200006c8        0x0 /usr/lib/gcc/arm-none-eabi/13.2.1/thumb/v7e-m/nofp/crtbegin.o
 .tm_clone_table
                0x200006c8        0x0 /usr/lib/gcc/arm-none-eabi/13.2.1/thumb/v7e-m/nofp/crtend.o

.igot.plt       0x200006c8        0x0 load address 0x08021478
 .igot.plt      0x200006c8        0x0 /usr/lib/gcc/arm-none-eabi/13.2.1/thumb/v7e-m/nofp/crtbegin.o

.tdata          0x200006c8        0x0 load address 0x08021478
 *(.tdata .tdata.* .gnu.linkonce.td.*)
                0x200006c8                        . = ALIGN (0x4)
                0x200006c8                        _edata = .
                [!provide]                        PROVIDE (__data_end = .)
                [!provide]                        PROVIDE (__tdata_end = .)
                [!provide]                        PROVIDE (__tdata_start = ADDR (.tdata))
                [!provide]                        PROVIDE (__tdata_size = (__tdata_end - __tdata_start))
                [!provide]                        PROVIDE (__data_start = ADDR (.data))
                [!provide]                        PROVIDE (__data_size = (__data_end - __data_start))
                [!provide]                        PROVIDE (__tdata_source = LOADADDR (.tdata))
                [!provide]                        PROVIDE (__tdata_source_end = (LOADADDR (.tdata) + SIZEOF (.tdata)))
                [!provide]                        PROVIDE (__tdata_source_size = (__tdata_source_end - __tdata_source))
                [!provide]                        PROVIDE (__data_source = LOADADDR (.data))
                [!provide]                        PROVIDE (__data_source_end = __tdata_source_end)
                [!provide]                        PROVIDE (__data_source_size = (__data_source_end - __data_source))

.tbss           0x200006c8        0x0 load address 0x08021478
                0x200006c8                        _sbss = .
                0x200006c8                        __bss_start__ = _sbss
 *(.tbss .tbss.*)
                0x200006c8                        . = ALIGN (0x4)
                [!provide]                        PROVIDE (__tbss_end = .)
                [!provide]                        PROVIDE (__tbss_start = ADDR (.tbss))
                [!provide]                        PROVIDE (__tbss_size = (__tbss_end - __tbss_start))
                [!provide]                        PROVIDE (__tbss_offset = (ADDR (.tbss) - ADDR (.tdata)))
                [!provide]                        PROVIDE (__tls_base = __tdata_start)
                [!provide]                        PROVIDE (__tls_end = __tbss_end)
                [!provide]                        PROVIDE (__tls_size = (__tls_end - __tls_base))
                [!provide]                        PROVIDE (__tls_align = MAX (ALIGNOF (.tdata), ALIGNOF (.tbss)))
                [!provide]                        PROVIDE (__tls_size_align = (((__tls_size + __tls_align) - 0x1) & ~ ((__tls_align - 0x1))))
                [!provide]                        PROVIDE (__arm32_tls_tcb_offset = MAX (0x8, __tls_align))
                [!provide]                        PROVIDE (__arm64_tls_tcb_offset = MAX (0x10, __tls_align))

.bss            0x200006c8      0xa7c load address 0x08021478
 *(.bss)
 .bss           0x200006c8       0x1c /usr/lib/gcc/arm-none-eabi/13.2.1/thumb/v7e-m/nofp/crtbegin.o
 .bss           0x200006e4      0x728 CMakeFiles/ThreatProxy.dir/Core/Src/main.c.o
                0x200006e4                hdfsdm1_channel1
                0x2000071c                hi2c2
                0x20000770                hqspi
                0x200007b4                hspi3
                0x20000818                huart1
                0x200008a0                huart3
                0x20000928                hpcd_USB_OTG_FS
 .bss           0x20000e0c        0x4 CMakeFiles/ThreatProxy.dir/Core/Src/stm32l4xx_hal_msp.c.o
 .bss           0x20000e10        0x4 CMakeFiles/ThreatProxy.dir/Core/Src/sysmem.c.o
 .bss           0x20000e14       0x24 cmake/stm32cubemx/CMakeFiles/STM32_Drivers.dir/__/__/Drivers/STM32L4xx_HAL_Driver/Src/stm32l4xx_hal_dfsdm.c.o
 .bss           0x20000e38        0x4 cmake/stm32cubemx/CMakeFiles/STM32_Drivers.dir/__/__/Drivers/STM32L4xx_HAL_Driver/Src/stm32l4xx_hal.c.o
                0x20000e38                uwTick
 .bss           0x20000e3c      0x13c /usr/lib/gcc/arm-none-eabi/13.2.1/../../../arm-none-eabi/lib/thumb/v7e-m/nofp/libg.a(libc_a-findfp.o)
                0x20000e3c                __sf
                0x20000f74                __stdio_exit_handler
 .bss           0x20000f78       0x34 /usr/lib/gcc/arm-none-eabi/13.2.1/../../../arm-none-eabi/lib/thumb/v7e-m/nofp/libg.a(libc_a-mallocr.o)
                0x20000f78                __malloc_top_pad
                0x20000f7c                __malloc_current_mallinfo
                0x20000fa4                __malloc_max_sbrked_mem
                0x20000fa8                __malloc_max_total_mem
 .bss           0x20000fac        0x4 /usr/lib/gcc/arm-none-eabi/13.2.1/../../../arm-none-eabi/lib/thumb/v7e-m/nofp/libg.a(libc_a-__call_atexit.o)
                0x20000fac                __atexit
 .bss           0x20000fb0        0x4 /usr/lib/gcc/arm-none-eabi/13.2.1/../../../arm-none-eabi/lib/thumb/v7e-m/nofp/libg.a(libc_a-reent.o)
                0x20000fb0                errno
 .bss           0x20000fb4      0x190 /usr/lib/gcc/arm-none-eabi/13.2.1/../../../arm-none-eabi/lib/thumb/v7e-m/nofp/libg.a(libc_a-__atexit.o)
                0x20000fb4                __atexit0
 *(.bss*)
 *(COMMON)
                0x20001144                        . = ALIGN (0x4)
                0x20001144                        _ebss = .
                0x20001144                        __bss_end__ = _ebss
                [!provide]                        PROVIDE (__bss_end = .)
                [!provide]                        PROVIDE (__non_tls_bss_start = ADDR (.bss))
                [!provide]                        PROVIDE (__bss_start = __tbss_start)
                [!provide]                        PROVIDE (__bss_size = (__bss_end - __bss_start))

._user_heap_stack
                0x20001144      0x604 load address 0x08021478
                0x20001148                        . = ALIGN (0x8)
 *fill*         0x20001144        0x4 
                [!provide]                        PROVIDE (end = .)
                0x20001148                        PROVIDE (_end = .)
                0x20001348                        . = (. + _Min_Heap_Size)
 *fill*         0x20001148      0x200 
                0x20001748                        . = (. + _Min_Stack_Size)
 *fill*         0x20001348      0x400 
                0x20001748                        . = ALIGN (0x8)

/DISCARD/
 libc.a:*(*)
 libm.a:*(*)
 libgcc.a:*(*)
OUTPUT(ThreatProxy elf32-littlearm)
LOAD linker stubs

.ARM.attributes
                0x00000000       0x2a
 .ARM.attributes
                0x00000000       0x1e /usr/lib/gcc/arm-none-eabi/13.2.1/thumb/v7e-m/nofp/crti.o
 .ARM.attributes
                0x0000001e       0x2e /usr/lib/gcc/arm-none-eabi/13.2.1/thumb/v7e-m/nofp/crtbegin.o
 .ARM.attributes
                0x0000004c       0x2e CMakeFiles/ThreatProxy.dir/Core/Src/main.c.o
 .ARM.attributes
                0x0000007a       0x2e CMakeFiles/ThreatProxy.dir/Core/Src/stm32l4xx_it.c.o
 .ARM.attributes
                0x000000a8       0x2e CMakeFiles/ThreatProxy.dir/Core/Src/stm32l4xx_hal_msp.c.o
 .ARM.attributes
                0x000000d6       0x2e CMakeFiles/ThreatProxy.dir/Core/Src/sysmem.c.o
 .ARM.attributes
                0x00000104       0x2e CMakeFiles/ThreatProxy.dir/Core/Src/syscalls.c.o
 .ARM.attributes
                0x00000132       0x21 CMakeFiles/ThreatProxy.dir/startup_stm32l475xx.s.o
 .ARM.attributes
                0x00000153       0x2e cmake/stm32cubemx/CMakeFiles/STM32_Drivers.dir/__/__/Core/Src/system_stm32l4xx.c.o
 .ARM.attributes
                0x00000181       0x2e cmake/stm32cubemx/CMakeFiles/STM32_Drivers.dir/__/__/Drivers/STM32L4xx_HAL_Driver/Src/stm32l4xx_hal_dfsdm.c.o
 .ARM.attributes
                0x000001af       0x2e cmake/stm32cubemx/CMakeFiles/STM32_Drivers.dir/__/__/Drivers/STM32L4xx_HAL_Driver/Src/stm32l4xx_hal.c.o
 .ARM.attributes
                0x000001dd       0x2e cmake/stm32cubemx/CMakeFiles/STM32_Drivers.dir/__/__/Drivers/STM32L4xx_HAL_Driver/Src/stm32l4xx_hal_rcc.c.o
 .ARM.attributes
                0x0000020b       0x2e cmake/stm32cubemx/CMakeFiles/STM32_Drivers.dir/__/__/Drivers/STM32L4xx_HAL_Driver/Src/stm32l4xx_hal_rcc_ex.c.o
 .ARM.attributes
                0x00000239       0x2e cmake/stm32cubemx/CMakeFiles/STM32_Drivers.dir/__/__/Drivers/STM32L4xx_HAL_Driver/Src/stm32l4xx_hal_gpio.c.o
 .ARM.attributes
                0x00000267       0x2e cmake/stm32cubemx/CMakeFiles/STM32_Drivers.dir/__/__/Drivers/STM32L4xx_HAL_Driver/Src/stm32l4xx_hal_i2c.c.o
 .ARM.attributes
                0x00000295       0x2e cmake/stm32cubemx/CMakeFiles/STM32_Drivers.dir/__/__/Drivers/STM32L4xx_HAL_Driver/Src/stm32l4xx_hal_i2c_ex.c.o
 .ARM.attributes
                0x000002c3       0x2e cmake/stm32cubemx/CMakeFiles/STM32_Drivers.dir/__/__/Drivers/STM32L4xx_HAL_Driver/Src/stm32l4xx_hal_dma.c.o
 .ARM.attributes
                0x000002f1       0x2e cmake/stm32cubemx/CMakeFiles/STM32_Drivers.dir/__/__/Drivers/STM32L4xx_HAL_Driver/Src/stm32l4xx_hal_pwr.c.o
 .ARM.attributes
                0x0000031f       0x2e cmake/stm32cubemx/CMakeFiles/STM32_Drivers.dir/__/__/Drivers/STM32L4xx_HAL_Driver/Src/stm32l4xx_hal_pwr_ex.c.o
 .ARM.attributes
                0x0000034d       0x2e cmake/stm32cubemx/CMakeFiles/STM32_Drivers.dir/__/__/Drivers/STM32L4xx_HAL_Driver/Src/stm32l4xx_hal_cortex.c.o
 .ARM.attributes
                0x0000037b       0x2e cmake/stm32cubemx/CMakeFiles/STM32_Drivers.dir/__/__/Drivers/STM32L4xx_HAL_Driver/Src/stm32l4xx_hal_qspi.c.o
 .ARM.attributes
                0x000003a9       0x2e cmake/stm32cubemx/CMakeFiles/STM32_Drivers.dir/__/__/Drivers/STM32L4xx_HAL_Driver/Src/stm32l4xx_hal_spi.c.o
 .ARM.attributes
                0x000003d7       0x2e cmake/stm32cubemx/CMakeFiles/STM32_Drivers.dir/__/__/Drivers/STM32L4xx_HAL_Driver/Src/stm32l4xx_hal_uart.c.o
 .ARM.attributes
                0x00000405       0x2e cmake/stm32cubemx/CMakeFiles/STM32_Drivers.dir/__/__/Drivers/STM32L4xx_HAL_Driver/Src/stm32l4xx_hal_uart_ex.c.o
 .ARM.attributes
                0x00000433       0x2e cmake/stm32cubemx/CMakeFiles/STM32_Drivers.dir/__/__/Drivers/STM32L4xx_HAL_Driver/Src/stm32l4xx_hal_pcd.c.o
 .ARM.attributes
                0x00000461       0x2e cmake/stm32cubemx/CMakeFiles/STM32_Drivers.dir/__/__/Drivers/STM32L4xx_HAL_Driver/Src/stm32l4xx_hal_pcd_ex.c.o
 .ARM.attributes
                0x0000048f       0x2e cmake/stm32cubemx/CMakeFiles/STM32_Drivers.dir/__/__/Drivers/STM32L4xx_HAL_Driver/Src/stm32l4xx_ll_usb.c.o
 .ARM.attributes
                0x000004bd       0x1e /usr/lib/gcc/arm-none-eabi/13.2.1/thumb/v7e-m/nofp/libgcc.a(_aeabi_uldivmod.o)
 .ARM.attributes
                0x000004db       0x2e /usr/lib/gcc/arm-none-eabi/13.2.1/thumb/v7e-m/nofp/libgcc.a(_udivmoddi4.o)
 .ARM.attributes
                0x00000509       0x1e /usr/lib/gcc/arm-none-eabi/13.2.1/thumb/v7e-m/nofp/libgcc.a(_dvmd_tls.o)
 .ARM.attributes
                0x00000527       0x2e /usr/lib/gcc/arm-none-eabi/13.2.1/../../../arm-none-eabi/lib/thumb/v7e-m/nofp/libg.a(libc_a-memset.o)
 .ARM.attributes
                0x00000555       0x2e /usr/lib/gcc/arm-none-eabi/13.2.1/../../../arm-none-eabi/lib/thumb/v7e-m/nofp/libg.a(libc_a-fflush.o)
 .ARM.attributes
                0x00000583       0x2e /usr/lib/gcc/arm-none-eabi/13.2.1/../../../arm-none-eabi/lib/thumb/v7e-m/nofp/libg.a(libc_a-errno.o)
 .ARM.attributes
                0x000005b1       0x2e /usr/lib/gcc/arm-none-eabi/13.2.1/../../../arm-none-eabi/lib/thumb/v7e-m/nofp/libg.a(libc_a-impure.o)
 .ARM.attributes
                0x000005df       0x2e /usr/lib/gcc/arm-none-eabi/13.2.1/../../../arm-none-eabi/lib/thumb/v7e-m/nofp/libg.a(libc_a-putchar.o)
 .ARM.attributes
                0x0000060d       0x2e /usr/lib/gcc/arm-none-eabi/13.2.1/../../../arm-none-eabi/lib/thumb/v7e-m/nofp/libg.a(libc_a-freer.o)
 .ARM.attributes
                0x0000063b       0x2e /usr/lib/gcc/arm-none-eabi/13.2.1/../../../arm-none-eabi/lib/thumb/v7e-m/nofp/libg.a(libc_a-putc.o)
 .ARM.attributes
                0x00000669       0x2e /usr/lib/gcc/arm-none-eabi/13.2.1/../../../arm-none-eabi/lib/thumb/v7e-m/nofp/libg.a(libc_a-sysconf.o)
 .ARM.attributes
                0x00000697       0x2e /usr/lib/gcc/arm-none-eabi/13.2.1/../../../arm-none-eabi/lib/thumb/v7e-m/nofp/libg.a(libc_a-init.o)
 .ARM.attributes
                0x000006c5       0x2e /usr/lib/gcc/arm-none-eabi/13.2.1/../../../arm-none-eabi/lib/thumb/v7e-m/nofp/libg.a(libc_a-wbuf.o)
 .ARM.attributes
                0x000006f3       0x2e /usr/lib/gcc/arm-none-eabi/13.2.1/../../../arm-none-eabi/lib/thumb/v7e-m/nofp/libg.a(libc_a-mlock.o)
 .ARM.attributes
                0x00000721       0x2e /usr/lib/gcc/arm-none-eabi/13.2.1/../../../arm-none-eabi/lib/thumb/v7e-m/nofp/libg.a(libc_a-findfp.o)
 .ARM.attributes
                0x0000074f       0x2e /usr/lib/gcc/arm-none-eabi/13.2.1/../../../arm-none-eabi/lib/thumb/v7e-m/nofp/libg.a(libc_a-puts.o)
 .ARM.attributes
                0x0000077d       0x2e /usr/lib/gcc/arm-none-eabi/13.2.1/../../../arm-none-eabi/lib/thumb/v7e-m/nofp/libg.a(libc_a-fvwrite.o)
 .ARM.attributes
                0x000007ab       0x2e /usr/lib/gcc/arm-none-eabi/13.2.1/../../../arm-none-eabi/lib/thumb/v7e-m/nofp/libg.a(libc_a-atexit.o)
 .ARM.attributes
                0x000007d9       0x2e /usr/lib/gcc/arm-none-eabi/13.2.1/../../../arm-none-eabi/lib/thumb/v7e-m/nofp/libg.a(libc_a-printf.o)
 .ARM.attributes
                0x00000807       0x2e /usr/lib/gcc/arm-none-eabi/13.2.1/../../../arm-none-eabi/lib/thumb/v7e-m/nofp/libg.a(libc_a-sbrkr.o)
 .ARM.attributes
                0x00000835       0x2e /usr/lib/gcc/arm-none-eabi/13.2.1/../../../arm-none-eabi/lib/thumb/v7e-m/nofp/libg.a(libc_a-fini.o)
 .ARM.attributes
                0x00000863       0x1c /usr/lib/gcc/arm-none-eabi/13.2.1/../../../arm-none-eabi/lib/thumb/v7e-m/nofp/libg.a(libc_a-strlen.o)
 .ARM.attributes
                0x0000087f       0x2e /usr/lib/gcc/arm-none-eabi/13.2.1/../../../arm-none-eabi/lib/thumb/v7e-m/nofp/libg.a(libc_a-fwalk.o)
 .ARM.attributes
                0x000008ad       0x2e /usr/lib/gcc/arm-none-eabi/13.2.1/../../../arm-none-eabi/lib/thumb/v7e-m/nofp/libg.a(libc_a-vfprintf.o)
 .ARM.attributes
                0x000008db       0x1c /usr/lib/gcc/arm-none-eabi/13.2.1/../../../arm-none-eabi/lib/thumb/v7e-m/nofp/libg.a(libc_a-memchr.o)
 .ARM.attributes
                0x000008f7       0x2e /usr/lib/gcc/arm-none-eabi/13.2.1/../../../arm-none-eabi/lib/thumb/v7e-m/nofp/libg.a(libc_a-memmove.o)
 .ARM.attributes
                0x00000925       0x2e /usr/lib/gcc/arm-none-eabi/13.2.1/../../../arm-none-eabi/lib/thumb/v7e-m/nofp/libg.a(libc_a-mallocr.o)
 .ARM.attributes
                0x00000953       0x2e /usr/lib/gcc/arm-none-eabi/13.2.1/../../../arm-none-eabi/lib/thumb/v7e-m/nofp/libg.a(libc_a-dtoa.o)
 .ARM.attributes
                0x00000981       0x2e /usr/lib/gcc/arm-none-eabi/13.2.1/../../../arm-none-eabi/lib/thumb/v7e-m/nofp/libg.a(libc_a-wsetup.o)
 .ARM.attributes
                0x000009af       0x2e /usr/lib/gcc/arm-none-eabi/13.2.1/../../../arm-none-eabi/lib/thumb/v7e-m/nofp/libg.a(libc_a-fclose.o)
 .ARM.attributes
                0x000009dd       0x2e /usr/lib/gcc/arm-none-eabi/13.2.1/../../../arm-none-eabi/lib/thumb/v7e-m/nofp/libg.a(libc_a-__call_atexit.o)
 .ARM.attributes
                0x00000a0b       0x1c /usr/lib/gcc/arm-none-eabi/13.2.1/../../../arm-none-eabi/lib/thumb/v7e-m/nofp/libg.a(libc_a-memcpy.o)
 .ARM.attributes
                0x00000a27       0x2e /usr/lib/gcc/arm-none-eabi/13.2.1/../../../arm-none-eabi/lib/thumb/v7e-m/nofp/libg.a(libc_a-stdio.o)
 .ARM.attributes
                0x00000a55       0x2e /usr/lib/gcc/arm-none-eabi/13.2.1/../../../arm-none-eabi/lib/thumb/v7e-m/nofp/libg.a(libc_a-reent.o)
 .ARM.attributes
                0x00000a83       0x2e /usr/lib/gcc/arm-none-eabi/13.2.1/../../../arm-none-eabi/lib/thumb/v7e-m/nofp/libg.a(libc_a-__atexit.o)
 .ARM.attributes
                0x00000ab1       0x2e /usr/lib/gcc/arm-none-eabi/13.2.1/../../../arm-none-eabi/lib/thumb/v7e-m/nofp/libg.a(libc_a-reallocr.o)
 .ARM.attributes
                0x00000adf       0x2e /usr/lib/gcc/arm-none-eabi/13.2.1/../../../arm-none-eabi/lib/thumb/v7e-m/nofp/libg.a(libc_a-writer.o)
 .ARM.attributes
                0x00000b0d       0x2e /usr/lib/gcc/arm-none-eabi/13.2.1/../../../arm-none-eabi/lib/thumb/v7e-m/nofp/libg.a(libc_a-closer.o)
 .ARM.attributes
                0x00000b3b       0x2e /usr/lib/gcc/arm-none-eabi/13.2.1/../../../arm-none-eabi/lib/thumb/v7e-m/nofp/libg.a(libc_a-sprint_r.o)
 .ARM.attributes
                0x00000b69       0x2e /usr/lib/gcc/arm-none-eabi/13.2.1/../../../arm-none-eabi/lib/thumb/v7e-m/nofp/libg.a(libc_a-assert.o)
 .ARM.attributes
                0x00000b97       0x2e /usr/lib/gcc/arm-none-eabi/13.2.1/../../../arm-none-eabi/lib/thumb/v7e-m/nofp/libg.a(libc_a-mprec.o)
 .ARM.attributes
                0x00000bc5       0x2e /usr/lib/gcc/arm-none-eabi/13.2.1/../../../arm-none-eabi/lib/thumb/v7e-m/nofp/libg.a(libc_a-localeconv.o)
 .ARM.attributes
                0x00000bf3       0x2e /usr/lib/gcc/arm-none-eabi/13.2.1/../../../arm-none-eabi/lib/thumb/v7e-m/nofp/libg.a(libc_a-makebuf.o)
 .ARM.attributes
                0x00000c21       0x2e /usr/lib/gcc/arm-none-eabi/13.2.1/../../../arm-none-eabi/lib/thumb/v7e-m/nofp/libg.a(libc_a-locale.o)
 .ARM.attributes
                0x00000c4f       0x2e /usr/lib/gcc/arm-none-eabi/13.2.1/../../../arm-none-eabi/lib/thumb/v7e-m/nofp/libg.a(libc_a-mbtowc_r.o)
 .ARM.attributes
                0x00000c7d       0x2e /usr/lib/gcc/arm-none-eabi/13.2.1/../../../arm-none-eabi/lib/thumb/v7e-m/nofp/libg.a(libc_a-abort.o)
 .ARM.attributes
                0x00000cab       0x2e /usr/lib/gcc/arm-none-eabi/13.2.1/../../../arm-none-eabi/lib/thumb/v7e-m/nofp/libg.a(libc_a-callocr.o)
 .ARM.attributes
                0x00000cd9       0x2e /usr/lib/gcc/arm-none-eabi/13.2.1/../../../arm-none-eabi/lib/thumb/v7e-m/nofp/libg.a(libc_a-readr.o)
 .ARM.attributes
                0x00000d07       0x2e /usr/lib/gcc/arm-none-eabi/13.2.1/../../../arm-none-eabi/lib/thumb/v7e-m/nofp/libg.a(libc_a-fiprintf.o)
 .ARM.attributes
                0x00000d35       0x2e /usr/lib/gcc/arm-none-eabi/13.2.1/../../../arm-none-eabi/lib/thumb/v7e-m/nofp/libg.a(libc_a-wctomb_r.o)
 .ARM.attributes
                0x00000d63       0x2e /usr/lib/gcc/arm-none-eabi/13.2.1/../../../arm-none-eabi/lib/thumb/v7e-m/nofp/libg.a(libc_a-lseekr.o)
 .ARM.attributes
                0x00000d91       0x2e /usr/lib/gcc/arm-none-eabi/13.2.1/../../../arm-none-eabi/lib/thumb/v7e-m/nofp/libg.a(libc_a-fstatr.o)
 .ARM.attributes
                0x00000dbf       0x2e /usr/lib/gcc/arm-none-eabi/13.2.1/../../../arm-none-eabi/lib/thumb/v7e-m/nofp/libg.a(libc_a-isattyr.o)
 .ARM.attributes
                0x00000ded       0x2e /usr/lib/gcc/arm-none-eabi/13.2.1/../../../arm-none-eabi/lib/thumb/v7e-m/nofp/libg.a(libc_a-ctype_.o)
 .ARM.attributes
                0x00000e1b       0x2e /usr/lib/gcc/arm-none-eabi/13.2.1/../../../arm-none-eabi/lib/thumb/v7e-m/nofp/libg.a(libc_a-signal.o)
 .ARM.attributes
                0x00000e49       0x2e /usr/lib/gcc/arm-none-eabi/13.2.1/../../../arm-none-eabi/lib/thumb/v7e-m/nofp/libg.a(libc_a-signalr.o)
 .ARM.attributes
                0x00000e77       0x2e /usr/lib/gcc/arm-none-eabi/13.2.1/../../../arm-none-eabi/lib/thumb/v7e-m/nofp/libg.a(libc_a-vfiprintf.o)
 .ARM.attributes
                0x00000ea5       0x1e /usr/lib/gcc/arm-none-eabi/13.2.1/thumb/v7e-m/nofp/libgcc.a(_arm_addsubdf3.o)
 .ARM.attributes
                0x00000ec3       0x1e /usr/lib/gcc/arm-none-eabi/13.2.1/thumb/v7e-m/nofp/libgcc.a(_arm_muldivdf3.o)
 .ARM.attributes
                0x00000ee1       0x1e /usr/lib/gcc/arm-none-eabi/13.2.1/thumb/v7e-m/nofp/libgcc.a(_arm_cmpdf2.o)
 .ARM.attributes
                0x00000eff       0x1e /usr/lib/gcc/arm-none-eabi/13.2.1/thumb/v7e-m/nofp/libgcc.a(_arm_unorddf2.o)
 .ARM.attributes
                0x00000f1d       0x1e /usr/lib/gcc/arm-none-eabi/13.2.1/thumb/v7e-m/nofp/libgcc.a(_arm_fixdfsi.o)
 .ARM.attributes
                0x00000f3b       0x2e /usr/lib/gcc/arm-none-eabi/13.2.1/thumb/v7e-m/nofp/crtend.o
 .ARM.attributes
                0x00000f69       0x1e /usr/lib/gcc/arm-none-eabi/13.2.1/thumb/v7e-m/nofp/crtn.o

.comment        0x00000000       0x26
 .comment       0x00000000       0x26 /usr/lib/gcc/arm-none-eabi/13.2.1/thumb/v7e-m/nofp/crtbegin.o
                                 0x27 (size before relaxing)
 .comment       0x00000026       0x27 CMakeFiles/ThreatProxy.dir/Core/Src/main.c.o
 .comment       0x00000026       0x27 CMakeFiles/ThreatProxy.dir/Core/Src/stm32l4xx_it.c.o
 .comment       0x00000026       0x27 CMakeFiles/ThreatProxy.dir/Core/Src/stm32l4xx_hal_msp.c.o
 .comment       0x00000026       0x27 CMakeFiles/ThreatProxy.dir/Core/Src/sysmem.c.o
 .comment       0x00000026       0x27 CMakeFiles/ThreatProxy.dir/Core/Src/syscalls.c.o
 .comment       0x00000026       0x27 cmake/stm32cubemx/CMakeFiles/STM32_Drivers.dir/__/__/Core/Src/system_stm32l4xx.c.o
 .comment       0x00000026       0x27 cmake/stm32cubemx/CMakeFiles/STM32_Drivers.dir/__/__/Drivers/STM32L4xx_HAL_Driver/Src/stm32l4xx_hal_dfsdm.c.o
 .comment       0x00000026       0x27 cmake/stm32cubemx/CMakeFiles/STM32_Drivers.dir/__/__/Drivers/STM32L4xx_HAL_Driver/Src/stm32l4xx_hal.c.o
 .comment       0x00000026       0x27 cmake/stm32cubemx/CMakeFiles/STM32_Drivers.dir/__/__/Drivers/STM32L4xx_HAL_Driver/Src/stm32l4xx_hal_rcc.c.o
 .comment       0x00000026       0x27 cmake/stm32cubemx/CMakeFiles/STM32_Drivers.dir/__/__/Drivers/STM32L4xx_HAL_Driver/Src/stm32l4xx_hal_rcc_ex.c.o
 .comment       0x00000026       0x27 cmake/stm32cubemx/CMakeFiles/STM32_Drivers.dir/__/__/Drivers/STM32L4xx_HAL_Driver/Src/stm32l4xx_hal_gpio.c.o
 .comment       0x00000026       0x27 cmake/stm32cubemx/CMakeFiles/STM32_Drivers.dir/__/__/Drivers/STM32L4xx_HAL_Driver/Src/stm32l4xx_hal_i2c.c.o
 .comment       0x00000026       0x27 cmake/stm32cubemx/CMakeFiles/STM32_Drivers.dir/__/__/Drivers/STM32L4xx_HAL_Driver/Src/stm32l4xx_hal_i2c_ex.c.o
 .comment       0x00000026       0x27 cmake/stm32cubemx/CMakeFiles/STM32_Drivers.dir/__/__/Drivers/STM32L4xx_HAL_Driver/Src/stm32l4xx_hal_dma.c.o
 .comment       0x00000026       0x27 cmake/stm32cubemx/CMakeFiles/STM32_Drivers.dir/__/__/Drivers/STM32L4xx_HAL_Driver/Src/stm32l4xx_hal_pwr.c.o
 .comment       0x00000026       0x27 cmake/stm32cubemx/CMakeFiles/STM32_Drivers.dir/__/__/Drivers/STM32L4xx_HAL_Driver/Src/stm32l4xx_hal_pwr_ex.c.o
 .comment       0x00000026       0x27 cmake/stm32cubemx/CMakeFiles/STM32_Drivers.dir/__/__/Drivers/STM32L4xx_HAL_Driver/Src/stm32l4xx_hal_cortex.c.o
 .comment       0x00000026       0x27 cmake/stm32cubemx/CMakeFiles/STM32_Drivers.dir/__/__/Drivers/STM32L4xx_HAL_Driver/Src/stm32l4xx_hal_qspi.c.o
 .comment       0x00000026       0x27 cmake/stm32cubemx/CMakeFiles/STM32_Drivers.dir/__/__/Drivers/STM32L4xx_HAL_Driver/Src/stm32l4xx_hal_spi.c.o
 .comment       0x00000026       0x27 cmake/stm32cubemx/CMakeFiles/STM32_Drivers.dir/__/__/Drivers/STM32L4xx_HAL_Driver/Src/stm32l4xx_hal_uart.c.o