Archive member included to satisfy reference by file (symbol)

/usr/lib/gcc/arm-none-eabi/13.2.1/thumb/v7e-m/nofp/libgcc.a(_aeabi_uldivmod.o)
                              cmake/stm32cubemx/CMakeFiles/STM32_Drivers.dir/__/__/Drivers/STM32L4xx_HAL_Driver/Src/stm32l4xx_hal_uart.c.o (__aeabi_uldivmod)
/usr/lib/gcc/arm-none-eabi/13.2.1/thumb/v7e-m/nofp/libgcc.a(_udivmoddi4.o)
                              /usr/lib/gcc/arm-none-eabi/13.2.1/thumb/v7e-m/nofp/libgcc.a(_aeabi_uldivmod.o) (__udivmoddi4)
/usr/lib/gcc/arm-none-eabi/13.2.1/thumb/v7e-m/nofp/libgcc.a(_dvmd_tls.o)
                              /usr/lib/gcc/arm-none-eabi/13.2.1/thumb/v7e-m/nofp/libgcc.a(_aeabi_uldivmod.o) (__aeabi_ldiv0)
/usr/lib/gcc/arm-none-eabi/13.2.1/../../../arm-none-eabi/lib/thumb/v7e-m/nofp/libg.a(libc_a-memset.o)
                              /usr/lib/gcc/arm-none-eabi/13.2.1/../../../arm-none-eabi/lib/thumb/v7e-m/nofp/crt0.o (memset)
/usr/lib/gcc/arm-none-eabi/13.2.1/../../../arm-none-eabi/lib/thumb/v7e-m/nofp/libg.a(libc_a-fflush.o)
                              CMakeFiles/ThreatProxy.dir/Core/Src/main.c.o (fflush)
/usr/lib/gcc/arm-none-eabi/13.2.1/../../../arm-none-eabi/lib/thumb/v7e-m/nofp/libg.a(libc_a-errno.o)
                              CMakeFiles/ThreatProxy.dir/Core/Src/sysmem.c.o (__errno)
/usr/lib/gcc/arm-none-eabi/13.2.1/../../../arm-none-eabi/lib/thumb/v7e-m/nofp/libg.a(libc_a-impure.o)
                              CMakeFiles/ThreatProxy.dir/Core/Src/main.c.o (_impure_ptr)
/usr/lib/gcc/arm-none-eabi/13.2.1/../../../arm-none-eabi/lib/thumb/v7e-m/nofp/libg.a(libc_a-putchar.o)
                              CMakeFiles/ThreatProxy.dir/Core/Src/main.c.o (putchar)
/usr/lib/gcc/arm-none-eabi/13.2.1/../../../arm-none-eabi/lib/thumb/v7e-m/nofp/libg.a(libc_a-freer.o)
                              /usr/lib/gcc/arm-none-eabi/13.2.1/../../../arm-none-eabi/lib/thumb/v7e-m/nofp/libg.a(libc_a-fflush.o) (_free_r)
/usr/lib/gcc/arm-none-eabi/13.2.1/../../../arm-none-eabi/lib/thumb/v7e-m/nofp/libg.a(libc_a-putc.o)
                              /usr/lib/gcc/arm-none-eabi/13.2.1/../../../arm-none-eabi/lib/thumb/v7e-m/nofp/libg.a(libc_a-putchar.o) (_putc_r)
/usr/lib/gcc/arm-none-eabi/13.2.1/../../../arm-none-eabi/lib/thumb/v7e-m/nofp/libg.a(libc_a-sysconf.o)
                              /usr/lib/gcc/arm-none-eabi/13.2.1/../../../arm-none-eabi/lib/thumb/v7e-m/nofp/libg.a(libc_a-freer.o) (sysconf)
/usr/lib/gcc/arm-none-eabi/13.2.1/../../../arm-none-eabi/lib/thumb/v7e-m/nofp/libg.a(libc_a-init.o)
                              /usr/lib/gcc/arm-none-eabi/13.2.1/../../../arm-none-eabi/lib/thumb/v7e-m/nofp/crt0.o (__libc_init_array)
/usr/lib/gcc/arm-none-eabi/13.2.1/../../../arm-none-eabi/lib/thumb/v7e-m/nofp/libg.a(libc_a-wbuf.o)
                              /usr/lib/gcc/arm-none-eabi/13.2.1/../../../arm-none-eabi/lib/thumb/v7e-m/nofp/libg.a(libc_a-putc.o) (__swbuf_r)
/usr/lib/gcc/arm-none-eabi/13.2.1/../../../arm-none-eabi/lib/thumb/v7e-m/nofp/libg.a(libc_a-mlock.o)
                              /usr/lib/gcc/arm-none-eabi/13.2.1/../../../arm-none-eabi/lib/thumb/v7e-m/nofp/libg.a(libc_a-freer.o) (__malloc_lock)
/usr/lib/gcc/arm-none-eabi/13.2.1/../../../arm-none-eabi/lib/thumb/v7e-m/nofp/libg.a(libc_a-findfp.o)
                              /usr/lib/gcc/arm-none-eabi/13.2.1/../../../arm-none-eabi/lib/thumb/v7e-m/nofp/libg.a(libc_a-fflush.o) (__sinit)
/usr/lib/gcc/arm-none-eabi/13.2.1/../../../arm-none-eabi/lib/thumb/v7e-m/nofp/libg.a(libc_a-puts.o)
                              CMakeFiles/ThreatProxy.dir/Core/Src/main.c.o (puts)
/usr/lib/gcc/arm-none-eabi/13.2.1/../../../arm-none-eabi/lib/thumb/v7e-m/nofp/libg.a(libc_a-fvwrite.o)
                              /usr/lib/gcc/arm-none-eabi/13.2.1/../../../arm-none-eabi/lib/thumb/v7e-m/nofp/libg.a(libc_a-puts.o) (__sfvwrite_r)
/usr/lib/gcc/arm-none-eabi/13.2.1/../../../arm-none-eabi/lib/thumb/v7e-m/nofp/libg.a(libc_a-exit.o)
                              /usr/lib/gcc/arm-none-eabi/13.2.1/../../../arm-none-eabi/lib/thumb/v7e-m/nofp/crt0.o (exit)
/usr/lib/gcc/arm-none-eabi/13.2.1/../../../arm-none-eabi/lib/thumb/v7e-m/nofp/libg.a(libc_a-atexit.o)
                              /usr/lib/gcc/arm-none-eabi/13.2.1/../../../arm-none-eabi/lib/thumb/v7e-m/nofp/crt0.o (atexit)
/usr/lib/gcc/arm-none-eabi/13.2.1/../../../arm-none-eabi/lib/thumb/v7e-m/nofp/libg.a(libc_a-printf.o)
                              CMakeFiles/ThreatProxy.dir/Core/Src/main.c.o (printf)
/usr/lib/gcc/arm-none-eabi/13.2.1/../../../arm-none-eabi/lib/thumb/v7e-m/nofp/libg.a(libc_a-sbrkr.o)
                              /usr/lib/gcc/arm-none-eabi/13.2.1/../../../arm-none-eabi/lib/thumb/v7e-m/nofp/libg.a(libc_a-freer.o) (_sbrk_r)
/usr/lib/gcc/arm-none-eabi/13.2.1/../../../arm-none-eabi/lib/thumb/v7e-m/nofp/libg.a(libc_a-fini.o)
                              /usr/lib/gcc/arm-none-eabi/13.2.1/../../../arm-none-eabi/lib/thumb/v7e-m/nofp/crt0.o (__libc_fini_array)
[...]
Memory Configuration

Name             Origin             Length             Attributes
RAM              0x20000000         0x00018000         xrw
RAM2             0x10000000         0x00008000         xrw
FLASH            0x08000000         0x00100000         xr
*default*        0x00000000         0xffffffff

Linker script and memory map

LOAD /usr/lib/gcc/arm-none-eabi/13.2.1/thumb/v7e-m/nofp/crti.o
LOAD /usr/lib/gcc/arm-none-eabi/13.2.1/thumb/v7e-m/nofp/crtbegin.o
LOAD /usr/lib/gcc/arm-none-eabi/13.2.1/../../../arm-none-eabi/lib/thumb/v7e-m/nofp/crt0.o
LOAD CMakeFiles/ThreatProxy.dir/Core/Src/main.c.o
LOAD CMakeFiles/ThreatProxy.dir/Core/Src/stm32l4xx_it.c.o
LOAD CMakeFiles/ThreatProxy.dir/Core/Src/stm32l4xx_hal_msp.c.o
LOAD CMakeFiles/ThreatProxy.dir/Core/Src/sysmem.c.o
LOAD CMakeFiles/ThreatProxy.dir/Core/Src/syscalls.c.o
LOAD CMakeFiles/ThreatProxy.dir/startup_stm32l475xx.s.o
LOAD cmake/stm32cubemx/CMakeFiles/STM32_Drivers.dir/__/__/Core/Src/system_stm32l4xx.c.o
LOAD cmake/stm32cubemx/CMakeFiles/STM32_Drivers.dir/__/__/Drivers/STM32L4xx_HAL_Driver/Src/stm32l4xx_hal_dfsdm.c.o
LOAD cmake/stm32cubemx/CMakeFiles/STM32_Drivers.dir/__/__/Drivers/STM32L4xx_HAL_Driver/Src/stm32l4xx_hal.c.o
LOAD cmake/stm32cubemx/CMakeFiles/STM32_Drivers.dir/__/__/Drivers/STM32L4xx_HAL_Driver/Src/stm32l4xx_hal_rcc.c.o
LOAD cmake/stm32cubemx/CMakeFiles/STM32_Drivers.dir/__/__/Drivers/STM32L4xx_HAL_Driver/Src/stm32l4xx_hal_rcc_ex.c.o
LOAD cmake/stm32cubemx/CMakeFiles/STM32_Drivers.dir/__/__/Drivers/STM32L4xx_HAL_Driver/Src/stm32l4xx_hal_flash.c.o
LOAD cmake/stm32cubemx/CMakeFiles/STM32_Drivers.dir/__/__/Drivers/STM32L4xx_HAL_Driver/Src/stm32l4xx_hal_flash_ex.c.o
LOAD cmake/stm32cubemx/CMakeFiles/STM32_Drivers.dir/__/__/Drivers/STM32L4xx_HAL_Driver/Src/stm32l4xx_hal_flash_ramfunc.c.o
LOAD cmake/stm32cubemx/CMakeFiles/STM32_Drivers.dir/__/__/Drivers/STM32L4xx_HAL_Driver/Src/stm32l4xx_hal_gpio.c.o
LOAD cmake/stm32cubemx/CMakeFiles/STM32_Drivers.dir/__/__/Drivers/STM32L4xx_HAL_Driver/Src/stm32l4xx_hal_i2c.c.o
LOAD cmake/stm32cubemx/CMakeFiles/STM32_Drivers.dir/__/__/Drivers/STM32L4xx_HAL_Driver/Src/stm32l4xx_hal_i2c_ex.c.o
LOAD cmake/stm32cubemx/CMakeFiles/STM32_Drivers.dir/__/__/Drivers/STM32L4xx_HAL_Driver/Src/stm32l4xx_hal_dma.c.o
LOAD cmake/stm32cubemx/CMakeFiles/STM32_Drivers.dir/__/__/Drivers/STM32L4xx_HAL_Driver/Src/stm32l4xx_hal_dma_ex.c.o
LOAD cmake/stm32cubemx/CMakeFiles/STM32_Drivers.dir/__/__/Drivers/STM32L4xx_HAL_Driver/Src/stm32l4xx_hal_pwr.c.o
LOAD cmake/stm32cubemx/CMakeFiles/STM32_Drivers.dir/__/__/Drivers/STM32L4xx_HAL_Driver/Src/stm32l4xx_hal_pwr_ex.c.o
LOAD cmake/stm32cubemx/CMakeFiles/STM32_Drivers.dir/__/__/Drivers/STM32L4xx_HAL_Driver/Src/stm32l4xx_hal_cortex.c.o
LOAD cmake/stm32cubemx/CMakeFiles/STM32_Drivers.dir/__/__/Drivers/STM32L4xx_HAL_Driver/Src/stm32l4xx_hal_exti.c.o
LOAD cmake/stm32cubemx/CMakeFiles/STM32_Drivers.dir/__/__/Drivers/STM32L4xx_HAL_Driver/Src/stm32l4xx_hal_qspi.c.o
LOAD cmake/stm32cubemx/CMakeFiles/STM32_Drivers.dir/__/__/Drivers/STM32L4xx_HAL_Driver/Src/stm32l4xx_hal_spi.c.o
LOAD cmake/stm32cubemx/CMakeFiles/STM32_Drivers.dir/__/__/Drivers/STM32L4xx_HAL_Driver/Src/stm32l4xx_hal_spi_ex.c.o
LOAD cmake/stm32cubemx/CMakeFiles/STM32_Drivers.dir/__/__/Drivers/STM32L4xx_HAL_Driver/Src/stm32l4xx_hal_uart.c.o
LOAD cmake/stm32cubemx/CMakeFiles/STM32_Drivers.dir/__/__/Drivers/STM32L4xx_HAL_Driver/Src/stm32l4xx_hal_uart_ex.c.o
LOAD cmake/stm32cubemx/CMakeFiles/STM32_Drivers.dir/__/__/Drivers/STM32L4xx_HAL_Driver/Src/stm32l4xx_hal_pcd.c.o
LOAD cmake/stm32cubemx/CMakeFiles/STM32_Drivers.dir/__/__/Drivers/STM32L4xx_HAL_Driver/Src/stm32l4xx_hal_pcd_ex.c.o
LOAD cmake/stm32cubemx/CMakeFiles/STM32_Drivers.dir/__/__/Drivers/STM32L4xx_HAL_Driver/Src/stm32l4xx_ll_usb.c.o
START GROUP
LOAD /usr/lib/gcc/arm-none-eabi/13.2.1/thumb/v7e-m/nofp/libgcc.a
LOAD /usr/lib/gcc/arm-none-eabi/13.2.1/../../../arm-none-eabi/lib/thumb/v7e-m/nofp/libg.a
LOAD /usr/lib/gcc/arm-none-eabi/13.2.1/../../../arm-none-eabi/lib/thumb/v7e-m/nofp/libc.a
END GROUP
LOAD /usr/lib/gcc/arm-none-eabi/13.2.1/thumb/v7e-m/nofp/crtend.o
LOAD /usr/lib/gcc/arm-none-eabi/13.2.1/thumb/v7e-m/nofp/crtn.o
                0x20018000                        _estack = (ORIGIN (RAM) + LENGTH (RAM))
                0x00000200                        _Min_Heap_Size = 0x200
                0x00000400                        _Min_Stack_Size = 0x400

.isr_vector     0x08000000      0x188
                0x08000000                        . = ALIGN (0x8)
 *(.isr_vector)
 .isr_vector    0x08000000      0x188 CMakeFiles/ThreatProxy.dir/startup_stm32l475xx.s.o
                0x08000000                g_pfnVectors
                0x08000188                        . = ALIGN (0x8)

.text           0x080001c0    0x204d0
                0x080001c0                        . = ALIGN (0x8)
 *(.text)
 .text          0x080001c0       0x88 /usr/lib/gcc/arm-none-eabi/13.2.1/thumb/v7e-m/nofp/crtbegin.o
 .text          0x08000248      0x99c CMakeFiles/ThreatProxy.dir/Core/Src/main.c.o
                0x08000248                _write
                0x08000274                main
                0x080004e0                SystemClock_Config
                0x08000bd8                Error_Handler
 .text          0x08000be4       0xa0 CMakeFiles/ThreatProxy.dir/Core/Src/stm32l4xx_it.c.o
                0x08000be4                NMI_Handler
                0x08000bea                HardFault_Handler
                0x08000bf0                MemManage_Handler
                0x08000bf6                BusFault_Handler
                0x08000bfc                UsageFault_Handler
                0x08000c02                SVC_Handler
                0x08000c0e                DebugMon_Handler
                0x08000c1a                PendSV_Handler
                0x08000c26                SysTick_Handler
                0x08000c32                EXTI9_5_IRQHandler
                0x08000c54                EXTI15_10_IRQHandler
 .text          0x08000c84      0x730 CMakeFiles/ThreatProxy.dir/Core/Src/stm32l4xx_hal_msp.c.o
                0x08000c84                HAL_MspInit
                0x08000cc8                HAL_DFSDM_ChannelMspInit
                0x08000d90                HAL_DFSDM_ChannelMspDeInit
                0x08000dd4                HAL_I2C_MspInit
                0x08000e90                HAL_I2C_MspDeInit
                0x08000ed8                HAL_QSPI_MspInit
                0x08000f60                HAL_QSPI_MspDeInit
                0x08000f9c                HAL_SPI_MspInit
                0x08001024                HAL_SPI_MspDeInit
                0x08001060                HAL_UART_MspInit
                0x080011a8                HAL_UART_MspDeInit
                0x0800120c                HAL_PCD_MspInit
                0x08001344                HAL_PCD_MspDeInit
 .text          0x080013b4       0x6c CMakeFiles/ThreatProxy.dir/Core/Src/sysmem.c.o
                0x080013b4                _sbrk
 .text          0x08001420      0x202 CMakeFiles/ThreatProxy.dir/Core/Src/syscalls.c.o
                0x08001420                initialise_monitor_handles
                0x0800142c                _getpid
                0x0800143a                _kill
                0x0800145a                _exit
                0x0800146e                _read
                0x080014e0                _close
                0x080014f6                _fstat
                0x08001514                _isatty
                0x08001528                _lseek
                0x08001540                _open
                0x0800155a                _wait
                0x08001578                _unlink
                0x08001596                _times
                0x080015ac                _stat
                0x080015ca                _link
                0x080015ea                _fork
                0x08001600                _execve
 *fill*         0x08001622        0x2 
 .text          0x08001624      0x168 cmake/stm32cubemx/CMakeFiles/STM32_Drivers.dir/__/__/Core/Src/system_stm32l4xx.c.o
                0x08001624                SystemInit
                0x08001630                SystemCoreClockUpdate
 .text          0x0800178c     0x1cb0 cmake/stm32cubemx/CMakeFiles/STM32_Drivers.dir/__/__/Drivers/STM32L4xx_HAL_Driver/Src/stm32l4xx_hal_dfsdm.c.o
                0x0800178c                HAL_DFSDM_ChannelInit
                0x0800190c                HAL_DFSDM_ChannelDeInit
                0x080019c4                HAL_DFSDM_ChannelCkabStart
                0x08001a58                HAL_DFSDM_ChannelPollForCkab
                0x08001adc                HAL_DFSDM_ChannelCkabStop
                0x08001b30                HAL_DFSDM_ChannelCkabStart_IT
                0x08001bd0                HAL_DFSDM_ChannelCkabCallback
                0x08001be2                HAL_DFSDM_ChannelCkabStop_IT
                0x08001c44                HAL_DFSDM_ChannelScdStart
                0x08001caa                HAL_DFSDM_ChannelPollForScd
                0x08001d28                HAL_DFSDM_ChannelScdStop
                0x08001d7c                HAL_DFSDM_ChannelScdStart_IT
                0x08001df4                HAL_DFSDM_ChannelScdCallback
                0x08001e06                HAL_DFSDM_ChannelScdStop_IT
                0x08001e68                HAL_DFSDM_ChannelGetAwdValue
                0x08001e82                HAL_DFSDM_ChannelModifyOffset
                0x08001ecc                HAL_DFSDM_ChannelGetState
                0x08001ee4                HAL_DFSDM_FilterInit
                0x08002098                HAL_DFSDM_FilterDeInit
                0x080020d2                HAL_DFSDM_FilterMspInit
                0x080020e4                HAL_DFSDM_FilterMspDeInit
                0x080020f6                HAL_DFSDM_FilterConfigRegChannel
                0x0800217e                HAL_DFSDM_FilterConfigInjChannel
                0x080021dc                HAL_DFSDM_FilterRegularStart
                0x08002212                HAL_DFSDM_FilterPollForRegConversion
                0x080022be                HAL_DFSDM_FilterRegularStop
                0x080022f4                HAL_DFSDM_FilterRegularStart_IT
                0x0800233a                HAL_DFSDM_FilterRegularStop_IT
                0x08002380                HAL_DFSDM_FilterRegularStart_DMA
                0x08002484                HAL_DFSDM_FilterRegularMsbStart_DMA
                0x08002588                HAL_DFSDM_FilterRegularStop_DMA
                0x080025c8                HAL_DFSDM_FilterGetRegularValue
                0x08002604                HAL_DFSDM_FilterInjectedStart
                0x0800263a                HAL_DFSDM_FilterPollForInjConversion
                0x08002706                HAL_DFSDM_FilterInjectedStop
                0x0800273c                HAL_DFSDM_FilterInjectedStart_IT
                0x08002782                HAL_DFSDM_FilterInjectedStop_IT
                0x080027c8                HAL_DFSDM_FilterInjectedStart_DMA
                0x080028bc                HAL_DFSDM_FilterInjectedMsbStart_DMA
                0x080029b0                HAL_DFSDM_FilterInjectedStop_DMA
                0x080029f0                HAL_DFSDM_FilterGetInjectedValue
                0x08002a2c                HAL_DFSDM_FilterAwdStart_IT
                0x08002afe                HAL_DFSDM_FilterAwdStop_IT
                0x08002b7e                HAL_DFSDM_FilterExdStart
                0x08002bdc                HAL_DFSDM_FilterExdStop
                0x08002c32                HAL_DFSDM_FilterGetExdMaxValue
                0x08002c6e                HAL_DFSDM_FilterGetExdMinValue
                0x08002caa                HAL_DFSDM_FilterGetConvTimeValue
                0x08002ccc                HAL_DFSDM_IRQHandler
                0x08002f94                HAL_DFSDM_FilterRegConvCpltCallback
                0x08002fa6                HAL_DFSDM_FilterRegConvHalfCpltCallback
                0x08002fb8                HAL_DFSDM_FilterInjConvCpltCallback
                0x08002fca                HAL_DFSDM_FilterInjConvHalfCpltCallback
                0x08002fdc                HAL_DFSDM_FilterAwdCallback
                0x08002ff2                HAL_DFSDM_FilterErrorCallback
                0x08003004                HAL_DFSDM_FilterGetState
                0x0800301c                HAL_DFSDM_FilterGetError
 .text          0x0800343c      0x4ec cmake/stm32cubemx/CMakeFiles/STM32_Drivers.dir/__/__/Drivers/STM32L4xx_HAL_Driver/Src/stm32l4xx_hal.c.o
                0x0800343c                HAL_Init
                0x0800346c                HAL_DeInit
                0x080034e0                HAL_MspDeInit
                0x080034ec                HAL_InitTick
                0x08003564                HAL_IncTick
                0x08003588                HAL_GetTick
                0x0800359c                HAL_GetTickPrio
                0x080035b0                HAL_SetTickFreq
                0x08003600                HAL_GetTickFreq
                0x08003614                HAL_Delay
                0x0800365c                HAL_SuspendTick
                0x08003678                HAL_ResumeTick
                0x08003694                HAL_GetHalVersion
                0x080036a8                HAL_GetREVID
                0x080036c0                HAL_GetDEVID
                0x080036d8                HAL_GetUIDw0
                0x080036ec                HAL_GetUIDw1
                0x08003700                HAL_GetUIDw2
                0x08003714                HAL_DBGMCU_EnableDBGSleepMode
                0x08003730                HAL_DBGMCU_DisableDBGSleepMode
                0x0800374c                HAL_DBGMCU_EnableDBGStopMode
                0x08003768                HAL_DBGMCU_DisableDBGStopMode
                0x08003784                HAL_DBGMCU_EnableDBGStandbyMode
                0x080037a0                HAL_DBGMCU_DisableDBGStandbyMode
                0x080037bc                HAL_SYSCFG_SRAM2Erase
                0x080037e4                HAL_SYSCFG_EnableMemorySwappingBank
                0x080037fc                HAL_SYSCFG_DisableMemorySwappingBank
                0x08003814                HAL_SYSCFG_VREFBUF_VoltageScalingConfig
                0x0800383c                HAL_SYSCFG_VREFBUF_HighImpedanceConfig
                0x08003864                HAL_SYSCFG_VREFBUF_TrimmingConfig
                0x0800388c                HAL_SYSCFG_EnableVREFBUF
                0x080038d4                HAL_SYSCFG_DisableVREFBUF
                0x080038f0                HAL_SYSCFG_EnableIOAnalogSwitchBooster
                0x0800390c                HAL_SYSCFG_DisableIOAnalogSwitchBooster
 .text          0x08003928     0x1010 cmake/stm32cubemx/CMakeFiles/STM32_Drivers.dir/__/__/Drivers/STM32L4xx_HAL_Driver/Src/stm32l4xx_hal_rcc.c.o
                0x08003928                HAL_RCC_DeInit
                0x08003a6c                HAL_RCC_OscConfig
                0x08004224                HAL_RCC_ClockConfig
                0x08004424                HAL_RCC_MCOConfig
                0x0800448c                HAL_RCC_GetSysClockFreq
                0x080045a0                HAL_RCC_GetHCLKFreq
                0x080045b4                HAL_RCC_GetPCLK1Freq
                0x080045e0                HAL_RCC_GetPCLK2Freq
                0x0800460c                HAL_RCC_GetOscConfig
                0x08004794                HAL_RCC_GetClockConfig
                0x080047f4                HAL_RCC_EnableCSS
                0x08004810                HAL_RCC_NMI_IRQHandler
                0x08004838                HAL_RCC_CSSCallback
                0x08004844                HAL_RCC_GetResetSource
 .text          0x08004938     0x1d4c cmake/stm32cubemx/CMakeFiles/STM32_Drivers.dir/__/__/Drivers/STM32L4xx_HAL_Driver/Src/stm32l4xx_hal_rcc_ex.c.o
                0x08004938                HAL_RCCEx_PeriphCLKConfig
                0x08004f0c                HAL_RCCEx_GetPeriphCLKConfig
                0x080050ec                HAL_RCCEx_GetPeriphCLKFreq
                0x08005bc8                HAL_RCCEx_EnablePLLSAI1
                0x08005c98                HAL_RCCEx_DisablePLLSAI1
                0x08005d0c                HAL_RCCEx_EnablePLLSAI2
                0x08005dd0                HAL_RCCEx_DisablePLLSAI2
                0x08005e44                HAL_RCCEx_WakeUpStopCLKConfig
                0x08005e6c                HAL_RCCEx_StandbyMSIRangeConfig
                0x08005e98                HAL_RCCEx_EnableLSECSS
                0x08005eb8                HAL_RCCEx_DisableLSECSS
                0x08005ee4                HAL_RCCEx_EnableLSECSS_IT
                0x08005f2c                HAL_RCCEx_LSECSS_IRQHandler
                0x08005f54                HAL_RCCEx_LSECSS_Callback
                0x08005f60                HAL_RCCEx_EnableLSCO
                0x08006044                HAL_RCCEx_DisableLSCO
                0x080060cc                HAL_RCCEx_EnableMSIPLLMode
                0x080060e8                HAL_RCCEx_DisableMSIPLLMode
 .text          0x08006684      0x658 cmake/stm32cubemx/CMakeFiles/STM32_Drivers.dir/__/__/Drivers/STM32L4xx_HAL_Driver/Src/stm32l4xx_hal_gpio.c.o
                0x08006684                HAL_GPIO_Init
                0x080069d4                HAL_GPIO_DeInit
                0x08006bbc                HAL_GPIO_ReadPin
                0x08006bea                HAL_GPIO_WritePin
                0x08006c18                HAL_GPIO_TogglePin
                0x08006c4a                HAL_GPIO_LockPin
                0x08006c98                HAL_GPIO_EXTI_IRQHandler
                0x08006cc8                HAL_GPIO_EXTI_Callback
 .text          0x08006cdc     0x557c cmake/stm32cubemx/CMakeFiles/STM32_Drivers.dir/__/__/Drivers/STM32L4xx_HAL_Driver/Src/stm32l4xx_hal_i2c.c.o
                0x08006cdc                HAL_I2C_Init
                0x08006e12                HAL_I2C_DeInit
                0x08006e94                HAL_I2C_Master_Transmit
                0x080070c4                HAL_I2C_Master_Receive
                0x080072b0                HAL_I2C_Slave_Transmit
                0x0800754a                HAL_I2C_Slave_Receive
                0x0800776a                HAL_I2C_Master_Transmit_IT
                0x0800789c                HAL_I2C_Master_Receive_IT
                0x0800797c                HAL_I2C_Slave_Transmit_IT
                0x08007a58                HAL_I2C_Slave_Receive_IT
                0x08007af8                HAL_I2C_Master_Transmit_DMA
                0x08007d20                HAL_I2C_Master_Receive_DMA
                0x08007f00                HAL_I2C_Slave_Transmit_DMA
                0x080080d8                HAL_I2C_Slave_Receive_DMA
                0x08008244                HAL_I2C_Mem_Write
                0x0800846c                HAL_I2C_Mem_Read
                0x080086a0                HAL_I2C_Mem_Write_IT
                0x080087b4                HAL_I2C_Mem_Read_IT
                0x080088c0                HAL_I2C_Mem_Write_DMA
                0x08008a8c                HAL_I2C_Mem_Read_DMA
                0x08008c58                HAL_I2C_IsDeviceReady
                0x08008e40                HAL_I2C_Master_Seq_Transmit_IT
                0x08008fbc                HAL_I2C_Master_Seq_Transmit_DMA
                0x0800925a                HAL_I2C_Master_Seq_Receive_IT
                0x08009360                HAL_I2C_Master_Seq_Receive_DMA
                0x08009568                HAL_I2C_Slave_Seq_Transmit_IT
                0x080096cc                HAL_I2C_Slave_Seq_Transmit_DMA
                0x08009958                HAL_I2C_Slave_Seq_Receive_IT
                0x08009abc                HAL_I2C_Slave_Seq_Receive_DMA
                0x08009d48                HAL_I2C_EnableListen_IT
                0x08009d88                HAL_I2C_DisableListen_IT
                0x08009dea                HAL_I2C_Master_Abort_IT
                0x08009e94                HAL_I2C_EV_IRQHandler
                0x08009ec8                HAL_I2C_ER_IRQHandler
                0x08009f8a                HAL_I2C_MasterTxCpltCallback
                0x08009f9c                HAL_I2C_MasterRxCpltCallback
                0x08009fae                HAL_I2C_SlaveTxCpltCallback
                0x08009fc0                HAL_I2C_SlaveRxCpltCallback
                0x08009fd2                HAL_I2C_AddrCallback
                0x08009fec                HAL_I2C_ListenCpltCallback
                0x08009ffe                HAL_I2C_MemTxCpltCallback
                0x0800a010                HAL_I2C_MemRxCpltCallback
                0x0800a022                HAL_I2C_ErrorCallback
                0x0800a034                HAL_I2C_AbortCpltCallback
                0x0800a046                HAL_I2C_GetState
                0x0800a060                HAL_I2C_GetMode
                0x0800a07a                HAL_I2C_GetError
 .text          0x0800c258      0x2ac cmake/stm32cubemx/CMakeFiles/STM32_Drivers.dir/__/__/Drivers/STM32L4xx_HAL_Driver/Src/stm32l4xx_hal_i2c_ex.c.o
                0x0800c258                HAL_I2CEx_ConfigAnalogFilter
                0x0800c2ec                HAL_I2CEx_ConfigDigitalFilter
                0x0800c382                HAL_I2CEx_EnableWakeUp
                0x0800c404                HAL_I2CEx_DisableWakeUp
                0x0800c486                HAL_I2CEx_EnableFastModePlus
                0x0800c4c4                HAL_I2CEx_DisableFastModePlus
 .text          0x0800c504      0x988 cmake/stm32cubemx/CMakeFiles/STM32_Drivers.dir/__/__/Drivers/STM32L4xx_HAL_Driver/Src/stm32l4xx_hal_dma.c.o
                0x0800c504                HAL_DMA_Init
                0x0800c674                HAL_DMA_DeInit
                0x0800c798                HAL_DMA_Start
                0x0800c824                HAL_DMA_Start_IT
                0x0800c8ea                HAL_DMA_Abort
                0x0800c96a                HAL_DMA_Abort_IT
                0x0800c9ec                HAL_DMA_PollForTransfer
                0x0800cb3a                HAL_DMA_IRQHandler
                0x0800ccc4                HAL_DMA_RegisterCallback
                0x0800cd52                HAL_DMA_UnRegisterCallback
                0x0800cdfc                HAL_DMA_GetState
                0x0800ce16                HAL_DMA_GetError
 .text          0x0800ce8c      0x304 cmake/stm32cubemx/CMakeFiles/STM32_Drivers.dir/__/__/Drivers/STM32L4xx_HAL_Driver/Src/stm32l4xx_hal_pwr.c.o
                0x0800ce8c                HAL_PWR_DeInit
                0x0800ceb4                HAL_PWR_EnableBkUpAccess
                0x0800ced0                HAL_PWR_DisableBkUpAccess
                0x0800ceec                HAL_PWR_ConfigPVD
                0x0800cfac                HAL_PWR_EnablePVD
                0x0800cfc8                HAL_PWR_DisablePVD
                0x0800cfe4                HAL_PWR_EnableWakeUpPin
                0x0800d024                HAL_PWR_DisableWakeUpPin
                0x0800d04c                HAL_PWR_EnterSLEEPMode
                0x0800d0b4                HAL_PWR_EnterSTOPMode
                0x0800d0e2                HAL_PWR_EnterSTANDBYMode
                0x0800d114                HAL_PWR_EnableSleepOnExit
                0x0800d130                HAL_PWR_DisableSleepOnExit
                0x0800d14c                HAL_PWR_EnableSEVOnPend
                0x0800d168                HAL_PWR_DisableSEVOnPend
                0x0800d184                HAL_PWR_PVDCallback
 .text          0x0800d190      0xc88 cmake/stm32cubemx/CMakeFiles/STM32_Drivers.dir/__/__/Drivers/STM32L4xx_HAL_Driver/Src/stm32l4xx_hal_pwr_ex.c.o
                0x0800d190                HAL_PWREx_GetVoltageRange
                0x0800d1a8                HAL_PWREx_ControlVoltageScaling
                0x0800d250                HAL_PWREx_EnableBatteryCharging
                0x0800d284                HAL_PWREx_DisableBatteryCharging
                0x0800d2a0                HAL_PWREx_EnableVddUSB
                0x0800d2bc                HAL_PWREx_DisableVddUSB
                0x0800d2d8                HAL_PWREx_EnableVddIO2
                0x0800d2f4                HAL_PWREx_DisableVddIO2
                0x0800d310                HAL_PWREx_EnableInternalWakeUpLine
                0x0800d32c                HAL_PWREx_DisableInternalWakeUpLine
                0x0800d348                HAL_PWREx_EnableGPIOPullUp
                0x0800d490                HAL_PWREx_DisableGPIOPullUp
                0x0800d56c                HAL_PWREx_EnableGPIOPullDown
                0x0800d6b4                HAL_PWREx_DisableGPIOPullDown
                0x0800d794                HAL_PWREx_EnablePullUpPullDownConfig
                0x0800d7b0                HAL_PWREx_DisablePullUpPullDownConfig
                0x0800d7cc                HAL_PWREx_EnableSRAM2ContentRetention
                0x0800d7dc                HAL_PWREx_DisableSRAM2ContentRetention
                0x0800d7ea                HAL_PWREx_SetSRAM2ContentRetention
                0x0800d830                HAL_PWREx_EnablePVM1
                0x0800d84c                HAL_PWREx_DisablePVM1
                0x0800d868                HAL_PWREx_EnablePVM2
                0x0800d884                HAL_PWREx_DisablePVM2
                0x0800d8a0                HAL_PWREx_EnablePVM3
                0x0800d8bc                HAL_PWREx_DisablePVM3
                0x0800d8d8                HAL_PWREx_EnablePVM4
                0x0800d8f4                HAL_PWREx_DisablePVM4
                0x0800d910                HAL_PWREx_ConfigPVM
                0x0800dbb2                HAL_PWREx_EnableLowPowerRunMode
                0x0800dbd0                HAL_PWREx_DisableLowPowerRunMode
                0x0800dc40                HAL_PWREx_EnterSTOP0Mode
                0x0800dc90                HAL_PWREx_EnterSTOP1Mode
                0x0800dce4                HAL_PWREx_EnterSTOP2Mode
                0x0800dd38                HAL_PWREx_EnterSHUTDOWNMode
                0x0800dd6c                HAL_PWREx_PVD_PVM_IRQHandler
                0x0800dde8                HAL_PWREx_PVM1Callback
                0x0800ddf4                HAL_PWREx_PVM2Callback
                0x0800de00                HAL_PWREx_PVM3Callback
                0x0800de0c                HAL_PWREx_PVM4Callback
 .text          0x0800de18      0x674 cmake/stm32cubemx/CMakeFiles/STM32_Drivers.dir/__/__/Drivers/STM32L4xx_HAL_Driver/Src/stm32l4xx_hal_cortex.c.o
                0x0800e1d4                HAL_NVIC_SetPriorityGrouping
                0x0800e1ea                HAL_NVIC_SetPriority
                0x0800e222                HAL_NVIC_EnableIRQ
                0x0800e23e                HAL_NVIC_DisableIRQ
                0x0800e25a                HAL_NVIC_SystemReset
                0x0800e262                HAL_SYSTICK_Config
                0x0800e27a                HAL_NVIC_GetPriorityGrouping
                0x0800e288                HAL_NVIC_GetPriority
                0x0800e2b4                HAL_NVIC_SetPendingIRQ
                0x0800e2d0                HAL_NVIC_GetPendingIRQ
                0x0800e2ee                HAL_NVIC_ClearPendingIRQ
                0x0800e30a                HAL_NVIC_GetActive
                0x0800e328                HAL_SYSTICK_CLKSourceConfig
                0x0800e360                HAL_SYSTICK_IRQHandler
                0x0800e36c                HAL_SYSTICK_Callback
                0x0800e378                HAL_MPU_Enable
                0x0800e3a4                HAL_MPU_Disable
                0x0800e3c0                HAL_MPU_EnableRegion
                0x0800e3e8                HAL_MPU_DisableRegion
                0x0800e410                HAL_MPU_ConfigRegion
 .text          0x0800e48c     0x1980 cmake/stm32cubemx/CMakeFiles/STM32_Drivers.dir/__/__/Drivers/STM32L4xx_HAL_Driver/Src/stm32l4xx_hal_qspi.c.o
                0x0800e48c                HAL_QSPI_Init
                0x0800e578                HAL_QSPI_DeInit
                0x0800e5e4                HAL_QSPI_IRQHandler
                0x0800e964                HAL_QSPI_Command
                0x0800ea20                HAL_QSPI_Command_IT
                0x0800eaec                HAL_QSPI_Transmit
                0x0800ec1a                HAL_QSPI_Receive
                0x0800ed5e                HAL_QSPI_Transmit_IT
                0x0800ee26                HAL_QSPI_Receive_IT
                0x0800ef02                HAL_QSPI_Transmit_DMA
                0x0800f118                HAL_QSPI_Receive_DMA
                0x0800f344                HAL_QSPI_AutoPolling
                0x0800f432                HAL_QSPI_AutoPolling_IT
                0x0800f522                HAL_QSPI_MemoryMapped
                0x0800f5e6                HAL_QSPI_ErrorCallback
                0x0800f5f8                HAL_QSPI_AbortCpltCallback
                0x0800f60a                HAL_QSPI_CmdCpltCallback
                0x0800f61c                HAL_QSPI_RxCpltCallback
                0x0800f62e                HAL_QSPI_TxCpltCallback
                0x0800f640                HAL_QSPI_RxHalfCpltCallback
                0x0800f652                HAL_QSPI_TxHalfCpltCallback
                0x0800f664                HAL_QSPI_FifoThresholdCallback
                0x0800f676                HAL_QSPI_StatusMatchCallback
                0x0800f688                HAL_QSPI_TimeOutCallback
                0x0800f69a                HAL_QSPI_GetState
                0x0800f6b4                HAL_QSPI_GetError
                0x0800f6ca                HAL_QSPI_Abort
                0x0800f7bc                HAL_QSPI_Abort_IT
                0x0800f88c                HAL_QSPI_SetTimeout
                0x0800f8a6                HAL_QSPI_SetFifoThreshold
                0x0800f912                HAL_QSPI_GetFifoThreshold
 .text          0x0800fe0c     0x2c98 cmake/stm32cubemx/CMakeFiles/STM32_Drivers.dir/__/__/Drivers/STM32L4xx_HAL_Driver/Src/stm32l4xx_hal_spi.c.o
                0x0800fe0c                HAL_SPI_Init
                0x0800ff52                HAL_SPI_DeInit
                0x0800ffc6                HAL_SPI_Transmit
                0x080102b2                HAL_SPI_Receive
                0x08010522                HAL_SPI_TransmitReceive
                0x08010960                HAL_SPI_Transmit_IT
                0x08010a6c                HAL_SPI_Receive_IT
                0x08010bc0                HAL_SPI_TransmitReceive_IT
                0x08010d14                HAL_SPI_Transmit_DMA
                0x08010ef0                HAL_SPI_Receive_DMA
                0x08011130                HAL_SPI_TransmitReceive_DMA
                0x0801143c                HAL_SPI_Abort
                0x0801167c                HAL_SPI_Abort_IT
                0x08011870                HAL_SPI_DMAPause
                0x080118b2                HAL_SPI_DMAResume
                0x080118f4                HAL_SPI_DMAStop
                0x08011972                HAL_SPI_IRQHandler
                0x08011b70                HAL_SPI_TxCpltCallback
                0x08011b82                HAL_SPI_RxCpltCallback
                0x08011b94                HAL_SPI_TxRxCpltCallback
                0x08011ba6                HAL_SPI_TxHalfCpltCallback
                0x08011bb8                HAL_SPI_RxHalfCpltCallback
                0x08011bca                HAL_SPI_TxRxHalfCpltCallback
                0x08011bdc                HAL_SPI_ErrorCallback
                0x08011bee                HAL_SPI_AbortCpltCallback
                0x08011c00                HAL_SPI_GetState
                0x08011c1a                HAL_SPI_GetError
 .text          0x08012aa4     0x35b8 cmake/stm32cubemx/CMakeFiles/STM32_Drivers.dir/__/__/Drivers/STM32L4xx_HAL_Driver/Src/stm32l4xx_hal_uart.c.o
                0x08012aa4                HAL_UART_Init
                0x08012b40                HAL_HalfDuplex_Init
                0x08012bec                HAL_LIN_Init
                0x08012cc8                HAL_MultiProcessor_Init
                0x08012d9c                HAL_UART_DeInit
                0x08012e3a                HAL_UART_Transmit
                0x08012f60                HAL_UART_Receive
                0x08013100                HAL_UART_Transmit_IT
                0x080131bc                HAL_UART_Receive_IT
                0x08013254                HAL_UART_Transmit_DMA
                0x0801334c                HAL_UART_Receive_DMA
                0x080133e4                HAL_UART_DMAPause
                0x080134fc                HAL_UART_DMAResume
                0x08013600                HAL_UART_DMAStop
                0x08013724                HAL_UART_Abort
                0x08013906                HAL_UART_AbortTransmit
                0x080139ce                HAL_UART_AbortReceive
                0x08013b24                HAL_UART_Abort_IT
                0x08013d60                HAL_UART_AbortTransmit_IT
                0x08013e40                HAL_UART_AbortReceive_IT
                0x08013fc0                HAL_UART_IRQHandler
                0x080145ca                HAL_UART_TxCpltCallback
                0x080145dc                HAL_UART_TxHalfCpltCallback
                0x080145ee                HAL_UART_RxCpltCallback
                0x08014600                HAL_UART_RxHalfCpltCallback
                0x08014612                HAL_UART_ErrorCallback
                0x08014624                HAL_UART_AbortCpltCallback
                0x08014636                HAL_UART_AbortTransmitCpltCallback
                0x08014648                HAL_UART_AbortReceiveCpltCallback
                0x0801465a                HAL_UARTEx_RxEventCallback
                0x08014670                HAL_UART_ReceiverTimeout_Config
                0x080146a8                HAL_UART_EnableReceiverTimeout
                0x08014714                HAL_UART_DisableReceiverTimeout
                0x08014780                HAL_MultiProcessor_EnableMuteMode
                0x080147ec                HAL_MultiProcessor_DisableMuteMode
                0x08014858                HAL_MultiProcessor_EnterMuteMode
                0x0801487a                HAL_HalfDuplex_EnableTransmitter
                0x0801491c                HAL_HalfDuplex_EnableReceiver
                0x080149be                HAL_LIN_SendBreak
                0x08014a0c                HAL_UART_GetState
                0x08014a32                HAL_UART_GetError
                0x08014a4a                UART_SetConfig
                0x08014fb8                UART_AdvFeatureConfig
                0x080150fa                UART_CheckIdleState
                0x0801524a                UART_WaitOnFlagUntilTimeout
                0x08015324                UART_Start_Receive_IT
                0x080154b0                UART_Start_Receive_DMA
 .text          0x0801605c      0x72a cmake/stm32cubemx/CMakeFiles/STM32_Drivers.dir/__/__/Drivers/STM32L4xx_HAL_Driver/Src/stm32l4xx_hal_uart_ex.c.o
                0x0801605c                HAL_RS485Ex_Init
                0x0801612a                HAL_UARTEx_WakeupCallback
                0x0801613c                HAL_UARTEx_EnableClockStopMode
                0x080161a2                HAL_UARTEx_DisableClockStopMode
                0x08016208                HAL_MultiProcessorEx_AddressLength_Set
                0x08016266                HAL_UARTEx_StopModeWakeUpSourceConfig
                0x08016318                HAL_UARTEx_EnableStopMode
                0x0801637c                HAL_UARTEx_DisableStopMode
                0x080163e0                HAL_UARTEx_ReceiveToIdle
                0x080165e4                HAL_UARTEx_ReceiveToIdle_IT
                0x08016684                HAL_UARTEx_ReceiveToIdle_DMA
                0x0801672c                HAL_UARTEx_GetRxEventType
 *fill*         0x08016786        0x2 
 .text          0x08016788     0x1564 cmake/stm32cubemx/CMakeFiles/STM32_Drivers.dir/__/__/Drivers/STM32L4xx_HAL_Driver/Src/stm32l4xx_hal_pcd.c.o
                0x08016788                HAL_PCD_Init
                0x080169a6                HAL_PCD_DeInit
                0x08016a10                HAL_PCD_Start
                0x08016a6e                HAL_PCD_Stop
                0x08016ad8                HAL_PCD_IRQHandler
                0x08017438                HAL_PCD_DataOutStageCallback
                0x0801744e                HAL_PCD_DataInStageCallback
                0x08017464                HAL_PCD_SetupStageCallback
                0x08017476                HAL_PCD_SOFCallback
                0x08017488                HAL_PCD_ResetCallback
                0x0801749a                HAL_PCD_SuspendCallback
                0x080174ac                HAL_PCD_ResumeCallback
                0x080174be                HAL_PCD_ISOOUTIncompleteCallback
                0x080174d4                HAL_PCD_ISOINIncompleteCallback
                0x080174ea                HAL_PCD_ConnectCallback
                0x080174fc                HAL_PCD_DisconnectCallback
                0x0801750e                HAL_PCD_DevConnect
                0x08017562                HAL_PCD_DevDisconnect
                0x080175b6                HAL_PCD_SetAddress
                0x080175fe                HAL_PCD_EP_Open
                0x080176d2                HAL_PCD_EP_Close
                0x08017766                HAL_PCD_EP_Receive
                0x080177ca                HAL_PCD_EP_GetRxCount
                0x080177f8                HAL_PCD_EP_Transmit
                0x0801785a                HAL_PCD_EP_SetStall
                0x0801791e                HAL_PCD_EP_ClrStall
                0x080179ca                HAL_PCD_EP_Abort
                0x08017a2c                HAL_PCD_EP_Flush
                0x08017a86                HAL_PCD_ActivateRemoteWakeup
                0x08017aa2                HAL_PCD_DeActivateRemoteWakeup
                0x08017abe                HAL_PCD_GetState
 .text          0x08017cec      0x2dc cmake/stm32cubemx/CMakeFiles/STM32_Drivers.dir/__/__/Drivers/STM32L4xx_HAL_Driver/Src/stm32l4xx_hal_pcd_ex.c.o
                0x08017cec                HAL_PCDEx_SetTxFiFo
                0x08017d78                HAL_PCDEx_SetRxFiFo
                0x08017d98                HAL_PCDEx_ActivateLPM
                0x08017dde                HAL_PCDEx_DeActivateLPM
                0x08017e1c                HAL_PCDEx_BCD_VBUSDetect
                0x08017f04                HAL_PCDEx_ActivateBCD
                0x08017f56                HAL_PCDEx_DeActivateBCD
                0x08017f9c                HAL_PCDEx_LPM_Callback
                0x08017fb2                HAL_PCDEx_BCD_Callback
 .text          0x08017fc8     0x1d4c cmake/stm32cubemx/CMakeFiles/STM32_Drivers.dir/__/__/Drivers/STM32L4xx_HAL_Driver/Src/stm32l4xx_ll_usb.c.o
                0x08017fc8                USB_CoreInit
                0x08018022                USB_SetTurnaroundTime
                0x08018158                USB_EnableGlobalInt
                0x08018178                USB_DisableGlobalInt
                0x08018198                USB_SetCurrentMode
                0x08018230                USB_DevInit
                0x080184c0                USB_FlushTxFifo
                0x08018522                USB_FlushRxFifo
                0x0801857c                USB_SetDevSpeed
                0x080185ac                USB_GetDevSpeed
                0x080185e8                USB_ActivateEndpoint
                0x080186f4                USB_ActivateDedicatedEndpoint
                0x08018802                USB_DeactivateEndpoint
                0x080189b8                USB_DeactivateDedicatedEndpoint
                0x08018b1a                USB_EPStartXfer
                0x08018f88                USB_EPStopXfer
                0x08019180                USB_EPSetStall
                0x0801925a                USB_EPClearStall
                0x08019324                USB_WritePacket
                0x08019396                USB_ReadPacket
                0x08019444                USB_StopDevice
                0x080194e2                USB_SetDevAddress
                0x0801952c                USB_DevConnect
                0x0801956c                USB_DevDisconnect
                0x080195ac                USB_ReadInterrupts
                0x080195d0                USB_ReadChInterrupts
                0x08019610                USB_ReadDevAllOutEpInterrupt
                0x08019642                USB_ReadDevAllInEpInterrupt
                0x08019674                USB_ReadDevOutEPInterrupt
                0x080196ae                USB_ReadDevInEPInterrupt
                0x08019708                USB_ClearInterrupts
                0x08019728                USB_GetMode
                0x08019742                USB_ActivateSetup
                0x08019786                USB_EP0_OutStart
                0x08019882                USB_HostInit
                0x0801998c                USB_InitFSLSPClkSel
                0x08019a04                USB_ResetPort
                0x08019a58                USB_DriveVbus
                0x08019ac8                USB_GetHostSpeed
                0x08019af4                USB_GetCurrentFrame
                0x08019b14                USB_DoPing
                0x08019b88                USB_StopHost
                0x08019cac                USB_ActivateRemoteWakeup
                0x08019ce8                USB_DeActivateRemoteWakeup
 .text          0x08019d14       0x30 /usr/lib/gcc/arm-none-eabi/13.2.1/thumb/v7e-m/nofp/libgcc.a(_aeabi_uldivmod.o)
                0x08019d14                __aeabi_uldivmod
 .text          0x08019d44      0x2bc /usr/lib/gcc/arm-none-eabi/13.2.1/thumb/v7e-m/nofp/libgcc.a(_udivmoddi4.o)
                0x08019d44                __udivmoddi4
 .text          0x0801a000        0x4 /usr/lib/gcc/arm-none-eabi/13.2.1/thumb/v7e-m/nofp/libgcc.a(_dvmd_tls.o)
                0x0801a000                __aeabi_ldiv0
                0x0801a000                __aeabi_idiv0
 .text          0x0801a004       0xa4 /usr/lib/gcc/arm-none-eabi/13.2.1/../../../arm-none-eabi/lib/thumb/v7e-m/nofp/libg.a(libc_a-memset.o)
                0x0801a004                memset
 .text          0x0801a0a8      0x19c /usr/lib/gcc/arm-none-eabi/13.2.1/../../../arm-none-eabi/lib/thumb/v7e-m/nofp/libg.a(libc_a-fflush.o)
                0x0801a0a8                __sflush_r
                0x0801a1d0                _fflush_r
                0x0801a1fc                fflush
 .text          0x0801a244        0xc /usr/lib/gcc/arm-none-eabi/13.2.1/../../../arm-none-eabi/lib/thumb/v7e-m/nofp/libg.a(libc_a-errno.o)
                0x0801a244                __errno
 .text          0x0801a250       0x18 /usr/lib/gcc/arm-none-eabi/13.2.1/../../../arm-none-eabi/lib/thumb/v7e-m/nofp/libg.a(libc_a-putchar.o)
                0x0801a250                _putchar_r
                0x0801a258                putchar
 .text          0x0801a268      0x2b0 /usr/lib/gcc/arm-none-eabi/13.2.1/../../../arm-none-eabi/lib/thumb/v7e-m/nofp/libg.a(libc_a-freer.o)
                0x0801a268                _malloc_trim_r
                0x0801a320                _free_r
 .text          0x0801a518       0xa4 /usr/lib/gcc/arm-none-eabi/13.2.1/../../../arm-none-eabi/lib/thumb/v7e-m/nofp/libg.a(libc_a-putc.o)
                0x0801a518                _putc_r
                0x0801a564                putc
 .text          0x0801a5bc       0x1c /usr/lib/gcc/arm-none-eabi/13.2.1/../../../arm-none-eabi/lib/thumb/v7e-m/nofp/libg.a(libc_a-sysconf.o)
                0x0801a5bc                sysconf
 .text          0x0801a5d8       0x50 /usr/lib/gcc/arm-none-eabi/13.2.1/../../../arm-none-eabi/lib/thumb/v7e-m/nofp/libg.a(libc_a-init.o)
                0x0801a5d8                __libc_init_array
 .text          0x0801a628       0xc4 /usr/lib/gcc/arm-none-eabi/13.2.1/../../../arm-none-eabi/lib/thumb/v7e-m/nofp/libg.a(libc_a-wbuf.o)
                0x0801a628                __swbuf_r
                0x0801a6d4                __swbuf
 .text          0x0801a6ec        0x8 /usr/lib/gcc/arm-none-eabi/13.2.1/../../../arm-none-eabi/lib/thumb/v7e-m/nofp/libg.a(libc_a-mlock.o)
                0x0801a6ec                __malloc_lock
                0x0801a6f0                __malloc_unlock
 .text          0x0801a6f4      0x224 /usr/lib/gcc/arm-none-eabi/13.2.1/../../../arm-none-eabi/lib/thumb/v7e-m/nofp/libg.a(libc_a-findfp.o)
                0x0801a824                __sfp
                0x0801a8c8                __sinit
                0x0801a8e8                __sfp_lock_acquire
                0x0801a8ec                __sfp_lock_release
                0x0801a8f0                __fp_lock_all
                0x0801a904                __fp_unlock_all
 .text          0x0801a918       0x7c /usr/lib/gcc/arm-none-eabi/13.2.1/../../../arm-none-eabi/lib/thumb/v7e-m/nofp/libg.a(libc_a-puts.o)
                0x0801a918                _puts_r
                0x0801a984                puts
 .text          0x0801a994      0x2f8 /usr/lib/gcc/arm-none-eabi/13.2.1/../../../arm-none-eabi/lib/thumb/v7e-m/nofp/libg.a(libc_a-fvwrite.o)
                0x0801a994                __sfvwrite_r
 .text          0x0801ac8c        0xc /usr/lib/gcc/arm-none-eabi/13.2.1/../../../arm-none-eabi/lib/thumb/v7e-m/nofp/libg.a(libc_a-atexit.o)
                0x0801ac8c                atexit
 .text          0x0801ac98       0x48 /usr/lib/gcc/arm-none-eabi/13.2.1/../../../arm-none-eabi/lib/thumb/v7e-m/nofp/libg.a(libc_a-printf.o)
                0x0801ac98                _printf_r
                0x0801acb8                printf
 .text          0x0801ace0       0x24 /usr/lib/gcc/arm-none-eabi/13.2.1/../../../arm-none-eabi/lib/thumb/v7e-m/nofp/libg.a(libc_a-sbrkr.o)
                0x0801ace0                _sbrk_r
 .text          0x0801ad04       0x28 /usr/lib/gcc/arm-none-eabi/13.2.1/../../../arm-none-eabi/lib/thumb/v7e-m/nofp/libg.a(libc_a-fini.o)
                0x0801ad04                __libc_fini_array
 *fill*         0x0801ad2c       0x14 
 .text          0x0801ad40       0xd8 /usr/lib/gcc/arm-none-eabi/13.2.1/../../../arm-none-eabi/lib/thumb/v7e-m/nofp/libg.a(libc_a-strlen.o)
                0x0801ad40                strlen
 .text          0x0801ae18       0x44 /usr/lib/gcc/arm-none-eabi/13.2.1/../../../arm-none-eabi/lib/thumb/v7e-m/nofp/libg.a(libc_a-fwalk.o)
                0x0801ae18                _fwalk_sglue
 .text          0x0801ae5c     0x14b4 /usr/lib/gcc/arm-none-eabi/13.2.1/../../../arm-none-eabi/lib/thumb/v7e-m/nofp/libg.a(libc_a-vfprintf.o)
                0x0801ae5c                _vfprintf_r
                0x0801c28c                vfprintf
 .text          0x0801c310       0xa0 /usr/lib/gcc/arm-none-eabi/13.2.1/../../../arm-none-eabi/lib/thumb/v7e-m/nofp/libg.a(libc_a-memchr.o)
                0x0801c310                memchr
 .text          0x0801c3b0      0x100 /usr/lib/gcc/arm-none-eabi/13.2.1/../../../arm-none-eabi/lib/thumb/v7e-m/nofp/libg.a(libc_a-memmove.o)
                0x0801c3b0                memmove
 .text          0x0801c4b0      0x55c /usr/lib/gcc/arm-none-eabi/13.2.1/../../../arm-none-eabi/lib/thumb/v7e-m/nofp/libg.a(libc_a-mallocr.o)
                0x0801c4b0                _malloc_r
 *fill*         0x0801ca0c        0x4 
 .text          0x0801ca10      0xfb0 /usr/lib/gcc/arm-none-eabi/13.2.1/../../../arm-none-eabi/lib/thumb/v7e-m/nofp/libg.a(libc_a-dtoa.o)
                0x0801cb3c                _dtoa_r
 .text          0x0801d9c0       0xc4 /usr/lib/gcc/arm-none-eabi/13.2.1/../../../arm-none-eabi/lib/thumb/v7e-m/nofp/libg.a(libc_a-wsetup.o)
                0x0801d9c0                __swsetup_r
 .text          0x0801da84       0x90 /usr/lib/gcc/arm-none-eabi/13.2.1/../../../arm-none-eabi/lib/thumb/v7e-m/nofp/libg.a(libc_a-fclose.o)
                0x0801da84                _fclose_r
                0x0801db04                fclose
 .text          0x0801db14      0x134 /usr/lib/gcc/arm-none-eabi/13.2.1/../../../arm-none-eabi/lib/thumb/v7e-m/nofp/libg.a(libc_a-memcpy.o)
                0x0801db14                memcpy
 .text          0x0801dc48       0x94 /usr/lib/gcc/arm-none-eabi/13.2.1/../../../arm-none-eabi/lib/thumb/v7e-m/nofp/libg.a(libc_a-stdio.o)
                0x0801dc48                __sread
                0x0801dc6c                __seofread
                0x0801dc70                __swrite
                0x0801dcb0                __sseek
                0x0801dcd4                __sclose
 .text          0x0801dcdc       0x64 /usr/lib/gcc/arm-none-eabi/13.2.1/../../../arm-none-eabi/lib/thumb/v7e-m/nofp/libg.a(libc_a-__atexit.o)
                0x0801dcdc                __register_exitproc
 .text          0x0801dd40      0x344 /usr/lib/gcc/arm-none-eabi/13.2.1/../../../arm-none-eabi/lib/thumb/v7e-m/nofp/libg.a(libc_a-reallocr.o)
                0x0801dd40                _realloc_r
 .text          0x0801e084       0x2c /usr/lib/gcc/arm-none-eabi/13.2.1/../../../arm-none-eabi/lib/thumb/v7e-m/nofp/libg.a(libc_a-writer.o)
                0x0801e084                _write_r
 .text          0x0801e0b0       0x24 /usr/lib/gcc/arm-none-eabi/13.2.1/../../../arm-none-eabi/lib/thumb/v7e-m/nofp/libg.a(libc_a-closer.o)
                0x0801e0b0                _close_r
 .text          0x0801e0d4       0x20 /usr/lib/gcc/arm-none-eabi/13.2.1/../../../arm-none-eabi/lib/thumb/v7e-m/nofp/libg.a(libc_a-sprint_r.o)
                0x0801e0d4                __sprint_r
 .text          0x0801e0f4       0x4c /usr/lib/gcc/arm-none-eabi/13.2.1/../../../arm-none-eabi/lib/thumb/v7e-m/nofp/libg.a(libc_a-assert.o)
                0x0801e0f4                __assert_func
                0x0801e134                __assert
 .text          0x0801e140      0xa8c /usr/lib/gcc/arm-none-eabi/13.2.1/../../../arm-none-eabi/lib/thumb/v7e-m/nofp/libg.a(libc_a-mprec.o)
                0x0801e140                _Balloc
                0x0801e18c                _Bfree
                0x0801e1a0                __multadd
                0x0801e240                __s2b
                0x0801e2f4                __hi0bits
                0x0801e338                __lo0bits
                0x0801e398                __i2b
                0x0801e3f4                __multiply
                0x0801e560                __pow5mult
                0x0801e614                __lshift
                0x0801e704                __mcmp
                0x0801e744                __mdiff
                0x0801e8bc                __ulp
                0x0801e908                __b2d
                0x0801e9c8                __d2b
                0x0801ea84                __ratio
                0x0801eae0                _mprec_log10
                0x0801eb18                __copybits
                0x0801eb74                __any_on
 .text          0x0801ebcc       0x14 /usr/lib/gcc/arm-none-eabi/13.2.1/../../../arm-none-eabi/lib/thumb/v7e-m/nofp/libg.a(libc_a-localeconv.o)
                0x0801ebcc                __localeconv_l
                0x0801ebd0                _localeconv_r
                0x0801ebd8                localeconv
 .text          0x0801ebe0      0x13c /usr/lib/gcc/arm-none-eabi/13.2.1/../../../arm-none-eabi/lib/thumb/v7e-m/nofp/libg.a(libc_a-makebuf.o)
                0x0801ebe0                __smakebuf_r
                0x0801ecbc                __swhatbuf_r
 .text          0x0801ed1c       0x40 /usr/lib/gcc/arm-none-eabi/13.2.1/../../../arm-none-eabi/lib/thumb/v7e-m/nofp/libg.a(libc_a-mbtowc_r.o)
                0x0801ed1c                _mbtowc_r
                0x0801ed30                __ascii_mbtowc
 .text          0x0801ed5c       0x10 /usr/lib/gcc/arm-none-eabi/13.2.1/../../../arm-none-eabi/lib/thumb/v7e-m/nofp/libg.a(libc_a-abort.o)
                0x0801ed5c                abort
 .text          0x0801ed6c       0x6c /usr/lib/gcc/arm-none-eabi/13.2.1/../../../arm-none-eabi/lib/thumb/v7e-m/nofp/libg.a(libc_a-callocr.o)
                0x0801ed6c                _calloc_r
 .text          0x0801edd8       0x2c /usr/lib/gcc/arm-none-eabi/13.2.1/../../../arm-none-eabi/lib/thumb/v7e-m/nofp/libg.a(libc_a-readr.o)
                0x0801edd8                _read_r
 .text          0x0801ee04       0x44 /usr/lib/gcc/arm-none-eabi/13.2.1/../../../arm-none-eabi/lib/thumb/v7e-m/nofp/libg.a(libc_a-fiprintf.o)
                0x0801ee04                _fiprintf_r
                0x0801ee20                fiprintf
 .text          0x0801ee48       0x30 /usr/lib/gcc/arm-none-eabi/13.2.1/../../../arm-none-eabi/lib/thumb/v7e-m/nofp/libg.a(libc_a-wctomb_r.o)
                0x0801ee48                _wctomb_r
                0x0801ee5c                __ascii_wctomb
 .text          0x0801ee78       0x2c /usr/lib/gcc/arm-none-eabi/13.2.1/../../../arm-none-eabi/lib/thumb/v7e-m/nofp/libg.a(libc_a-lseekr.o)
                0x0801ee78                _lseek_r
 .text          0x0801eea4       0x2c /usr/lib/gcc/arm-none-eabi/13.2.1/../../../arm-none-eabi/lib/thumb/v7e-m/nofp/libg.a(libc_a-fstatr.o)
                0x0801eea4                _fstat_r
 .text          0x0801eed0       0x24 /usr/lib/gcc/arm-none-eabi/13.2.1/../../../arm-none-eabi/lib/thumb/v7e-m/nofp/libg.a(libc_a-isattyr.o)
                0x0801eed0                _isatty_r
 .text          0x0801eef4      0x280 /usr/lib/gcc/arm-none-eabi/13.2.1/../../../arm-none-eabi/lib/thumb/v7e-m/nofp/libg.a(libc_a-signal.o)
                0x0801eef4                _init_signal_r
                0x0801ef24                _signal_r
                0x0801ef74                _raise_r
                0x0801efc8                __sigtramp_r
                0x0801f02c                raise
                0x0801f084                signal
                0x0801f0d4                _init_signal
                0x0801f10c                __sigtramp
 .text          0x0801f174       0x30 /usr/lib/gcc/arm-none-eabi/13.2.1/../../../arm-none-eabi/lib/thumb/v7e-m/nofp/libg.a(libc_a-signalr.o)
                0x0801f174                _kill_r
                0x0801f1a0                _getpid_r
 .text          0x0801f1a4      0xb40 /usr/lib/gcc/arm-none-eabi/13.2.1/../../../arm-none-eabi/lib/thumb/v7e-m/nofp/libg.a(libc_a-vfiprintf.o)
                0x0801f1a4                _vfiprintf_r
                0x0801fc60                vfiprintf
 .text          0x0801fce4      0x378 /usr/lib/gcc/arm-none-eabi/13.2.1/thumb/v7e-m/nofp/libgcc.a(_arm_addsubdf3.o)
                0x0801fce4                __aeabi_drsub
                0x0801fcec                __aeabi_dsub
                0x0801fcec                __subdf3
                0x0801fcf0                __adddf3
                0x0801fcf0                __aeabi_dadd
                0x0801ff68                __aeabi_ui2d
                0x0801ff68                __floatunsidf
                0x0801ff88                __floatsidf
                0x0801ff88                __aeabi_i2d
                0x0801ffac                __extendsfdf2
                0x0801ffac                __aeabi_f2d
                0x0801fff0                __aeabi_ul2d
                0x0801fff0                __floatundidf
                0x08020000                __floatdidf
                0x08020000                __aeabi_l2d
 .text          0x0802005c      0x424 /usr/lib/gcc/arm-none-eabi/13.2.1/thumb/v7e-m/nofp/libgcc.a(_arm_muldivdf3.o)
                0x0802005c                __aeabi_dmul
                0x0802005c                __muldf3
                0x080202b0                __aeabi_ddiv
                0x080202b0                __divdf3
 .text          0x08020480      0x110 /usr/lib/gcc/arm-none-eabi/13.2.1/thumb/v7e-m/nofp/libgcc.a(_arm_cmpdf2.o)
                0x08020480                __gtdf2
                0x08020480                __gedf2
                0x08020488                __ltdf2
                0x08020488                __ledf2
                0x08020490                __cmpdf2
                0x08020490                __eqdf2
                0x08020490                __nedf2
                0x0802050c                __aeabi_cdrcmple
                0x0802051c                __aeabi_cdcmple
                0x0802051c                __aeabi_cdcmpeq
                0x0802052c                __aeabi_dcmpeq
                0x08020540                __aeabi_dcmplt
                0x08020554                __aeabi_dcmple
                0x08020568                __aeabi_dcmpge
                0x0802057c                __aeabi_dcmpgt
 .text          0x08020590       0x2c /usr/lib/gcc/arm-none-eabi/13.2.1/thumb/v7e-m/nofp/libgcc.a(_arm_unorddf2.o)
                0x08020590                __aeabi_dcmpun
                0x08020590                __unorddf2
 .text          0x080205bc       0x50 /usr/lib/gcc/arm-none-eabi/13.2.1/thumb/v7e-m/nofp/libgcc.a(_arm_fixdfsi.o)
                0x080205bc                __fixdfsi
                0x080205bc                __aeabi_d2iz
 *(.text*)
 .text.Reset_Handler
                0x0802060c       0x50 CMakeFiles/ThreatProxy.dir/startup_stm32l475xx.s.o
                0x0802060c                Reset_Handler
 .text.Default_Handler
                0x0802065c        0x2 CMakeFiles/ThreatProxy.dir/startup_stm32l475xx.s.o
                0x0802065c                RTC_Alarm_IRQHandler
                0x0802065c                EXTI2_IRQHandler
                0x0802065c                TIM8_TRG_COM_IRQHandler
                0x0802065c                TIM8_CC_IRQHandler
                0x0802065c                TIM1_CC_IRQHandler
                0x0802065c                TSC_IRQHandler
                0x0802065c                TAMP_STAMP_IRQHandler
                0x0802065c                EXTI3_IRQHandler
                0x0802065c                LPTIM2_IRQHandler
                0x0802065c                DFSDM1_FLT1_IRQHandler
                0x0802065c                I2C3_ER_IRQHandler
                0x0802065c                DFSDM1_FLT2_IRQHandler
                0x0802065c                EXTI0_IRQHandler
                0x0802065c                I2C2_EV_IRQHandler
                0x0802065c                CAN1_RX0_IRQHandler
                0x0802065c                FPU_IRQHandler
                0x0802065c                TIM1_UP_TIM16_IRQHandler
                0x0802065c                ADC1_2_IRQHandler
                0x0802065c                SPI1_IRQHandler
                0x0802065c                TIM6_DAC_IRQHandler
                0x0802065c                TIM8_UP_IRQHandler
                0x0802065c                DMA2_Channel2_IRQHandler
                0x0802065c                DMA1_Channel4_IRQHandler
                0x0802065c                SAI2_IRQHandler
                0x0802065c                DFSDM1_FLT3_IRQHandler
                0x0802065c                USART3_IRQHandler
                0x0802065c                DMA1_Channel7_IRQHandler
                0x0802065c                CAN1_RX1_IRQHandler
                0x0802065c                UART5_IRQHandler
                0x0802065c                ADC3_IRQHandler
                0x0802065c                TIM4_IRQHandler
                0x0802065c                DMA2_Channel1_IRQHandler
                0x0802065c                QUADSPI_IRQHandler
                0x0802065c                I2C1_EV_IRQHandler
                0x0802065c                DMA1_Channel6_IRQHandler
                0x0802065c                UART4_IRQHandler
                0x0802065c                DMA2_Channel4_IRQHandler
                0x0802065c                TIM3_IRQHandler
                0x0802065c                RCC_IRQHandler
                0x0802065c                DMA1_Channel1_IRQHandler
                0x0802065c                Default_Handler
                0x0802065c                DMA2_Channel7_IRQHandler
                0x0802065c                TIM7_IRQHandler
                0x0802065c                SDMMC1_IRQHandler
                0x0802065c                TIM5_IRQHandler
                0x0802065c                I2C3_EV_IRQHandler
                0x0802065c                RTC_WKUP_IRQHandler
                0x0802065c                PVD_PVM_IRQHandler
                0x0802065c                SPI2_IRQHandler
                0x0802065c                CAN1_TX_IRQHandler
                0x0802065c                DMA2_Channel5_IRQHandler
                0x0802065c                DMA1_Channel5_IRQHandler
                0x0802065c                EXTI4_IRQHandler
                0x0802065c                RNG_IRQHandler
                0x0802065c                TIM1_TRG_COM_TIM17_IRQHandler
                0x0802065c                DMA1_Channel3_IRQHandler
                0x0802065c                COMP_IRQHandler
                0x0802065c                WWDG_IRQHandler
                0x0802065c                LPUART1_IRQHandler
                0x0802065c                DMA2_Channel6_IRQHandler
                0x0802065c                TIM2_IRQHandler
                0x0802065c                EXTI1_IRQHandler
                0x0802065c                USART2_IRQHandler
                0x0802065c                DFSDM1_FLT0_IRQHandler
                0x0802065c                I2C2_ER_IRQHandler
                0x0802065c                DMA1_Channel2_IRQHandler
                0x0802065c                TIM8_BRK_IRQHandler
                0x0802065c                CAN1_SCE_IRQHandler
                0x0802065c                FLASH_IRQHandler
                0x0802065c                USART1_IRQHandler
                0x0802065c                OTG_FS_IRQHandler
                0x0802065c                SPI3_IRQHandler
                0x0802065c                I2C1_ER_IRQHandler
                0x0802065c                FMC_IRQHandler
                0x0802065c                SWPMI1_IRQHandler
                0x0802065c                LPTIM1_IRQHandler
                0x0802065c                SAI1_IRQHandler
                0x0802065c                DMA2_Channel3_IRQHandler
                0x0802065c                TIM1_BRK_TIM15_IRQHandler
 *fill*         0x0802065e        0x2 
 .text.startup  0x08020660       0x14 /usr/lib/gcc/arm-none-eabi/13.2.1/../../../arm-none-eabi/lib/thumb/v7e-m/nofp/libg.a(libc_a-__call_atexit.o)
 *(.glue_7)
 .glue_7        0x08020674        0x0 linker stubs
 *(.glue_7t)
 .glue_7t       0x08020674        0x0 linker stubs
 *(.eh_frame)
 .eh_frame      0x08020674        0x0 /usr/lib/gcc/arm-none-eabi/13.2.1/thumb/v7e-m/nofp/crtbegin.o
 *(.init)
 .init          0x08020674        0x4 /usr/lib/gcc/arm-none-eabi/13.2.1/thumb/v7e-m/nofp/crti.o
                0x08020674                _init
 .init          0x08020678        0x8 /usr/lib/gcc/arm-none-eabi/13.2.1/thumb/v7e-m/nofp/crtn.o
 *(.fini)
 .fini          0x08020680        0x4 /usr/lib/gcc/arm-none-eabi/13.2.1/thumb/v7e-m/nofp/crti.o
                0x08020680                _fini
 .fini          0x08020684        0x8 /usr/lib/gcc/arm-none-eabi/13.2.1/thumb/v7e-m/nofp/crtn.o
                0x08020690                        . = ALIGN (0x8)
 *fill*         0x0802068c        0x4 
                0x08020690                        _etext = .

.vfp11_veneer   0x08020690        0x0
 .vfp11_veneer  0x08020690        0x0 linker stubs

.v4_bx          0x08020690        0x0
 .v4_bx         0x08020690        0x0 linker stubs

.iplt           0x08020690        0x0
 .iplt          0x08020690        0x0 /usr/lib/gcc/arm-none-eabi/13.2.1/thumb/v7e-m/nofp/crtbegin.o

.rodata         0x08020690      0x5b8
                0x08020690                        . = ALIGN (0x8)
 *(.rodata)
 .rodata        0x08020690      0x1db CMakeFiles/ThreatProxy.dir/Core/Src/main.c.o
 *fill*         0x0802086b        0x1 
 .rodata        0x0802086c       0x50 cmake/stm32cubemx/CMakeFiles/STM32_Drivers.dir/__/__/Core/Src/system_stm32l4xx.c.o
                0x08020874                AHBPrescTable
                0x08020884                APBPrescTable
                0x0802088c                MSIRangeTable
 .rodata        0x080208bc       0x20 /usr/lib/gcc/arm-none-eabi/13.2.1/../../../arm-none-eabi/lib/thumb/v7e-m/nofp/libg.a(libc_a-vfprintf.o)
 *fill*         0x080208dc        0x4 
 .rodata        0x080208e0      0x128 /usr/lib/gcc/arm-none-eabi/13.2.1/../../../arm-none-eabi/lib/thumb/v7e-m/nofp/libg.a(libc_a-mprec.o)
                0x080208f0                __mprec_tens
                0x080209b8                __mprec_tinytens
                0x080209e0                __mprec_bigtens
 .rodata        0x08020a08      0x101 /usr/lib/gcc/arm-none-eabi/13.2.1/../../../arm-none-eabi/lib/thumb/v7e-m/nofp/libg.a(libc_a-ctype_.o)
                0x08020a08                _ctype_
 *fill*         0x08020b09        0x3 
 .rodata        0x08020b0c       0x20 /usr/lib/gcc/arm-none-eabi/13.2.1/../../../arm-none-eabi/lib/thumb/v7e-m/nofp/libg.a(libc_a-vfiprintf.o)
 *(.rodata*)
 .rodata.str1.4
                0x08020b2c      0x116 /usr/lib/gcc/arm-none-eabi/13.2.1/../../../arm-none-eabi/lib/thumb/v7e-m/nofp/libg.a(libc_a-puts.o)
                                  0x2 (size before relaxing)
 .rodata.str1.4
                0x08020c42       0x42 /usr/lib/gcc/arm-none-eabi/13.2.1/../../../arm-none-eabi/lib/thumb/v7e-m/nofp/libg.a(libc_a-vfprintf.o)
 .rodata.str1.4
                0x08020c42       0x54 /usr/lib/gcc/arm-none-eabi/13.2.1/../../../arm-none-eabi/lib/thumb/v7e-m/nofp/libg.a(libc_a-dtoa.o)
 .rodata.str1.4
                0x08020c42       0x43 /usr/lib/gcc/arm-none-eabi/13.2.1/../../../arm-none-eabi/lib/thumb/v7e-m/nofp/libg.a(libc_a-assert.o)
 .rodata.str1.4
                0x08020c42       0x41 /usr/lib/gcc/arm-none-eabi/13.2.1/../../../arm-none-eabi/lib/thumb/v7e-m/nofp/libg.a(libc_a-mprec.o)
 .rodata.str1.4
                0x08020c42       0x12 /usr/lib/gcc/arm-none-eabi/13.2.1/../../../arm-none-eabi/lib/thumb/v7e-m/nofp/libg.a(libc_a-locale.o)
 .rodata.str1.4
                0x08020c42       0x2f /usr/lib/gcc/arm-none-eabi/13.2.1/../../../arm-none-eabi/lib/thumb/v7e-m/nofp/libg.a(libc_a-vfiprintf.o)
                0x08020c98                        . = ALIGN (0x8)
 *fill*         0x08020c42        0x6 

.ARM.extab      0x08020c48        0x0
                0x08020c48                        . = ALIGN (0x8)
 *(.ARM.extab* .gnu.linkonce.armextab.*)
                0x08020c48                        . = ALIGN (0x8)

.ARM            0x08020c48        0x8
                0x08020c48                        . = ALIGN (0x8)
                0x08020c48                        __exidx_start = .
 *(.ARM.exidx*)
 .ARM.exidx     0x08020c48        0x8 /usr/lib/gcc/arm-none-eabi/13.2.1/thumb/v7e-m/nofp/libgcc.a(_udivmoddi4.o)
 .ARM.exidx     0x08020c50        0x0 /usr/lib/gcc/arm-none-eabi/13.2.1/../../../arm-none-eabi/lib/thumb/v7e-m/nofp/libg.a(libc_a-strlen.o)
                                  0x8 (size before relaxing)
 .ARM.exidx     0x08020c50        0x0 /usr/lib/gcc/arm-none-eabi/13.2.1/../../../arm-none-eabi/lib/thumb/v7e-m/nofp/libg.a(libc_a-memchr.o)
                                  0x8 (size before relaxing)
 .ARM.exidx     0x08020c50        0x0 /usr/lib/gcc/arm-none-eabi/13.2.1/../../../arm-none-eabi/lib/thumb/v7e-m/nofp/libg.a(libc_a-memcpy.o)
                                  0x8 (size before relaxing)
                0x08020c50                        __exidx_end = .
                0x08020c50                        . = ALIGN (0x8)

.preinit_array  0x08020c50        0x0
                0x08020c50                        . = ALIGN (0x8)
                0x08020c50                        PROVIDE (__preinit_array_start = .)
 *(.preinit_array*)
                0x08020c50                        PROVIDE (__preinit_array_end = .)
                0x08020c50                        . = ALIGN (0x8)

.init_array     0x08020c50        0x8
                0x08020c50                        . = ALIGN (0x8)
                0x08020c50                        PROVIDE (__init_array_start = .)
 *(SORT_BY_NAME(.init_array.*))
 .init_array.00000
                0x08020c50        0x4 /usr/lib/gcc/arm-none-eabi/13.2.1/../../../arm-none-eabi/lib/thumb/v7e-m/nofp/libg.a(libc_a-__call_atexit.o)
 *(.init_array*)
 .init_array    0x08020c54        0x4 /usr/lib/gcc/arm-none-eabi/13.2.1/thumb/v7e-m/nofp/crtbegin.o
                0x08020c58                        PROVIDE (__init_array_end = .)
                0x08020c58                        . = ALIGN (0x8)

.fini_array     0x08020c58        0x8
                0x08020c58                        . = ALIGN (0x8)
                0x08020c58                        PROVIDE (__fini_array_start = .)
 *(SORT_BY_NAME(.fini_array.*))
 *(.fini_array*)
 .fini_array    0x08020c58        0x4 /usr/lib/gcc/arm-none-eabi/13.2.1/thumb/v7e-m/nofp/crtbegin.o
                0x08020c5c                        PROVIDE (__fini_array_end = .)
                0x08020c60                        . = ALIGN (0x8)
 *fill*         0x08020c5c        0x4 
                0x08020c60                        _sidata = LOADADDR (.data)

.rel.dyn        0x08020c60        0x0
 .rel.iplt      0x08020c60        0x0 /usr/lib/gcc/arm-none-eabi/13.2.1/thumb/v7e-m/nofp/crtbegin.o

.data           0x20000000      0x6c8 load address 0x08020c60
                0x20000000                        . = ALIGN (0x8)
                0x20000000                        _sdata = .
 *(.data)
 .data          0x20000000        0x4 cmake/stm32cubemx/CMakeFiles/STM32_Drivers.dir/__/__/Core/Src/system_stm32l4xx.c.o
                0x20000000                SystemCoreClock
 .data          0x20000004        0x5 cmake/stm32cubemx/CMakeFiles/STM32_Drivers.dir/__/__/Drivers/STM32L4xx_HAL_Driver/Src/stm32l4xx_hal.c.o
                0x20000004                uwTickPrio
                0x20000008                uwTickFreq
 *fill*         0x20000009        0x7 
 .data          0x20000010      0x128 /usr/lib/gcc/arm-none-eabi/13.2.1/../../../arm-none-eabi/lib/thumb/v7e-m/nofp/libg.a(libc_a-impure.o)
                0x20000010                _impure_ptr
                0x20000018                _impure_data
 .data          0x20000138        0xc /usr/lib/gcc/arm-none-eabi/13.2.1/../../../arm-none-eabi/lib/thumb/v7e-m/nofp/libg.a(libc_a-findfp.o)
                0x20000138                __sglue
 *fill*         0x20000144        0x4 
 .data          0x20000148      0x410 /usr/lib/gcc/arm-none-eabi/13.2.1/../../../arm-none-eabi/lib/thumb/v7e-m/nofp/libg.a(libc_a-mallocr.o)
                0x20000148                __malloc_av_
                0x20000550                __malloc_sbrk_base
                0x20000554                __malloc_trim_threshold
 .data          0x20000558      0x16c /usr/lib/gcc/arm-none-eabi/13.2.1/../../../arm-none-eabi/lib/thumb/v7e-m/nofp/libg.a(libc_a-locale.o)
                0x20000558                __global_locale
 *(.data*)
 *(.RamFunc)
 *(.RamFunc*)
                0x200006c8                        . = ALIGN (0x8)
 *fill*         0x200006c4        0x4 

.tm_clone_table
                0x200006c8        0x0 load address 0x08021328
 .tm_clone_table
                0x200006c8        0x0 /usr/lib/gcc/arm-none-eabi/13.2.1/thumb/v7e-m/nofp/crtbegin.o
 .tm_clone_table
                0x200006c8        0x0 /usr/lib/gcc/arm-none-eabi/13.2.1/thumb/v7e-m/nofp/crtend.o

.igot.plt       0x200006c8        0x0 load address 0x08021328
 .igot.plt      0x200006c8        0x0 /usr/lib/gcc/arm-none-eabi/13.2.1/thumb/v7e-m/nofp/crtbegin.o

.tdata          0x200006c8        0x0 load address 0x08021328
 *(.tdata .tdata.* .gnu.linkonce.td.*)
                0x200006c8                        . = ALIGN (0x4)
                0x200006c8                        _edata = .
                [!provide]                        PROVIDE (__data_end = .)
                [!provide]                        PROVIDE (__tdata_end = .)
                [!provide]                        PROVIDE (__tdata_start = ADDR (.tdata))
                [!provide]                        PROVIDE (__tdata_size = (__tdata_end - __tdata_start))
                [!provide]                        PROVIDE (__data_start = ADDR (.data))
                [!provide]                        PROVIDE (__data_size = (__data_end - __data_start))
                [!provide]                        PROVIDE (__tdata_source = LOADADDR (.tdata))
                [!provide]                        PROVIDE (__tdata_source_end = (LOADADDR (.tdata) + SIZEOF (.tdata)))
                [!provide]                        PROVIDE (__tdata_source_size = (__tdata_source_end - __tdata_source))
                [!provide]                        PROVIDE (__data_source = LOADADDR (.data))
                [!provide]                        PROVIDE (__data_source_end = __tdata_source_end)
                [!provide]                        PROVIDE (__data_source_size = (__data_source_end - __data_source))

.tbss           0x200006c8        0x0 load address 0x08021328
                0x200006c8                        _sbss = .
                0x200006c8                        __bss_start__ = _sbss
 *(.tbss .tbss.*)
                0x200006c8                        . = ALIGN (0x4)
                [!provide]                        PROVIDE (__tbss_end = .)
                [!provide]                        PROVIDE (__tbss_start = ADDR (.tbss))
                [!provide]                        PROVIDE (__tbss_size = (__tbss_end - __tbss_start))
                [!provide]                        PROVIDE (__tbss_offset = (ADDR (.tbss) - ADDR (.tdata)))
                [!provide]                        PROVIDE (__tls_base = __tdata_start)
                [!provide]                        PROVIDE (__tls_end = __tbss_end)
                [!provide]                        PROVIDE (__tls_size = (__tls_end - __tls_base))
                [!provide]                        PROVIDE (__tls_align = MAX (ALIGNOF (.tdata), ALIGNOF (.tbss)))
                [!provide]                        PROVIDE (__tls_size_align = (((__tls_size + __tls_align) - 0x1) & ~ ((__tls_align - 0x1))))
                [!provide]                        PROVIDE (__arm32_tls_tcb_offset = MAX (0x8, __tls_align))
                [!provide]                        PROVIDE (__arm64_tls_tcb_offset = MAX (0x10, __tls_align))

.bss            0x200006c8      0xa7c load address 0x08021328
 *(.bss)
 .bss           0x200006c8       0x1c /usr/lib/gcc/arm-none-eabi/13.2.1/thumb/v7e-m/nofp/crtbegin.o
 .bss           0x200006e4      0x728 CMakeFiles/ThreatProxy.dir/Core/Src/main.c.o
                0x200006e4                hdfsdm1_channel1
                0x2000071c                hi2c2
                0x20000770                hqspi
                0x200007b4                hspi3
                0x20000818                huart1
                0x200008a0                huart3
                0x20000928                hpcd_USB_OTG_FS
 .bss           0x20000e0c        0x4 CMakeFiles/ThreatProxy.dir/Core/Src/stm32l4xx_hal_msp.c.o
 .bss           0x20000e10        0x4 CMakeFiles/ThreatProxy.dir/Core/Src/sysmem.c.o
 .bss           0x20000e14       0x24 cmake/stm32cubemx/CMakeFiles/STM32_Drivers.dir/__/__/Drivers/STM32L4xx_HAL_Driver/Src/stm32l4xx_hal_dfsdm.c.o
 .bss           0x20000e38        0x4 cmake/stm32cubemx/CMakeFiles/STM32_Drivers.dir/__/__/Drivers/STM32L4xx_HAL_Driver/Src/stm32l4xx_hal.c.o
                0x20000e38                uwTick
 .bss           0x20000e3c      0x13c /usr/lib/gcc/arm-none-eabi/13.2.1/../../../arm-none-eabi/lib/thumb/v7e-m/nofp/libg.a(libc_a-findfp.o)
                0x20000e3c                __sf
                0x20000f74                __stdio_exit_handler
 .bss           0x20000f78       0x34 /usr/lib/gcc/arm-none-eabi/13.2.1/../../../arm-none-eabi/lib/thumb/v7e-m/nofp/libg.a(libc_a-mallocr.o)
                0x20000f78                __malloc_top_pad
                0x20000f7c                __malloc_current_mallinfo
                0x20000fa4                __malloc_max_sbrked_mem
                0x20000fa8                __malloc_max_total_mem
 .bss           0x20000fac        0x4 /usr/lib/gcc/arm-none-eabi/13.2.1/../../../arm-none-eabi/lib/thumb/v7e-m/nofp/libg.a(libc_a-__call_atexit.o)
                0x20000fac                __atexit
 .bss           0x20000fb0        0x4 /usr/lib/gcc/arm-none-eabi/13.2.1/../../../arm-none-eabi/lib/thumb/v7e-m/nofp/libg.a(libc_a-reent.o)
                0x20000fb0                errno
 .bss           0x20000fb4      0x190 /usr/lib/gcc/arm-none-eabi/13.2.1/../../../arm-none-eabi/lib/thumb/v7e-m/nofp/libg.a(libc_a-__atexit.o)
                0x20000fb4                __atexit0
 *(.bss*)
 *(COMMON)
                0x20001144                        . = ALIGN (0x4)
                0x20001144                        _ebss = .
                0x20001144                        __bss_end__ = _ebss
                [!provide]                        PROVIDE (__bss_end = .)
                [!provide]                        PROVIDE (__non_tls_bss_start = ADDR (.bss))
                [!provide]                        PROVIDE (__bss_start = __tbss_start)
                [!provide]                        PROVIDE (__bss_size = (__bss_end - __bss_start))

._user_heap_stack
                0x20001144      0x604 load address 0x08021328
                0x20001148                        . = ALIGN (0x8)
 *fill*         0x20001144        0x4 
                [!provide]                        PROVIDE (end = .)
                0x20001148                        PROVIDE (_end = .)
                0x20001348                        . = (. + _Min_Heap_Size)
 *fill*         0x20001148      0x200 
                0x20001748                        . = (. + _Min_Stack_Size)
 *fill*         0x20001348      0x400 
                0x20001748                        . = ALIGN (0x8)

/DISCARD/
 libc.a:*(*)
 libm.a:*(*)
 libgcc.a:*(*)
OUTPUT(ThreatProxy elf32-littlearm)
LOAD linker stubs

.ARM.attributes
                0x00000000       0x2a
 .ARM.attributes
                0x00000000       0x1e /usr/lib/gcc/arm-none-eabi/13.2.1/thumb/v7e-m/nofp/crti.o
 .ARM.attributes
                0x0000001e       0x2e /usr/lib/gcc/arm-none-eabi/13.2.1/thumb/v7e-m/nofp/crtbegin.o
 .ARM.attributes
                0x0000004c       0x2e CMakeFiles/ThreatProxy.dir/Core/Src/main.c.o
 .ARM.attributes
                0x0000007a       0x2e CMakeFiles/ThreatProxy.dir/Core/Src/stm32l4xx_it.c.o
 .ARM.attributes
                0x000000a8       0x2e CMakeFiles/ThreatProxy.dir/Core/Src/stm32l4xx_hal_msp.c.o
 .ARM.attributes
                0x000000d6       0x2e CMakeFiles/ThreatProxy.dir/Core/Src/sysmem.c.o
 .ARM.attributes
                0x00000104       0x2e CMakeFiles/ThreatProxy.dir/Core/Src/syscalls.c.o
 .ARM.attributes
                0x00000132       0x21 CMakeFiles/ThreatProxy.dir/startup_stm32l475xx.s.o
 .ARM.attributes
                0x00000153       0x2e cmake/stm32cubemx/CMakeFiles/STM32_Drivers.dir/__/__/Core/Src/system_stm32l4xx.c.o
 .ARM.attributes
                0x00000181       0x2e cmake/stm32cubemx/CMakeFiles/STM32_Drivers.dir/__/__/Drivers/STM32L4xx_HAL_Driver/Src/stm32l4xx_hal_dfsdm.c.o
 .ARM.attributes
                0x000001af       0x2e cmake/stm32cubemx/CMakeFiles/STM32_Drivers.dir/__/__/Drivers/STM32L4xx_HAL_Driver/Src/stm32l4xx_hal.c.o
 .ARM.attributes
                0x000001dd       0x2e cmake/stm32cubemx/CMakeFiles/STM32_Drivers.dir/__/__/Drivers/STM32L4xx_HAL_Driver/Src/stm32l4xx_hal_rcc.c.o
 .ARM.attributes
                0x0000020b       0x2e cmake/stm32cubemx/CMakeFiles/STM32_Drivers.dir/__/__/Drivers/STM32L4xx_HAL_Driver/Src/stm32l4xx_hal_rcc_ex.c.o
 .ARM.attributes
                0x00000239       0x2e cmake/stm32cubemx/CMakeFiles/STM32_Drivers.dir/__/__/Drivers/STM32L4xx_HAL_Driver/Src/stm32l4xx_hal_gpio.c.o
 .ARM.attributes
                0x00000267       0x2e cmake/stm32cubemx/CMakeFiles/STM32_Drivers.dir/__/__/Drivers/STM32L4xx_HAL_Driver/Src/stm32l4xx_hal_i2c.c.o
 .ARM.attributes
                0x00000295       0x2e cmake/stm32cubemx/CMakeFiles/STM32_Drivers.dir/__/__/Drivers/STM32L4xx_HAL_Driver/Src/stm32l4xx_hal_i2c_ex.c.o
 .ARM.attributes
                0x000002c3       0x2e cmake/stm32cubemx/CMakeFiles/STM32_Drivers.dir/__/__/Drivers/STM32L4xx_HAL_Driver/Src/stm32l4xx_hal_dma.c.o
 .ARM.attributes
                0x000002f1       0x2e cmake/stm32cubemx/CMakeFiles/STM32_Drivers.dir/__/__/Drivers/STM32L4xx_HAL_Driver/Src/stm32l4xx_hal_pwr.c.o
 .ARM.attributes
                0x0000031f       0x2e cmake/stm32cubemx/CMakeFiles/STM32_Drivers.dir/__/__/Drivers/STM32L4xx_HAL_Driver/Src/stm32l4xx_hal_pwr_ex.c.o
 .ARM.attributes
                0x0000034d       0x2e cmake/stm32cubemx/CMakeFiles/STM32_Drivers.dir/__/__/Drivers/STM32L4xx_HAL_Driver/Src/stm32l4xx_hal_cortex.c.o
 .ARM.attributes
                0x0000037b       0x2e cmake/stm32cubemx/CMakeFiles/STM32_Drivers.dir/__/__/Drivers/STM32L4xx_HAL_Driver/Src/stm32l4xx_hal_qspi.c.o
 .ARM.attributes
                0x000003a9       0x2e cmake/stm32cubemx/CMakeFiles/STM32_Drivers.dir/__/__/Drivers/STM32L4xx_HAL_Driver/Src/stm32l4xx_hal_spi.c.o
 .ARM.attributes
                0x000003d7       0x2e cmake/stm32cubemx/CMakeFiles/STM32_Drivers.dir/__/__/Drivers/STM32L4xx_HAL_Driver/Src/stm32l4xx_hal_uart.c.o
 .ARM.attributes
                0x00000405       0x2e cmake/stm32cubemx/CMakeFiles/STM32_Drivers.dir/__/__/Drivers/STM32L4xx_HAL_Driver/Src/stm32l4xx_hal_uart_ex.c.o
 .ARM.attributes
                0x00000433       0x2e cmake/stm32cubemx/CMakeFiles/STM32_Drivers.dir/__/__/Drivers/STM32L4xx_HAL_Driver/Src/stm32l4xx_hal_pcd.c.o
 .ARM.attributes
                0x00000461       0x2e cmake/stm32cubemx/CMakeFiles/STM32_Drivers.dir/__/__/Drivers/STM32L4xx_HAL_Driver/Src/stm32l4xx_hal_pcd_ex.c.o
 .ARM.attributes
                0x0000048f       0x2e cmake/stm32cubemx/CMakeFiles/STM32_Drivers.dir/__/__/Drivers/STM32L4xx_HAL_Driver/Src/stm32l4xx_ll_usb.c.o
 .ARM.attributes
                0x000004bd       0x1e /usr/lib/gcc/arm-none-eabi/13.2.1/thumb/v7e-m/nofp/libgcc.a(_aeabi_uldivmod.o)
 .ARM.attributes
                0x000004db       0x2e /usr/lib/gcc/arm-none-eabi/13.2.1/thumb/v7e-m/nofp/libgcc.a(_udivmoddi4.o)
 .ARM.attributes
                0x00000509       0x1e /usr/lib/gcc/arm-none-eabi/13.2.1/thumb/v7e-m/nofp/libgcc.a(_dvmd_tls.o)
 .ARM.attributes
                0x00000527       0x2e /usr/lib/gcc/arm-none-eabi/13.2.1/../../../arm-none-eabi/lib/thumb/v7e-m/nofp/libg.a(libc_a-memset.o)
 .ARM.attributes
                0x00000555       0x2e /usr/lib/gcc/arm-none-eabi/13.2.1/../../../arm-none-eabi/lib/thumb/v7e-m/nofp/libg.a(libc_a-fflush.o)
 .ARM.attributes
                0x00000583       0x2e /usr/lib/gcc/arm-none-eabi/13.2.1/../../../arm-none-eabi/lib/thumb/v7e-m/nofp/libg.a(libc_a-errno.o)
 .ARM.attributes
                0x000005b1       0x2e /usr/lib/gcc/arm-none-eabi/13.2.1/../../../arm-none-eabi/lib/thumb/v7e-m/nofp/libg.a(libc_a-impure.o)
 .ARM.attributes
                0x000005df       0x2e /usr/lib/gcc/arm-none-eabi/13.2.1/../../../arm-none-eabi/lib/thumb/v7e-m/nofp/libg.a(libc_a-putchar.o)
 .ARM.attributes
                0x0000060d       0x2e /usr/lib/gcc/arm-none-eabi/13.2.1/../../../arm-none-eabi/lib/thumb/v7e-m/nofp/libg.a(libc_a-freer.o)
 .ARM.attributes
                0x0000063b       0x2e /usr/lib/gcc/arm-none-eabi/13.2.1/../../../arm-none-eabi/lib/thumb/v7e-m/nofp/libg.a(libc_a-putc.o)
 .ARM.attributes
                0x00000669       0x2e /usr/lib/gcc/arm-none-eabi/13.2.1/../../../arm-none-eabi/lib/thumb/v7e-m/nofp/libg.a(libc_a-sysconf.o)
 .ARM.attributes
                0x00000697       0x2e /usr/lib/gcc/arm-none-eabi/13.2.1/../../../arm-none-eabi/lib/thumb/v7e-m/nofp/libg.a(libc_a-init.o)
 .ARM.attributes
                0x000006c5       0x2e /usr/lib/gcc/arm-none-eabi/13.2.1/../../../arm-none-eabi/lib/thumb/v7e-m/nofp/libg.a(libc_a-wbuf.o)
 .ARM.attributes
                0x000006f3       0x2e /usr/lib/gcc/arm-none-eabi/13.2.1/../../../arm-none-eabi/lib/thumb/v7e-m/nofp/libg.a(libc_a-mlock.o)
 .ARM.attributes
                0x00000721       0x2e /usr/lib/gcc/arm-none-eabi/13.2.1/../../../arm-none-eabi/lib/thumb/v7e-m/nofp/libg.a(libc_a-findfp.o)
 .ARM.attributes
                0x0000074f       0x2e /usr/lib/gcc/arm-none-eabi/13.2.1/../../../arm-none-eabi/lib/thumb/v7e-m/nofp/libg.a(libc_a-puts.o)
 .ARM.attributes
                0x0000077d       0x2e /usr/lib/gcc/arm-none-eabi/13.2.1/../../../arm-none-eabi/lib/thumb/v7e-m/nofp/libg.a(libc_a-fvwrite.o)
 .ARM.attributes
                0x000007ab       0x2e /usr/lib/gcc/arm-none-eabi/13.2.1/../../../arm-none-eabi/lib/thumb/v7e-m/nofp/libg.a(libc_a-atexit.o)
 .ARM.attributes
                0x000007d9       0x2e /usr/lib/gcc/arm-none-eabi/13.2.1/../../../arm-none-eabi/lib/thumb/v7e-m/nofp/libg.a(libc_a-printf.o)
 .ARM.attributes
                0x00000807       0x2e /usr/lib/gcc/arm-none-eabi/13.2.1/../../../arm-none-eabi/lib/thumb/v7e-m/nofp/libg.a(libc_a-sbrkr.o)
 .ARM.attributes
                0x00000835       0x2e /usr/lib/gcc/arm-none-eabi/13.2.1/../../../arm-none-eabi/lib/thumb/v7e-m/nofp/libg.a(libc_a-fini.o)
 .ARM.attributes
                0x00000863       0x1c /usr/lib/gcc/arm-none-eabi/13.2.1/../../../arm-none-eabi/lib/thumb/v7e-m/nofp/libg.a(libc_a-strlen.o)
 .ARM.attributes
                0x0000087f       0x2e /usr/lib/gcc/arm-none-eabi/13.2.1/../../../arm-none-eabi/lib/thumb/v7e-m/nofp/libg.a(libc_a-fwalk.o)
 .ARM.attributes
                0x000008ad       0x2e /usr/lib/gcc/arm-none-eabi/13.2.1/../../../arm-none-eabi/lib/thumb/v7e-m/nofp/libg.a(libc_a-vfprintf.o)
 .ARM.attributes
                0x000008db       0x1c /usr/lib/gcc/arm-none-eabi/13.2.1/../../../arm-none-eabi/lib/thumb/v7e-m/nofp/libg.a(libc_a-memchr.o)
 .ARM.attributes
                0x000008f7       0x2e /usr/lib/gcc/arm-none-eabi/13.2.1/../../../arm-none-eabi/lib/thumb/v7e-m/nofp/libg.a(libc_a-memmove.o)
 .ARM.attributes
                0x00000925       0x2e /usr/lib/gcc/arm-none-eabi/13.2.1/../../../arm-none-eabi/lib/thumb/v7e-m/nofp/libg.a(libc_a-mallocr.o)
 .ARM.attributes
                0x00000953       0x2e /usr/lib/gcc/arm-none-eabi/13.2.1/../../../arm-none-eabi/lib/thumb/v7e-m/nofp/libg.a(libc_a-dtoa.o)
 .ARM.attributes
                0x00000981       0x2e /usr/lib/gcc/arm-none-eabi/13.2.1/../../../arm-none-eabi/lib/thumb/v7e-m/nofp/libg.a(libc_a-wsetup.o)
 .ARM.attributes
                0x000009af       0x2e /usr/lib/gcc/arm-none-eabi/13.2.1/../../../arm-none-eabi/lib/thumb/v7e-m/nofp/libg.a(libc_a-fclose.o)
 .ARM.attributes
                0x000009dd       0x2e /usr/lib/gcc/arm-none-eabi/13.2.1/../../../arm-none-eabi/lib/thumb/v7e-m/nofp/libg.a(libc_a-__call_atexit.o)
 .ARM.attributes
                0x00000a0b       0x1c /usr/lib/gcc/arm-none-eabi/13.2.1/../../../arm-none-eabi/lib/thumb/v7e-m/nofp/libg.a(libc_a-memcpy.o)
 .ARM.attributes
                0x00000a27       0x2e /usr/lib/gcc/arm-none-eabi/13.2.1/../../../arm-none-eabi/lib/thumb/v7e-m/nofp/libg.a(libc_a-stdio.o)
 .ARM.attributes
                0x00000a55       0x2e /usr/lib/gcc/arm-none-eabi/13.2.1/../../../arm-none-eabi/lib/thumb/v7e-m/nofp/libg.a(libc_a-reent.o)
 .ARM.attributes
                0x00000a83       0x2e /usr/lib/gcc/arm-none-eabi/13.2.1/../../../arm-none-eabi/lib/thumb/v7e-m/nofp/libg.a(libc_a-__atexit.o)
 .ARM.attributes
                0x00000ab1       0x2e /usr/lib/gcc/arm-none-eabi/13.2.1/../../../arm-none-eabi/lib/thumb/v7e-m/nofp/libg.a(libc_a-reallocr.o)
 .ARM.attributes
                0x00000adf       0x2e /usr/lib/gcc/arm-none-eabi/13.2.1/../../../arm-none-eabi/lib/thumb/v7e-m/nofp/libg.a(libc_a-writer.o)
 .ARM.attributes
                0x00000b0d       0x2e /usr/lib/gcc/arm-none-eabi/13.2.1/../../../arm-none-eabi/lib/thumb/v7e-m/nofp/libg.a(libc_a-closer.o)
 .ARM.attributes
                0x00000b3b       0x2e /usr/lib/gcc/arm-none-eabi/13.2.1/../../../arm-none-eabi/lib/thumb/v7e-m/nofp/libg.a(libc_a-sprint_r.o)
 .ARM.attributes
                0x00000b69       0x2e /usr/lib/gcc/arm-none-eabi/13.2.1/../../../arm-none-eabi/lib/thumb/v7e-m/nofp/libg.a(libc_a-assert.o)
 .ARM.attributes
                0x00000b97       0x2e /usr/lib/gcc/arm-none-eabi/13.2.1/../../../arm-none-eabi/lib/thumb/v7e-m/nofp/libg.a(libc_a-mprec.o)
 .ARM.attributes
                0x00000bc5       0x2e /usr/lib/gcc/arm-none-eabi/13.2.1/../../../arm-none-eabi/lib/thumb/v7e-m/nofp/libg.a(libc_a-localeconv.o)
 .ARM.attributes
                0x00000bf3       0x2e /usr/lib/gcc/arm-none-eabi/13.2.1/../../../arm-none-eabi/lib/thumb/v7e-m/nofp/libg.a(libc_a-makebuf.o)
 .ARM.attributes
                0x00000c21       0x2e /usr/lib/gcc/arm-none-eabi/13.2.1/../../../arm-none-eabi/lib/thumb/v7e-m/nofp/libg.a(libc_a-locale.o)
 .ARM.attributes
                0x00000c4f       0x2e /usr/lib/gcc/arm-none-eabi/13.2.1/../../../arm-none-eabi/lib/thumb/v7e-m/nofp/libg.a(libc_a-mbtowc_r.o)
 .ARM.attributes
                0x00000c7d       0x2e /usr/lib/gcc/arm-none-eabi/13.2.1/../../../arm-none-eabi/lib/thumb/v7e-m/nofp/libg.a(libc_a-abort.o)
 .ARM.attributes
                0x00000cab       0x2e /usr/lib/gcc/arm-none-eabi/13.2.1/../../../arm-none-eabi/lib/thumb/v7e-m/nofp/libg.a(libc_a-callocr.o)
 .ARM.attributes
                0x00000cd9       0x2e /usr/lib/gcc/arm-none-eabi/13.2.1/../../../arm-none-eabi/lib/thumb/v7e-m/nofp/libg.a(libc_a-readr.o)
 .ARM.attributes
                0x00000d07       0x2e /usr/lib/gcc/arm-none-eabi/13.2.1/../../../arm-none-eabi/lib/thumb/v7e-m/nofp/libg.a(libc_a-fiprintf.o)
 .ARM.attributes
                0x00000d35       0x2e /usr/lib/gcc/arm-none-eabi/13.2.1/../../../arm-none-eabi/lib/thumb/v7e-m/nofp/libg.a(libc_a-wctomb_r.o)
 .ARM.attributes
                0x00000d63       0x2e /usr/lib/gcc/arm-none-eabi/13.2.1/../../../arm-none-eabi/lib/thumb/v7e-m/nofp/libg.a(libc_a-lseekr.o)
 .ARM.attributes
                0x00000d91       0x2e /usr/lib/gcc/arm-none-eabi/13.2.1/../../../arm-none-eabi/lib/thumb/v7e-m/nofp/libg.a(libc_a-fstatr.o)
 .ARM.attributes
                0x00000dbf       0x2e /usr/lib/gcc/arm-none-eabi/13.2.1/../../../arm-none-eabi/lib/thumb/v7e-m/nofp/libg.a(libc_a-isattyr.o)
 .ARM.attributes
                0x00000ded       0x2e /usr/lib/gcc/arm-none-eabi/13.2.1/../../../arm-none-eabi/lib/thumb/v7e-m/nofp/libg.a(libc_a-ctype_.o)
 .ARM.attributes
                0x00000e1b       0x2e /usr/lib/gcc/arm-none-eabi/13.2.1/../../../arm-none-eabi/lib/thumb/v7e-m/nofp/libg.a(libc_a-signal.o)
 .ARM.attributes
                0x00000e49       0x2e /usr/lib/gcc/arm-none-eabi/13.2.1/../../../arm-none-eabi/lib/thumb/v7e-m/nofp/libg.a(libc_a-signalr.o)
 .ARM.attributes
                0x00000e77       0x2e /usr/lib/gcc/arm-none-eabi/13.2.1/../../../arm-none-eabi/lib/thumb/v7e-m/nofp/libg.a(libc_a-vfiprintf.o)
 .ARM.attributes
                0x00000ea5       0x1e /usr/lib/gcc/arm-none-eabi/13.2.1/thumb/v7e-m/nofp/libgcc.a(_arm_addsubdf3.o)
 .ARM.attributes
                0x00000ec3       0x1e /usr/lib/gcc/arm-none-eabi/13.2.1/thumb/v7e-m/nofp/libgcc.a(_arm_muldivdf3.o)
 .ARM.attributes
                0x00000ee1       0x1e /usr/lib/gcc/arm-none-eabi/13.2.1/thumb/v7e-m/nofp/libgcc.a(_arm_cmpdf2.o)
 .ARM.attributes
                0x00000eff       0x1e /usr/lib/gcc/arm-none-eabi/13.2.1/thumb/v7e-m/nofp/libgcc.a(_arm_unorddf2.o)
 .ARM.attributes
                0x00000f1d       0x1e /usr/lib/gcc/arm-none-eabi/13.2.1/thumb/v7e-m/nofp/libgcc.a(_arm_fixdfsi.o)
 .ARM.attributes
                0x00000f3b       0x2e /usr/lib/gcc/arm-none-eabi/13.2.1/thumb/v7e-m/nofp/crtend.o
 .ARM.attributes
                0x00000f69       0x1e /usr/lib/gcc/arm-none-eabi/13.2.1/thumb/v7e-m/nofp/crtn.o

.comment        0x00000000       0x26
 .comment       0x00000000       0x26 /usr/lib/gcc/arm-none-eabi/13.2.1/thumb/v7e-m/nofp/crtbegin.o
                                 0x27 (size before relaxing)
 .comment       0x00000026       0x27 CMakeFiles/ThreatProxy.dir/Core/Src/main.c.o
 .comment       0x00000026       0x27 CMakeFiles/ThreatProxy.dir/Core/Src/stm32l4xx_it.c.o
 .comment       0x00000026       0x27 CMakeFiles/ThreatProxy.dir/Core/Src/stm32l4xx_hal_msp.c.o
 .comment       0x00000026       0x27 CMakeFiles/ThreatProxy.dir/Core/Src/sysmem.c.o
 .comment       0x00000026       0x27 CMakeFiles/ThreatProxy.dir/Core/Src/syscalls.c.o
 .comment       0x00000026       0x27 cmake/stm32cubemx/CMakeFiles/STM32_Drivers.dir/__/__/Core/Src/system_stm32l4xx.c.o
 .comment       0x00000026       0x27 cmake/stm32cubemx/CMakeFiles/STM32_Drivers.dir/__/__/Drivers/STM32L4xx_HAL_Driver/Src/stm32l4xx_hal_dfsdm.c.o
 .comment       0x00000026       0x27 cmake/stm32cubemx/CMakeFiles/STM32_Drivers.dir/__/__/Drivers/STM32L4xx_HAL_Driver/Src/stm32l4xx_hal.c.o
 .comment       0x00000026       0x27 cmake/stm32cubemx/CMakeFiles/STM32_Drivers.dir/__/__/Drivers/STM32L4xx_HAL_Driver/Src/stm32l4xx_hal_rcc.c.o
 .comment       0x00000026       0x27 cmake/stm32cubemx/CMakeFiles/STM32_Drivers.dir/__/__/Drivers/STM32L4xx_HAL_Driver/Src/stm32l4xx_hal_rcc_ex.c.o
 .comment       0x00000026       0x27 cmake/stm32cubemx/CMakeFiles/STM32_Drivers.dir/__/__/Drivers/STM32L4xx_HAL_Driver/Src/stm32l4xx_hal_gpio.c.o
 .comment       0x00000026       0x27 cmake/stm32cubemx/CMakeFiles/STM32_Drivers.dir/__/__/Drivers/STM32L4xx_HAL_Driver/Src/stm32l4xx_hal_i2c.c.o
 .comment       0x00000026       0x27 cmake/stm32cubemx/CMakeFiles/STM32_Drivers.dir/__/__/Drivers/STM32L4xx_HAL_Driver/Src/stm32l4xx_hal_i2c_ex.c.o
 .comment       0x00000026       0x27 cmake/stm32cubemx/CMakeFiles/STM32_Drivers.dir/__/__/Drivers/STM32L4xx_HAL_Driver/Src/stm32l4xx_hal_dma.c.o
 .comment       0x00000026       0x27 cmake/stm32cubemx/CMakeFiles/STM32_Drivers.dir/__/__/Drivers/STM32L4xx_HAL_Driver/Src/stm32l4xx_hal_pwr.c.o
 .comment       0x00000026       0x27 cmake/stm32cubemx/CMakeFiles/STM32_Drivers.dir/__/__/Drivers/STM32L4xx_HAL_Driver/Src/stm32l4xx_hal_pwr_ex.c.o
 .comment       0x00000026       0x27 cmake/stm32cubemx/CMakeFiles/STM32_Drivers.dir/__/__/Drivers/STM32L4xx_HAL_Driver/Src/stm32l4xx_hal_cortex.c.o
 .comment       0x00000026       0x27 cmake/stm32cubemx/CMakeFiles/STM32_Drivers.dir/__/__/Drivers/STM32L4xx_HAL_Driver/Src/stm32l4xx_hal_qspi.c.o
 .comment       0x00000026       0x27 cmake/stm32cubemx/CMakeFiles/STM32_Drivers.dir/__/__/Drivers/STM32L4xx_HAL_Driver/Src/stm32l4xx_hal_spi.c.o
 .comment       0x00000026       0x27 cmake/stm32cubemx/CMakeFiles/STM32_Drivers.dir/__/__/Drivers/STM32L4xx_HAL_Driver/Src/stm32l4xx_hal_uart.c.o